Archive member included because of file (symbol)

c:/program files (x86)/atmel/studio/7.0/toolchain/arm/arm-gnu-toolchain/bin/../lib/gcc/arm-none-eabi/4.9.3/../../../../arm-none-eabi/lib/cortex-m7\libc.a(lib_a-exit.o)
                              c:/program files (x86)/atmel/studio/7.0/toolchain/arm/arm-gnu-toolchain/bin/../lib/gcc/arm-none-eabi/4.9.3/../../../../arm-none-eabi/lib/cortex-m7/crt0.o (exit)
c:/program files (x86)/atmel/studio/7.0/toolchain/arm/arm-gnu-toolchain/bin/../lib/gcc/arm-none-eabi/4.9.3/../../../../arm-none-eabi/lib/cortex-m7\libc.a(lib_a-impure.o)
                              c:/program files (x86)/atmel/studio/7.0/toolchain/arm/arm-gnu-toolchain/bin/../lib/gcc/arm-none-eabi/4.9.3/../../../../arm-none-eabi/lib/cortex-m7\libc.a(lib_a-exit.o) (_global_impure_ptr)
c:/program files (x86)/atmel/studio/7.0/toolchain/arm/arm-gnu-toolchain/bin/../lib/gcc/arm-none-eabi/4.9.3/../../../../arm-none-eabi/lib/cortex-m7\libc.a(lib_a-init.o)
                              c:/program files (x86)/atmel/studio/7.0/toolchain/arm/arm-gnu-toolchain/bin/../lib/gcc/arm-none-eabi/4.9.3/../../../../arm-none-eabi/lib/cortex-m7/crt0.o (__libc_init_array)
c:/program files (x86)/atmel/studio/7.0/toolchain/arm/arm-gnu-toolchain/bin/../lib/gcc/arm-none-eabi/4.9.3/../../../../arm-none-eabi/lib/cortex-m7\libc.a(lib_a-iprintf.o)
                              src/ASF/sam/utils/syscalls/gcc/syscalls.o (iprintf)
c:/program files (x86)/atmel/studio/7.0/toolchain/arm/arm-gnu-toolchain/bin/../lib/gcc/arm-none-eabi/4.9.3/../../../../arm-none-eabi/lib/cortex-m7\libc.a(lib_a-memset.o)
                              c:/program files (x86)/atmel/studio/7.0/toolchain/arm/arm-gnu-toolchain/bin/../lib/gcc/arm-none-eabi/4.9.3/../../../../arm-none-eabi/lib/cortex-m7/crt0.o (memset)
c:/program files (x86)/atmel/studio/7.0/toolchain/arm/arm-gnu-toolchain/bin/../lib/gcc/arm-none-eabi/4.9.3/../../../../arm-none-eabi/lib/cortex-m7\libc.a(lib_a-puts.o)
                              src/usart_rs485_example_canopus.o (puts)
c:/program files (x86)/atmel/studio/7.0/toolchain/arm/arm-gnu-toolchain/bin/../lib/gcc/arm-none-eabi/4.9.3/../../../../arm-none-eabi/lib/cortex-m7\libc.a(lib_a-setbuf.o)
                              src/usart_rs485_example_canopus.o (setbuf)
c:/program files (x86)/atmel/studio/7.0/toolchain/arm/arm-gnu-toolchain/bin/../lib/gcc/arm-none-eabi/4.9.3/../../../../arm-none-eabi/lib/cortex-m7\libc.a(lib_a-setvbuf.o)
                              c:/program files (x86)/atmel/studio/7.0/toolchain/arm/arm-gnu-toolchain/bin/../lib/gcc/arm-none-eabi/4.9.3/../../../../arm-none-eabi/lib/cortex-m7\libc.a(lib_a-setbuf.o) (setvbuf)
c:/program files (x86)/atmel/studio/7.0/toolchain/arm/arm-gnu-toolchain/bin/../lib/gcc/arm-none-eabi/4.9.3/../../../../arm-none-eabi/lib/cortex-m7\libc.a(lib_a-sprintf.o)
                              src/pca9952.o (sprintf)
c:/program files (x86)/atmel/studio/7.0/toolchain/arm/arm-gnu-toolchain/bin/../lib/gcc/arm-none-eabi/4.9.3/../../../../arm-none-eabi/lib/cortex-m7\libc.a(lib_a-strlen.o)
                              src/pca9952.o (strlen)
c:/program files (x86)/atmel/studio/7.0/toolchain/arm/arm-gnu-toolchain/bin/../lib/gcc/arm-none-eabi/4.9.3/../../../../arm-none-eabi/lib/cortex-m7\libc.a(lib_a-svfprintf.o)
                              c:/program files (x86)/atmel/studio/7.0/toolchain/arm/arm-gnu-toolchain/bin/../lib/gcc/arm-none-eabi/4.9.3/../../../../arm-none-eabi/lib/cortex-m7\libc.a(lib_a-sprintf.o) (_svfprintf_r)
c:/program files (x86)/atmel/studio/7.0/toolchain/arm/arm-gnu-toolchain/bin/../lib/gcc/arm-none-eabi/4.9.3/../../../../arm-none-eabi/lib/cortex-m7\libc.a(lib_a-vfiprintf.o)
                              c:/program files (x86)/atmel/studio/7.0/toolchain/arm/arm-gnu-toolchain/bin/../lib/gcc/arm-none-eabi/4.9.3/../../../../arm-none-eabi/lib/cortex-m7\libc.a(lib_a-iprintf.o) (_vfiprintf_r)
c:/program files (x86)/atmel/studio/7.0/toolchain/arm/arm-gnu-toolchain/bin/../lib/gcc/arm-none-eabi/4.9.3/../../../../arm-none-eabi/lib/cortex-m7\libc.a(lib_a-wbuf.o)
                              src/usart_rs485_example_canopus.o (__swbuf_r)
c:/program files (x86)/atmel/studio/7.0/toolchain/arm/arm-gnu-toolchain/bin/../lib/gcc/arm-none-eabi/4.9.3/../../../../arm-none-eabi/lib/cortex-m7\libc.a(lib_a-wsetup.o)
                              c:/program files (x86)/atmel/studio/7.0/toolchain/arm/arm-gnu-toolchain/bin/../lib/gcc/arm-none-eabi/4.9.3/../../../../arm-none-eabi/lib/cortex-m7\libc.a(lib_a-vfiprintf.o) (__swsetup_r)
c:/program files (x86)/atmel/studio/7.0/toolchain/arm/arm-gnu-toolchain/bin/../lib/gcc/arm-none-eabi/4.9.3/../../../../arm-none-eabi/lib/cortex-m7\libc.a(lib_a-__call_atexit.o)
                              c:/program files (x86)/atmel/studio/7.0/toolchain/arm/arm-gnu-toolchain/bin/../lib/gcc/arm-none-eabi/4.9.3/../../../../arm-none-eabi/lib/cortex-m7\libc.a(lib_a-exit.o) (__call_exitprocs)
[...]
Memory Configuration

Name             Origin             Length             Attributes
rom              0x00400000         0x00200000         xr
ram              0x20400000         0x00060000         xrw
*default*        0x00000000         0xffffffff

Linker script and memory map

LOAD c:/program files (x86)/atmel/studio/7.0/toolchain/arm/arm-gnu-toolchain/bin/../lib/gcc/arm-none-eabi/4.9.3/cortex-m7/crti.o
LOAD c:/program files (x86)/atmel/studio/7.0/toolchain/arm/arm-gnu-toolchain/bin/../lib/gcc/arm-none-eabi/4.9.3/cortex-m7/crtbegin.o
LOAD c:/program files (x86)/atmel/studio/7.0/toolchain/arm/arm-gnu-toolchain/bin/../lib/gcc/arm-none-eabi/4.9.3/../../../../arm-none-eabi/lib/cortex-m7/crt0.o
LOAD src/ASF/common/services/clock/same70/sysclk.o
LOAD src/ASF/common/services/serial/usart_serial.o
LOAD src/ASF/common/utils/interrupt/interrupt_sam_nvic.o
LOAD src/ASF/common/utils/stdio/read.o
LOAD src/ASF/common/utils/stdio/write.o
LOAD src/ASF/sam/boards/same70_xplained/init.o
LOAD src/ASF/sam/drivers/mpu/mpu.o
LOAD src/ASF/sam/drivers/pio/pio.o
LOAD src/ASF/sam/drivers/pio/pio_handler.o
LOAD src/ASF/sam/drivers/pmc/pmc.o
LOAD src/ASF/sam/drivers/pmc/sleep.o
LOAD src/ASF/sam/drivers/tc/tc.o
LOAD src/ASF/sam/drivers/twihs/twihs.o
LOAD src/ASF/sam/drivers/uart/uart.o
LOAD src/ASF/sam/drivers/usart/usart.o
LOAD src/ASF/sam/utils/cmsis/same70/source/templates/gcc/startup_same70.o
LOAD src/ASF/sam/utils/cmsis/same70/source/templates/system_same70.o
LOAD src/ASF/sam/utils/syscalls/gcc/syscalls.o
LOAD src/pca9952.o
LOAD src/serial_id_ds2411.o
LOAD src/usart_rs485_example_canopus.o
LOAD src/main.o
START GROUP
LOAD ../src/ASF/thirdparty/CMSIS/Lib/GCC\libarm_cortexM7lfsp_math_softfp.a
LOAD c:/program files (x86)/atmel/studio/7.0/toolchain/arm/arm-gnu-toolchain/bin/../lib/gcc/arm-none-eabi/4.9.3/../../../../arm-none-eabi/lib/cortex-m7\libm.a
END GROUP
START GROUP
LOAD c:/program files (x86)/atmel/studio/7.0/toolchain/arm/arm-gnu-toolchain/bin/../lib/gcc/arm-none-eabi/4.9.3/cortex-m7\libgcc.a
LOAD c:/program files (x86)/atmel/studio/7.0/toolchain/arm/arm-gnu-toolchain/bin/../lib/gcc/arm-none-eabi/4.9.3/../../../../arm-none-eabi/lib/cortex-m7\libc.a
END GROUP
LOAD c:/program files (x86)/atmel/studio/7.0/toolchain/arm/arm-gnu-toolchain/bin/../lib/gcc/arm-none-eabi/4.9.3/cortex-m7/crtend.o
LOAD c:/program files (x86)/atmel/studio/7.0/toolchain/arm/arm-gnu-toolchain/bin/../lib/gcc/arm-none-eabi/4.9.3/cortex-m7/crtn.o
                0x00002000                STACK_SIZE = DEFINED (STACK_SIZE)?STACK_SIZE:0x2000
                0x2045fffc                __ram_end__ = ((ORIGIN (ram) + 0x60000) - 0x4)
                0x00000200                HEAP_SIZE = DEFINED (HEAP_SIZE)?HEAP_SIZE:0x200

.text           0x00400000     0x8cdc
                0x00400000                . = ALIGN (0x4)
                0x00400000                _sfixed = .
 *(.vectors .vectors.*)
 .vectors       0x00400000      0x140 src/ASF/sam/utils/cmsis/same70/source/templates/gcc/startup_same70.o
                0x00400000                exception_table
 *(.text .text.* .gnu.linkonce.t.*)
 .text          0x00400140       0x5c c:/program files (x86)/atmel/studio/7.0/toolchain/arm/arm-gnu-toolchain/bin/../lib/gcc/arm-none-eabi/4.9.3/cortex-m7/crtbegin.o
 .text.osc_enable
                0x0040019c       0x84 src/ASF/common/services/clock/same70/sysclk.o
 .text.osc_is_ready
                0x00400220       0x70 src/ASF/common/services/clock/same70/sysclk.o
 .text.osc_get_rate
                0x00400290       0x78 src/ASF/common/services/clock/same70/sysclk.o
 .text.osc_wait_ready
                0x00400308       0x2c src/ASF/common/services/clock/same70/sysclk.o
 .text.pll_config_init
                0x00400334       0x68 src/ASF/common/services/clock/same70/sysclk.o
 .text.pll_enable
                0x0040039c       0x3c src/ASF/common/services/clock/same70/sysclk.o
 .text.pll_is_locked
                0x004003d8       0x2c src/ASF/common/services/clock/same70/sysclk.o
 .text.pll_enable_source
                0x00400404       0x34 src/ASF/common/services/clock/same70/sysclk.o
 .text.pll_wait_for_lock
                0x00400438       0x24 src/ASF/common/services/clock/same70/sysclk.o
 .text.sysclk_get_main_hz
                0x0040045c       0x20 src/ASF/common/services/clock/same70/sysclk.o
 .text.sysclk_get_cpu_hz
                0x0040047c       0x14 src/ASF/common/services/clock/same70/sysclk.o
 .text.sysclk_init
                0x00400490       0x7c src/ASF/common/services/clock/same70/sysclk.o
                0x00400490                sysclk_init
 .text._read    0x0040050c       0x58 src/ASF/common/utils/stdio/read.o
                0x0040050c                _read
 .text._write   0x00400564       0x70 src/ASF/common/utils/stdio/write.o
                0x00400564                _write
 .text.sysclk_enable_peripheral_clock
                0x004005d4       0x18 src/ASF/sam/boards/same70_xplained/init.o
 .text.ioport_init
                0x004005ec       0x28 src/ASF/sam/boards/same70_xplained/init.o
 .text.ioport_disable_pin
                0x00400614       0x48 src/ASF/sam/boards/same70_xplained/init.o
 .text.ioport_disable_port
                0x0040065c       0x34 src/ASF/sam/boards/same70_xplained/init.o
 .text.ioport_set_port_mode
                0x00400690      0x100 src/ASF/sam/boards/same70_xplained/init.o
 .text.ioport_set_pin_mode
                0x00400790      0x11c src/ASF/sam/boards/same70_xplained/init.o
 .text.ioport_set_pin_dir
                0x004008ac       0x88 src/ASF/sam/boards/same70_xplained/init.o
 .text.ioport_set_pin_level
                0x00400934       0x6c src/ASF/sam/boards/same70_xplained/init.o
 .text.ioport_set_pin_sense_mode
                0x004009a0       0xcc src/ASF/sam/boards/same70_xplained/init.o
 .text.board_init
                0x00400a6c       0xbc src/ASF/sam/boards/same70_xplained/init.o
                0x00400a6c                board_init
 .text.pio_get_interrupt_status
                0x00400b28       0x18 src/ASF/sam/drivers/pio/pio.o
                0x00400b28                pio_get_interrupt_status
 .text.pio_get_interrupt_mask
                0x00400b40       0x18 src/ASF/sam/drivers/pio/pio.o
                0x00400b40                pio_get_interrupt_mask
 .text.pio_handler_process
                0x00400b58       0xac src/ASF/sam/drivers/pio/pio_handler.o
                0x00400b58                pio_handler_process
 .text.PIOA_Handler
                0x00400c04       0x18 src/ASF/sam/drivers/pio/pio_handler.o
                0x00400c04                PIOA_Handler
 .text.PIOB_Handler
                0x00400c1c       0x18 src/ASF/sam/drivers/pio/pio_handler.o
                0x00400c1c                PIOB_Handler
 .text.PIOC_Handler
                0x00400c34       0x18 src/ASF/sam/drivers/pio/pio_handler.o
                0x00400c34                PIOC_Handler
 .text.PIOD_Handler
                0x00400c4c       0x18 src/ASF/sam/drivers/pio/pio_handler.o
                0x00400c4c                PIOD_Handler
 .text.PIOE_Handler
                0x00400c64       0x18 src/ASF/sam/drivers/pio/pio_handler.o
                0x00400c64                PIOE_Handler
 .text.pmc_mck_set_division
                0x00400c7c       0x78 src/ASF/sam/drivers/pmc/pmc.o
                0x00400c7c                pmc_mck_set_division
 .text.pmc_switch_mck_to_pllack
                0x00400cf4       0x84 src/ASF/sam/drivers/pmc/pmc.o
                0x00400cf4                pmc_switch_mck_to_pllack
 .text.pmc_switch_sclk_to_32kxtal
                0x00400d78       0x38 src/ASF/sam/drivers/pmc/pmc.o
                0x00400d78                pmc_switch_sclk_to_32kxtal
 .text.pmc_osc_is_ready_32kxtal
                0x00400db0       0x34 src/ASF/sam/drivers/pmc/pmc.o
                0x00400db0                pmc_osc_is_ready_32kxtal
 .text.pmc_switch_mainck_to_fastrc
                0x00400de4       0x70 src/ASF/sam/drivers/pmc/pmc.o
                0x00400de4                pmc_switch_mainck_to_fastrc
 .text.pmc_switch_mainck_to_xtal
                0x00400e54       0x78 src/ASF/sam/drivers/pmc/pmc.o
                0x00400e54                pmc_switch_mainck_to_xtal
 .text.pmc_osc_is_ready_mainck
                0x00400ecc       0x1c src/ASF/sam/drivers/pmc/pmc.o
                0x00400ecc                pmc_osc_is_ready_mainck
 .text.pmc_disable_pllack
                0x00400ee8       0x18 src/ASF/sam/drivers/pmc/pmc.o
                0x00400ee8                pmc_disable_pllack
 .text.pmc_is_locked_pllack
                0x00400f00       0x1c src/ASF/sam/drivers/pmc/pmc.o
                0x00400f00                pmc_is_locked_pllack
 .text.pmc_is_locked_upll
                0x00400f1c       0x1c src/ASF/sam/drivers/pmc/pmc.o
                0x00400f1c                pmc_is_locked_upll
 .text.pmc_enable_periph_clk
                0x00400f38       0x84 src/ASF/sam/drivers/pmc/pmc.o
                0x00400f38                pmc_enable_periph_clk
 .text.twihs_enable_master_mode
                0x00400fbc       0x24 src/ASF/sam/drivers/twihs/twihs.o
                0x00400fbc                twihs_enable_master_mode
 .text.twihs_master_init
                0x00400fe0       0x58 src/ASF/sam/drivers/twihs/twihs.o
                0x00400fe0                twihs_master_init
 .text.twihs_set_speed
                0x00401038       0x70 src/ASF/sam/drivers/twihs/twihs.o
                0x00401038                twihs_set_speed
 .text.twihs_mk_addr
                0x004010a8       0x5c src/ASF/sam/drivers/twihs/twihs.o
 .text.twihs_master_read
                0x00401104       0xe8 src/ASF/sam/drivers/twihs/twihs.o
                0x00401104                twihs_master_read
 .text.twihs_master_write
                0x004011ec       0xdc src/ASF/sam/drivers/twihs/twihs.o
                0x004011ec                twihs_master_write
 .text.twihs_reset
                0x004012c8       0x1c src/ASF/sam/drivers/twihs/twihs.o
                0x004012c8                twihs_reset
 .text.uart_init
                0x004012e4       0x58 src/ASF/sam/drivers/uart/uart.o
                0x004012e4                uart_init
 .text.uart_write
                0x0040133c       0x30 src/ASF/sam/drivers/uart/uart.o
                0x0040133c                uart_write
 .text.uart_read
                0x0040136c       0x34 src/ASF/sam/drivers/uart/uart.o
                0x0040136c                uart_read
 .text.usart_set_async_baudrate
                0x004013a0       0x8c src/ASF/sam/drivers/usart/usart.o
                0x004013a0                usart_set_async_baudrate
 .text.usart_reset
                0x0040142c       0x54 src/ASF/sam/drivers/usart/usart.o
                0x0040142c                usart_reset
 .text.usart_init_rs232
                0x00401480       0x84 src/ASF/sam/drivers/usart/usart.o
                0x00401480                usart_init_rs232
 .text.usart_enable_tx
                0x00401504       0x18 src/ASF/sam/drivers/usart/usart.o
                0x00401504                usart_enable_tx
 .text.usart_reset_tx
                0x0040151c       0x18 src/ASF/sam/drivers/usart/usart.o
                0x0040151c                usart_reset_tx
 .text.usart_set_tx_timeguard
                0x00401534       0x1c src/ASF/sam/drivers/usart/usart.o
                0x00401534                usart_set_tx_timeguard
 .text.usart_enable_rx
                0x00401550       0x18 src/ASF/sam/drivers/usart/usart.o
                0x00401550                usart_enable_rx
 .text.usart_reset_rx
                0x00401568       0x18 src/ASF/sam/drivers/usart/usart.o
                0x00401568                usart_reset_rx
 .text.usart_enable_interrupt
                0x00401580       0x1c src/ASF/sam/drivers/usart/usart.o
                0x00401580                usart_enable_interrupt
 .text.usart_disable_interrupt
                0x0040159c       0x1c src/ASF/sam/drivers/usart/usart.o
                0x0040159c                usart_disable_interrupt
 .text.usart_get_status
                0x004015b8       0x18 src/ASF/sam/drivers/usart/usart.o
                0x004015b8                usart_get_status
 .text.usart_reset_status
                0x004015d0       0x1c src/ASF/sam/drivers/usart/usart.o
                0x004015d0                usart_reset_status
 .text.usart_drive_RTS_pin_high
                0x004015ec       0x1c src/ASF/sam/drivers/usart/usart.o
                0x004015ec                usart_drive_RTS_pin_high
 .text.usart_is_tx_empty
                0x00401608       0x28 src/ASF/sam/drivers/usart/usart.o
                0x00401608                usart_is_tx_empty
 .text.usart_is_rx_ready
                0x00401630       0x28 src/ASF/sam/drivers/usart/usart.o
                0x00401630                usart_is_rx_ready
 .text.usart_write
                0x00401658       0x34 src/ASF/sam/drivers/usart/usart.o
                0x00401658                usart_write
 .text.usart_read
                0x0040168c       0x34 src/ASF/sam/drivers/usart/usart.o
                0x0040168c                usart_read
 .text.usart_disable_writeprotect
                0x004016c0       0x20 src/ASF/sam/drivers/usart/usart.o
                0x004016c0                usart_disable_writeprotect
 .text.Reset_Handler
                0x004016e0       0x84 src/ASF/sam/utils/cmsis/same70/source/templates/gcc/startup_same70.o
                0x004016e0                Reset_Handler
 .text.Dummy_Handler
                0x00401764        0x8 src/ASF/sam/utils/cmsis/same70/source/templates/gcc/startup_same70.o
                0x00401764                DACC_Handler
                0x00401764                DebugMon_Handler
                0x00401764                UART3_Handler
                0x00401764                UART2_Handler
                0x00401764                TRNG_Handler
                0x00401764                HardFault_Handler
                0x00401764                TC2_Handler
                0x00401764                AFEC1_Handler
                0x00401764                PendSV_Handler
                0x00401764                NMI_Handler
                0x00401764                TC7_Handler
                0x00401764                QSPI_Handler
                0x00401764                ISI_Handler
                0x00401764                TC9_Handler
                0x00401764                RSWDT_Handler
                0x00401764                MCAN1_Handler
                0x00401764                RTT_Handler
                0x00401764                USBHS_Handler
                0x00401764                RTC_Handler
                0x00401764                UsageFault_Handler
                0x00401764                TC6_Handler
                0x00401764                WDT_Handler
                0x00401764                TC4_Handler
                0x00401764                TC1_Handler
                0x00401764                HSMCI_Handler
                0x00401764                UART1_Handler
                0x00401764                TC3_Handler
                0x00401764                Dummy_Handler
                0x00401764                TWIHS1_Handler
                0x00401764                XDMAC_Handler
                0x00401764                UART4_Handler
                0x00401764                PWM1_Handler
                0x00401764                USART1_Handler
                0x00401764                PWM0_Handler
                0x00401764                AFEC0_Handler
                0x00401764                TC11_Handler
                0x00401764                SSC_Handler
                0x00401764                ACC_Handler
                0x00401764                PMC_Handler
                0x00401764                GMAC_Handler
                0x00401764                MemManage_Handler
                0x00401764                SUPC_Handler
                0x00401764                SVC_Handler
                0x00401764                TC8_Handler
                0x00401764                EFC_Handler
                0x00401764                USART2_Handler
                0x00401764                SDRAMC_Handler
                0x00401764                SPI1_Handler
                0x00401764                MCAN0_Handler
                0x00401764                TC10_Handler
                0x00401764                TWIHS2_Handler
                0x00401764                UART0_Handler
                0x00401764                BusFault_Handler
                0x00401764                RSTC_Handler
                0x00401764                TC0_Handler
                0x00401764                TC5_Handler
                0x00401764                AES_Handler
                0x00401764                ICM_Handler
                0x00401764                TWIHS0_Handler
                0x00401764                SPI0_Handler
 .text.SystemCoreClockUpdate
                0x0040176c      0x168 src/ASF/sam/utils/cmsis/same70/source/templates/system_same70.o
                0x0040176c                SystemCoreClockUpdate
 .text.system_init_flash
                0x004018d4       0x94 src/ASF/sam/utils/cmsis/same70/source/templates/system_same70.o
                0x004018d4                system_init_flash
 .text._sbrk    0x00401968       0x58 src/ASF/sam/utils/syscalls/gcc/syscalls.o
                0x00401968                _sbrk
 .text._close   0x004019c0       0x18 src/ASF/sam/utils/syscalls/gcc/syscalls.o
                0x004019c0                _close
 .text._fstat   0x004019d8       0x20 src/ASF/sam/utils/syscalls/gcc/syscalls.o
                0x004019d8                _fstat
 .text._isatty  0x004019f8       0x18 src/ASF/sam/utils/syscalls/gcc/syscalls.o
                0x004019f8                _isatty
 .text._lseek   0x00401a10       0x1c src/ASF/sam/utils/syscalls/gcc/syscalls.o
                0x00401a10                _lseek
 .text.PCA9952_write_reg
                0x00401a2c       0x70 src/pca9952.o
                0x00401a2c                PCA9952_write_reg
 .text.PCA9952_read_reg
                0x00401a9c       0x94 src/pca9952.o
                0x00401a9c                PCA9952_read_reg
 .text.PCA9952_init
                0x00401b30      0x140 src/pca9952.o
                0x00401b30                PCA9952_init
 .text.ioport_set_pin_dir
                0x00401c70       0x88 src/serial_id_ds2411.o
 .text.ioport_set_pin_level
                0x00401cf8       0x6c src/serial_id_ds2411.o
 .text.ioport_get_pin_level
                0x00401d64       0x50 src/serial_id_ds2411.o
 .text.udelay   0x00401db4       0xf0 src/serial_id_ds2411.o
                0x00401db4                udelay
 .text.io_pin   0x00401ea4       0x50 src/serial_id_ds2411.o
                0x00401ea4                io_pin
 .text.drive_DQ_low
                0x00401ef4       0x3c src/serial_id_ds2411.o
                0x00401ef4                drive_DQ_low
 .text.release_the_bus
                0x00401f30       0x30 src/serial_id_ds2411.o
                0x00401f30                release_the_bus
 .text.gpio_input
                0x00401f60       0x30 src/serial_id_ds2411.o
                0x00401f60                gpio_input
 .text.sample_line
                0x00401f90       0x34 src/serial_id_ds2411.o
                0x00401f90                sample_line
 .text.SetSpeed
                0x00401fc4       0xbc src/serial_id_ds2411.o
                0x00401fc4                SetSpeed
 .text.OWTouchReset
                0x00402080       0x8c src/serial_id_ds2411.o
                0x00402080                OWTouchReset
 .text.drive_DQ_low_and_release_the_bus
                0x0040210c       0x58 src/serial_id_ds2411.o
                0x0040210c                drive_DQ_low_and_release_the_bus
 .text.OWWriteBit
                0x00402164       0x6c src/serial_id_ds2411.o
                0x00402164                OWWriteBit
 .text.OWReadBit
                0x004021d0       0x50 src/serial_id_ds2411.o
                0x004021d0                OWReadBit
 .text.OWWriteByte
                0x00402220       0x40 src/serial_id_ds2411.o
                0x00402220                OWWriteByte
 .text.OWReadByte
                0x00402260       0x4c src/serial_id_ds2411.o
                0x00402260                OWReadByte
 .text.crc8_add
                0x004022ac       0x58 src/serial_id_ds2411.o
                0x004022ac                crc8_add
 .text.NVIC_EnableIRQ
                0x00402304       0x30 src/usart_rs485_example_canopus.o
 .text.NVIC_SetPriority
                0x00402334       0x54 src/usart_rs485_example_canopus.o
 .text.SysTick_Config
                0x00402388       0x48 src/usart_rs485_example_canopus.o
 .text.osc_get_rate
                0x004023d0       0x78 src/usart_rs485_example_canopus.o
 .text.sysclk_get_main_hz
                0x00402448       0x20 src/usart_rs485_example_canopus.o
 .text.sysclk_get_cpu_hz
                0x00402468       0x14 src/usart_rs485_example_canopus.o
 .text.sysclk_get_peripheral_hz
                0x0040247c       0x14 src/usart_rs485_example_canopus.o
 .text.sysclk_enable_peripheral_clock
                0x00402490       0x18 src/usart_rs485_example_canopus.o
 .text.ioport_set_pin_dir
                0x004024a8       0x88 src/usart_rs485_example_canopus.o
 .text.ioport_set_pin_level
                0x00402530       0x6c src/usart_rs485_example_canopus.o
 .text.ioport_toggle_pin_level
                0x0040259c       0x6c src/usart_rs485_example_canopus.o
 .text.usart_serial_init
                0x00402608      0x160 src/usart_rs485_example_canopus.o
 .text.usart_serial_putchar
                0x00402768      0x10c src/usart_rs485_example_canopus.o
 .text.usart_serial_getchar
                0x00402874      0x104 src/usart_rs485_example_canopus.o
 .text.stdio_serial_init
                0x00402978       0x68 src/usart_rs485_example_canopus.o
 .text.mdelay   0x004029e0       0x2c src/usart_rs485_example_canopus.o
                0x004029e0                mdelay
 .text.SysTick_Handler
                0x00402a0c       0x28 src/usart_rs485_example_canopus.o
                0x00402a0c                SysTick_Handler
 .text.USART0_Handler
                0x00402a34       0x90 src/usart_rs485_example_canopus.o
                0x00402a34                USART0_Handler
 .text.configure_usart
                0x00402ac4       0x80 src/usart_rs485_example_canopus.o
 .text.configure_systick
                0x00402b44       0x44 src/usart_rs485_example_canopus.o
 .text.configure_console
                0x00402b88       0x38 src/usart_rs485_example_canopus.o
 .text.func_transmit
                0x00402bc0       0x64 src/usart_rs485_example_canopus.o
                0x00402bc0                func_transmit
 .text.twi_init
                0x00402c24       0x44 src/usart_rs485_example_canopus.o
 .text.main     0x00402c68      0x490 src/usart_rs485_example_canopus.o
                0x00402c68                main
 .text.__libc_init_array
                0x004030f8       0x50 c:/program files (x86)/atmel/studio/7.0/toolchain/arm/arm-gnu-toolchain/bin/../lib/gcc/arm-none-eabi/4.9.3/../../../../arm-none-eabi/lib/cortex-m7\libc.a(lib_a-init.o)
                0x004030f8                __libc_init_array
 .text.memset   0x00403148       0xa0 c:/program files (x86)/atmel/studio/7.0/toolchain/arm/arm-gnu-toolchain/bin/../lib/gcc/arm-none-eabi/4.9.3/../../../../arm-none-eabi/lib/cortex-m7\libc.a(lib_a-memset.o)
                0x00403148                memset
 .text._puts_r  0x004031e8       0x60 c:/program files (x86)/atmel/studio/7.0/toolchain/arm/arm-gnu-toolchain/bin/../lib/gcc/arm-none-eabi/4.9.3/../../../../arm-none-eabi/lib/cortex-m7\libc.a(lib_a-puts.o)
                0x004031e8                _puts_r
 .text.puts     0x00403248       0x10 c:/program files (x86)/atmel/studio/7.0/toolchain/arm/arm-gnu-toolchain/bin/../lib/gcc/arm-none-eabi/4.9.3/../../../../arm-none-eabi/lib/cortex-m7\libc.a(lib_a-puts.o)
                0x00403248                puts
 .text.setbuf   0x00403258       0x10 c:/program files (x86)/atmel/studio/7.0/toolchain/arm/arm-gnu-toolchain/bin/../lib/gcc/arm-none-eabi/4.9.3/../../../../arm-none-eabi/lib/cortex-m7\libc.a(lib_a-setbuf.o)
                0x00403258                setbuf
 .text.setvbuf  0x00403268       0xfc c:/program files (x86)/atmel/studio/7.0/toolchain/arm/arm-gnu-toolchain/bin/../lib/gcc/arm-none-eabi/4.9.3/../../../../arm-none-eabi/lib/cortex-m7\libc.a(lib_a-setvbuf.o)
                0x00403268                setvbuf
 .text.sprintf  0x00403364       0x4c c:/program files (x86)/atmel/studio/7.0/toolchain/arm/arm-gnu-toolchain/bin/../lib/gcc/arm-none-eabi/4.9.3/../../../../arm-none-eabi/lib/cortex-m7\libc.a(lib_a-sprintf.o)
                0x00403364                sprintf
 .text.strlen   0x004033b0       0x5c c:/program files (x86)/atmel/studio/7.0/toolchain/arm/arm-gnu-toolchain/bin/../lib/gcc/arm-none-eabi/4.9.3/../../../../arm-none-eabi/lib/cortex-m7\libc.a(lib_a-strlen.o)
                0x004033b0                strlen
 .text._svfprintf_r
                0x0040340c     0x1510 c:/program files (x86)/atmel/studio/7.0/toolchain/arm/arm-gnu-toolchain/bin/../lib/gcc/arm-none-eabi/4.9.3/../../../../arm-none-eabi/lib/cortex-m7\libc.a(lib_a-svfprintf.o)
                0x0040340c                _svfprintf_r
 .text.__swbuf_r
                0x0040491c       0xa8 c:/program files (x86)/atmel/studio/7.0/toolchain/arm/arm-gnu-toolchain/bin/../lib/gcc/arm-none-eabi/4.9.3/../../../../arm-none-eabi/lib/cortex-m7\libc.a(lib_a-wbuf.o)
                0x0040491c                __swbuf_r
 .text.__swsetup_r
                0x004049c4       0xc4 c:/program files (x86)/atmel/studio/7.0/toolchain/arm/arm-gnu-toolchain/bin/../lib/gcc/arm-none-eabi/4.9.3/../../../../arm-none-eabi/lib/cortex-m7\libc.a(lib_a-wsetup.o)
                0x004049c4                __swsetup_r
 .text.startup.register_fini
                0x00404a88       0x14 c:/program files (x86)/atmel/studio/7.0/toolchain/arm/arm-gnu-toolchain/bin/../lib/gcc/arm-none-eabi/4.9.3/../../../../arm-none-eabi/lib/cortex-m7\libc.a(lib_a-__call_atexit.o)
 .text.atexit   0x00404a9c        0xc c:/program files (x86)/atmel/studio/7.0/toolchain/arm/arm-gnu-toolchain/bin/../lib/gcc/arm-none-eabi/4.9.3/../../../../arm-none-eabi/lib/cortex-m7\libc.a(lib_a-atexit.o)
                0x00404a9c                atexit
 .text.quorem   0x00404aa8      0x140 c:/program files (x86)/atmel/studio/7.0/toolchain/arm/arm-gnu-toolchain/bin/../lib/gcc/arm-none-eabi/4.9.3/../../../../arm-none-eabi/lib/cortex-m7\libc.a(lib_a-dtoa.o)
 .text._dtoa_r  0x00404be8      0xee8 c:/program files (x86)/atmel/studio/7.0/toolchain/arm/arm-gnu-toolchain/bin/../lib/gcc/arm-none-eabi/4.9.3/../../../../arm-none-eabi/lib/cortex-m7\libc.a(lib_a-dtoa.o)
                0x00404be8                _dtoa_r
 .text.__sflush_r
                0x00405ad0      0x148 c:/program files (x86)/atmel/studio/7.0/toolchain/arm/arm-gnu-toolchain/bin/../lib/gcc/arm-none-eabi/4.9.3/../../../../arm-none-eabi/lib/cortex-m7\libc.a(lib_a-fflush.o)
                0x00405ad0                __sflush_r
 .text._fflush_r
                0x00405c18       0x2c c:/program files (x86)/atmel/studio/7.0/toolchain/arm/arm-gnu-toolchain/bin/../lib/gcc/arm-none-eabi/4.9.3/../../../../arm-none-eabi/lib/cortex-m7\libc.a(lib_a-fflush.o)
                0x00405c18                _fflush_r
 .text._cleanup_r
                0x00405c44        0xc c:/program files (x86)/atmel/studio/7.0/toolchain/arm/arm-gnu-toolchain/bin/../lib/gcc/arm-none-eabi/4.9.3/../../../../arm-none-eabi/lib/cortex-m7\libc.a(lib_a-findfp.o)
                0x00405c44                _cleanup_r
 .text.__sinit.part.1
                0x00405c50       0xfc c:/program files (x86)/atmel/studio/7.0/toolchain/arm/arm-gnu-toolchain/bin/../lib/gcc/arm-none-eabi/4.9.3/../../../../arm-none-eabi/lib/cortex-m7\libc.a(lib_a-findfp.o)
 .text.__sinit  0x00405d4c        0xc c:/program files (x86)/atmel/studio/7.0/toolchain/arm/arm-gnu-toolchain/bin/../lib/gcc/arm-none-eabi/4.9.3/../../../../arm-none-eabi/lib/cortex-m7\libc.a(lib_a-findfp.o)
                0x00405d4c                __sinit
 .text.__sfp_lock_acquire
                0x00405d58        0x4 c:/program files (x86)/atmel/studio/7.0/toolchain/arm/arm-gnu-toolchain/bin/../lib/gcc/arm-none-eabi/4.9.3/../../../../arm-none-eabi/lib/cortex-m7\libc.a(lib_a-findfp.o)
                0x00405d58                __sfp_lock_acquire
 .text.__sfp_lock_release
                0x00405d5c        0x4 c:/program files (x86)/atmel/studio/7.0/toolchain/arm/arm-gnu-toolchain/bin/../lib/gcc/arm-none-eabi/4.9.3/../../../../arm-none-eabi/lib/cortex-m7\libc.a(lib_a-findfp.o)
                0x00405d5c                __sfp_lock_release
 .text.__libc_fini_array
                0x00405d60       0x2c c:/program files (x86)/atmel/studio/7.0/toolchain/arm/arm-gnu-toolchain/bin/../lib/gcc/arm-none-eabi/4.9.3/../../../../arm-none-eabi/lib/cortex-m7\libc.a(lib_a-fini.o)
                0x00405d60                __libc_fini_array
 .text._malloc_trim_r
                0x00405d8c       0x9c c:/program files (x86)/atmel/studio/7.0/toolchain/arm/arm-gnu-toolchain/bin/../lib/gcc/arm-none-eabi/4.9.3/../../../../arm-none-eabi/lib/cortex-m7\libc.a(lib_a-freer.o)
                0x00405d8c                _malloc_trim_r
 .text._free_r  0x00405e28      0x1b0 c:/program files (x86)/atmel/studio/7.0/toolchain/arm/arm-gnu-toolchain/bin/../lib/gcc/arm-none-eabi/4.9.3/../../../../arm-none-eabi/lib/cortex-m7\libc.a(lib_a-freer.o)
                0x00405e28                _free_r
 .text.__sfvwrite_r
                0x00405fd8      0x324 c:/program files (x86)/atmel/studio/7.0/toolchain/arm/arm-gnu-toolchain/bin/../lib/gcc/arm-none-eabi/4.9.3/../../../../arm-none-eabi/lib/cortex-m7\libc.a(lib_a-fvwrite.o)
                0x00405fd8                __sfvwrite_r
 .text._fwalk_reent
                0x004062fc       0x50 c:/program files (x86)/atmel/studio/7.0/toolchain/arm/arm-gnu-toolchain/bin/../lib/gcc/arm-none-eabi/4.9.3/../../../../arm-none-eabi/lib/cortex-m7\libc.a(lib_a-fwalk.o)
                0x004062fc                _fwalk_reent
 .text._localeconv_r
                0x0040634c        0x8 c:/program files (x86)/atmel/studio/7.0/toolchain/arm/arm-gnu-toolchain/bin/../lib/gcc/arm-none-eabi/4.9.3/../../../../arm-none-eabi/lib/cortex-m7\libc.a(lib_a-locale.o)
                0x0040634c                _localeconv_r
 .text.__smakebuf_r
                0x00406354       0xe4 c:/program files (x86)/atmel/studio/7.0/toolchain/arm/arm-gnu-toolchain/bin/../lib/gcc/arm-none-eabi/4.9.3/../../../../arm-none-eabi/lib/cortex-m7\libc.a(lib_a-makebuf.o)
                0x00406354                __smakebuf_r
 .text.malloc   0x00406438       0x10 c:/program files (x86)/atmel/studio/7.0/toolchain/arm/arm-gnu-toolchain/bin/../lib/gcc/arm-none-eabi/4.9.3/../../../../arm-none-eabi/lib/cortex-m7\libc.a(lib_a-malloc.o)
                0x00406438                malloc
 .text._malloc_r
                0x00406448      0x558 c:/program files (x86)/atmel/studio/7.0/toolchain/arm/arm-gnu-toolchain/bin/../lib/gcc/arm-none-eabi/4.9.3/../../../../arm-none-eabi/lib/cortex-m7\libc.a(lib_a-mallocr.o)
                0x00406448                _malloc_r
 .text.memchr   0x004069a0       0x90 c:/program files (x86)/atmel/studio/7.0/toolchain/arm/arm-gnu-toolchain/bin/../lib/gcc/arm-none-eabi/4.9.3/../../../../arm-none-eabi/lib/cortex-m7\libc.a(lib_a-memchr.o)
                0x004069a0                memchr
 .text          0x00406a30      0x134 c:/program files (x86)/atmel/studio/7.0/toolchain/arm/arm-gnu-toolchain/bin/../lib/gcc/arm-none-eabi/4.9.3/../../../../arm-none-eabi/lib/cortex-m7\libc.a(lib_a-memcpy.o)
                0x00406a30                memcpy
 .text.memmove  0x00406b64       0xc4 c:/program files (x86)/atmel/studio/7.0/toolchain/arm/arm-gnu-toolchain/bin/../lib/gcc/arm-none-eabi/4.9.3/../../../../arm-none-eabi/lib/cortex-m7\libc.a(lib_a-memmove.o)
                0x00406b64                memmove
 .text.__malloc_lock
                0x00406c28        0x4 c:/program files (x86)/atmel/studio/7.0/toolchain/arm/arm-gnu-toolchain/bin/../lib/gcc/arm-none-eabi/4.9.3/../../../../arm-none-eabi/lib/cortex-m7\libc.a(lib_a-mlock.o)
                0x00406c28                __malloc_lock
 .text.__malloc_unlock
                0x00406c2c        0x4 c:/program files (x86)/atmel/studio/7.0/toolchain/arm/arm-gnu-toolchain/bin/../lib/gcc/arm-none-eabi/4.9.3/../../../../arm-none-eabi/lib/cortex-m7\libc.a(lib_a-mlock.o)
                0x00406c2c                __malloc_unlock
 .text._Balloc  0x00406c30       0x50 c:/program files (x86)/atmel/studio/7.0/toolchain/arm/arm-gnu-toolchain/bin/../lib/gcc/arm-none-eabi/4.9.3/../../../../arm-none-eabi/lib/cortex-m7\libc.a(lib_a-mprec.o)
                0x00406c30                _Balloc
 .text._Bfree   0x00406c80       0x14 c:/program files (x86)/atmel/studio/7.0/toolchain/arm/arm-gnu-toolchain/bin/../lib/gcc/arm-none-eabi/4.9.3/../../../../arm-none-eabi/lib/cortex-m7\libc.a(lib_a-mprec.o)
                0x00406c80                _Bfree
 .text.__multadd
                0x00406c94       0x84 c:/program files (x86)/atmel/studio/7.0/toolchain/arm/arm-gnu-toolchain/bin/../lib/gcc/arm-none-eabi/4.9.3/../../../../arm-none-eabi/lib/cortex-m7\libc.a(lib_a-mprec.o)
                0x00406c94                __multadd
 .text.__hi0bits
                0x00406d18       0x44 c:/program files (x86)/atmel/studio/7.0/toolchain/arm/arm-gnu-toolchain/bin/../lib/gcc/arm-none-eabi/4.9.3/../../../../arm-none-eabi/lib/cortex-m7\libc.a(lib_a-mprec.o)
                0x00406d18                __hi0bits
 .text.__lo0bits
                0x00406d5c       0x64 c:/program files (x86)/atmel/studio/7.0/toolchain/arm/arm-gnu-toolchain/bin/../lib/gcc/arm-none-eabi/4.9.3/../../../../arm-none-eabi/lib/cortex-m7\libc.a(lib_a-mprec.o)
                0x00406d5c                __lo0bits
 .text.__i2b    0x00406dc0       0x14 c:/program files (x86)/atmel/studio/7.0/toolchain/arm/arm-gnu-toolchain/bin/../lib/gcc/arm-none-eabi/4.9.3/../../../../arm-none-eabi/lib/cortex-m7\libc.a(lib_a-mprec.o)
                0x00406dc0                __i2b
 .text.__multiply
                0x00406dd4      0x144 c:/program files (x86)/atmel/studio/7.0/toolchain/arm/arm-gnu-toolchain/bin/../lib/gcc/arm-none-eabi/4.9.3/../../../../arm-none-eabi/lib/cortex-m7\libc.a(lib_a-mprec.o)
                0x00406dd4                __multiply
 .text.__pow5mult
                0x00406f18       0xa0 c:/program files (x86)/atmel/studio/7.0/toolchain/arm/arm-gnu-toolchain/bin/../lib/gcc/arm-none-eabi/4.9.3/../../../../arm-none-eabi/lib/cortex-m7\libc.a(lib_a-mprec.o)
                0x00406f18                __pow5mult
 .text.__lshift
                0x00406fb8       0xb4 c:/program files (x86)/atmel/studio/7.0/toolchain/arm/arm-gnu-toolchain/bin/../lib/gcc/arm-none-eabi/4.9.3/../../../../arm-none-eabi/lib/cortex-m7\libc.a(lib_a-mprec.o)
                0x00406fb8                __lshift
 .text.__mcmp   0x0040706c       0x48 c:/program files (x86)/atmel/studio/7.0/toolchain/arm/arm-gnu-toolchain/bin/../lib/gcc/arm-none-eabi/4.9.3/../../../../arm-none-eabi/lib/cortex-m7\libc.a(lib_a-mprec.o)
                0x0040706c                __mcmp
 .text.__mdiff  0x004070b4       0xe4 c:/program files (x86)/atmel/studio/7.0/toolchain/arm/arm-gnu-toolchain/bin/../lib/gcc/arm-none-eabi/4.9.3/../../../../arm-none-eabi/lib/cortex-m7\libc.a(lib_a-mprec.o)
                0x004070b4                __mdiff
 .text.__d2b    0x00407198       0xb0 c:/program files (x86)/atmel/studio/7.0/toolchain/arm/arm-gnu-toolchain/bin/../lib/gcc/arm-none-eabi/4.9.3/../../../../arm-none-eabi/lib/cortex-m7\libc.a(lib_a-mprec.o)
                0x00407198                __d2b
 .text._realloc_r
                0x00407248      0x3f0 c:/program files (x86)/atmel/studio/7.0/toolchain/arm/arm-gnu-toolchain/bin/../lib/gcc/arm-none-eabi/4.9.3/../../../../arm-none-eabi/lib/cortex-m7\libc.a(lib_a-reallocr.o)
                0x00407248                _realloc_r
 .text.__fpclassifyd
                0x00407638       0x44 c:/program files (x86)/atmel/studio/7.0/toolchain/arm/arm-gnu-toolchain/bin/../lib/gcc/arm-none-eabi/4.9.3/../../../../arm-none-eabi/lib/cortex-m7\libc.a(lib_a-s_fpclassify.o)
                0x00407638                __fpclassifyd
 .text._sbrk_r  0x0040767c       0x24 c:/program files (x86)/atmel/studio/7.0/toolchain/arm/arm-gnu-toolchain/bin/../lib/gcc/arm-none-eabi/4.9.3/../../../../arm-none-eabi/lib/cortex-m7\libc.a(lib_a-sbrkr.o)
                0x0040767c                _sbrk_r
 .text.__sread  0x004076a0       0x24 c:/program files (x86)/atmel/studio/7.0/toolchain/arm/arm-gnu-toolchain/bin/../lib/gcc/arm-none-eabi/4.9.3/../../../../arm-none-eabi/lib/cortex-m7\libc.a(lib_a-stdio.o)
                0x004076a0                __sread
 .text.__swrite
                0x004076c4       0x38 c:/program files (x86)/atmel/studio/7.0/toolchain/arm/arm-gnu-toolchain/bin/../lib/gcc/arm-none-eabi/4.9.3/../../../../arm-none-eabi/lib/cortex-m7\libc.a(lib_a-stdio.o)
                0x004076c4                __swrite
 .text.__sseek  0x004076fc       0x24 c:/program files (x86)/atmel/studio/7.0/toolchain/arm/arm-gnu-toolchain/bin/../lib/gcc/arm-none-eabi/4.9.3/../../../../arm-none-eabi/lib/cortex-m7\libc.a(lib_a-stdio.o)
                0x004076fc                __sseek
 .text.__sclose
                0x00407720        0x8 c:/program files (x86)/atmel/studio/7.0/toolchain/arm/arm-gnu-toolchain/bin/../lib/gcc/arm-none-eabi/4.9.3/../../../../arm-none-eabi/lib/cortex-m7\libc.a(lib_a-stdio.o)
                0x00407720                __sclose
 .text.__ssprint_r
                0x00407728      0x110 c:/program files (x86)/atmel/studio/7.0/toolchain/arm/arm-gnu-toolchain/bin/../lib/gcc/arm-none-eabi/4.9.3/../../../../arm-none-eabi/lib/cortex-m7\libc.a(lib_a-svfiprintf.o)
                0x00407728                __ssprint_r
 .text._write_r
                0x00407838       0x28 c:/program files (x86)/atmel/studio/7.0/toolchain/arm/arm-gnu-toolchain/bin/../lib/gcc/arm-none-eabi/4.9.3/../../../../arm-none-eabi/lib/cortex-m7\libc.a(lib_a-writer.o)
                0x00407838                _write_r
 .text.__register_exitproc
                0x00407860       0xa8 c:/program files (x86)/atmel/studio/7.0/toolchain/arm/arm-gnu-toolchain/bin/../lib/gcc/arm-none-eabi/4.9.3/../../../../arm-none-eabi/lib/cortex-m7\libc.a(lib_a-__atexit.o)
                0x00407860                __register_exitproc
 .text._calloc_r
                0x00407908       0x60 c:/program files (x86)/atmel/studio/7.0/toolchain/arm/arm-gnu-toolchain/bin/../lib/gcc/arm-none-eabi/4.9.3/../../../../arm-none-eabi/lib/cortex-m7\libc.a(lib_a-callocr.o)
                0x00407908                _calloc_r
 .text._close_r
                0x00407968       0x24 c:/program files (x86)/atmel/studio/7.0/toolchain/arm/arm-gnu-toolchain/bin/../lib/gcc/arm-none-eabi/4.9.3/../../../../arm-none-eabi/lib/cortex-m7\libc.a(lib_a-closer.o)
                0x00407968                _close_r
 .text._fclose_r
                0x0040798c       0x84 c:/program files (x86)/atmel/studio/7.0/toolchain/arm/arm-gnu-toolchain/bin/../lib/gcc/arm-none-eabi/4.9.3/../../../../arm-none-eabi/lib/cortex-m7\libc.a(lib_a-fclose.o)
                0x0040798c                _fclose_r
 .text._fstat_r
                0x00407a10       0x28 c:/program files (x86)/atmel/studio/7.0/toolchain/arm/arm-gnu-toolchain/bin/../lib/gcc/arm-none-eabi/4.9.3/../../../../arm-none-eabi/lib/cortex-m7\libc.a(lib_a-fstatr.o)
                0x00407a10                _fstat_r
 .text._isatty_r
                0x00407a38       0x24 c:/program files (x86)/atmel/studio/7.0/toolchain/arm/arm-gnu-toolchain/bin/../lib/gcc/arm-none-eabi/4.9.3/../../../../arm-none-eabi/lib/cortex-m7\libc.a(lib_a-isattyr.o)
                0x00407a38                _isatty_r
 .text._lseek_r
                0x00407a5c       0x28 c:/program files (x86)/atmel/studio/7.0/toolchain/arm/arm-gnu-toolchain/bin/../lib/gcc/arm-none-eabi/4.9.3/../../../../arm-none-eabi/lib/cortex-m7\libc.a(lib_a-lseekr.o)
                0x00407a5c                _lseek_r
 .text._read_r  0x00407a84       0x28 c:/program files (x86)/atmel/studio/7.0/toolchain/arm/arm-gnu-toolchain/bin/../lib/gcc/arm-none-eabi/4.9.3/../../../../arm-none-eabi/lib/cortex-m7\libc.a(lib_a-readr.o)
                0x00407a84                _read_r
 .text          0x00407aac      0x370 c:/program files (x86)/atmel/studio/7.0/toolchain/arm/arm-gnu-toolchain/bin/../lib/gcc/arm-none-eabi/4.9.3/cortex-m7\libgcc.a(_arm_addsubdf3.o)
                0x00407aac                __aeabi_drsub
                0x00407ab4                __aeabi_dsub
                0x00407ab4                __subdf3
                0x00407ab8                __aeabi_dadd
                0x00407ab8                __adddf3
                0x00407d30                __floatunsidf
                0x00407d30                __aeabi_ui2d
                0x00407d50                __floatsidf
                0x00407d50                __aeabi_i2d
                0x00407d74                __aeabi_f2d
                0x00407d74                __extendsfdf2
                0x00407db0                __floatundidf
                0x00407db0                __aeabi_ul2d
                0x00407dc0                __floatdidf
                0x00407dc0                __aeabi_l2d
 .text          0x00407e1c      0x424 c:/program files (x86)/atmel/studio/7.0/toolchain/arm/arm-gnu-toolchain/bin/../lib/gcc/arm-none-eabi/4.9.3/cortex-m7\libgcc.a(_arm_muldivdf3.o)
                0x00407e1c                __aeabi_dmul
                0x00407e1c                __muldf3
                0x00408070                __divdf3
                0x00408070                __aeabi_ddiv
 .text          0x00408240      0x110 c:/program files (x86)/atmel/studio/7.0/toolchain/arm/arm-gnu-toolchain/bin/../lib/gcc/arm-none-eabi/4.9.3/cortex-m7\libgcc.a(_arm_cmpdf2.o)
                0x00408240                __gtdf2
                0x00408240                __gedf2
                0x00408248                __ltdf2
                0x00408248                __ledf2
                0x00408250                __nedf2
                0x00408250                __eqdf2
                0x00408250                __cmpdf2
                0x004082cc                __aeabi_cdrcmple
                0x004082dc                __aeabi_cdcmpeq
                0x004082dc                __aeabi_cdcmple
                0x004082ec                __aeabi_dcmpeq
                0x00408300                __aeabi_dcmplt
                0x00408314                __aeabi_dcmple
                0x00408328                __aeabi_dcmpge
                0x0040833c                __aeabi_dcmpgt
 .text          0x00408350       0x50 c:/program files (x86)/atmel/studio/7.0/toolchain/arm/arm-gnu-toolchain/bin/../lib/gcc/arm-none-eabi/4.9.3/cortex-m7\libgcc.a(_arm_fixdfsi.o)
                0x00408350                __aeabi_d2iz
                0x00408350                __fixdfsi
 .text          0x004083a0       0x30 c:/program files (x86)/atmel/studio/7.0/toolchain/arm/arm-gnu-toolchain/bin/../lib/gcc/arm-none-eabi/4.9.3/cortex-m7\libgcc.a(_aeabi_uldivmod.o)
                0x004083a0                __aeabi_uldivmod
 .text          0x004083d0       0x60 c:/program files (x86)/atmel/studio/7.0/toolchain/arm/arm-gnu-toolchain/bin/../lib/gcc/arm-none-eabi/4.9.3/cortex-m7\libgcc.a(bpabi.o)
                0x004083d0                __gnu_ldivmod_helper
                0x00408400                __gnu_uldivmod_helper
 .text          0x00408430        0x4 c:/program files (x86)/atmel/studio/7.0/toolchain/arm/arm-gnu-toolchain/bin/../lib/gcc/arm-none-eabi/4.9.3/cortex-m7\libgcc.a(_dvmd_tls.o)
                0x00408430                __aeabi_idiv0
                0x00408430                __aeabi_ldiv0
 .text          0x00408434      0x284 c:/program files (x86)/atmel/studio/7.0/toolchain/arm/arm-gnu-toolchain/bin/../lib/gcc/arm-none-eabi/4.9.3/cortex-m7\libgcc.a(_divdi3.o)
                0x00408434                __divdi3
 .text          0x004086b8      0x248 c:/program files (x86)/atmel/studio/7.0/toolchain/arm/arm-gnu-toolchain/bin/../lib/gcc/arm-none-eabi/4.9.3/cortex-m7\libgcc.a(_udivdi3.o)
                0x004086b8                __udivdi3
 *(.glue_7t)
 .glue_7t       0x00000000        0x0 linker stubs
 *(.glue_7)
 .glue_7        0x00000000        0x0 linker stubs
 *(.rodata .rodata* .gnu.linkonce.r.*)
 .rodata        0x00408900       0x2f src/pca9952.o
 *fill*         0x0040892f        0x1 
 .rodata        0x00408930      0x1f8 src/usart_rs485_example_canopus.o
 .rodata.str1.4
                0x00408b28        0x2 c:/program files (x86)/atmel/studio/7.0/toolchain/arm/arm-gnu-toolchain/bin/../lib/gcc/arm-none-eabi/4.9.3/../../../../arm-none-eabi/lib/cortex-m7\libc.a(lib_a-impure.o)
 *fill*         0x00408b2a        0x2 
 .rodata._global_impure_ptr
                0x00408b2c        0x4 c:/program files (x86)/atmel/studio/7.0/toolchain/arm/arm-gnu-toolchain/bin/../lib/gcc/arm-none-eabi/4.9.3/../../../../arm-none-eabi/lib/cortex-m7\libc.a(lib_a-impure.o)
                0x00408b2c                _global_impure_ptr
 .rodata.str1.4
                0x00408b30        0x2 c:/program files (x86)/atmel/studio/7.0/toolchain/arm/arm-gnu-toolchain/bin/../lib/gcc/arm-none-eabi/4.9.3/../../../../arm-none-eabi/lib/cortex-m7\libc.a(lib_a-puts.o)
 *fill*         0x00408b32        0x2 
 .rodata.zeroes.6911
                0x00408b34       0x10 c:/program files (x86)/atmel/studio/7.0/toolchain/arm/arm-gnu-toolchain/bin/../lib/gcc/arm-none-eabi/4.9.3/../../../../arm-none-eabi/lib/cortex-m7\libc.a(lib_a-svfprintf.o)
 .rodata.blanks.6910
                0x00408b44       0x10 c:/program files (x86)/atmel/studio/7.0/toolchain/arm/arm-gnu-toolchain/bin/../lib/gcc/arm-none-eabi/4.9.3/../../../../arm-none-eabi/lib/cortex-m7\libc.a(lib_a-svfprintf.o)
 .rodata.str1.4
                0x00408b54       0x42 c:/program files (x86)/atmel/studio/7.0/toolchain/arm/arm-gnu-toolchain/bin/../lib/gcc/arm-none-eabi/4.9.3/../../../../arm-none-eabi/lib/cortex-m7\libc.a(lib_a-svfprintf.o)
 *fill*         0x00408b96        0x2 
 .rodata.str1.4
                0x00408b98       0x10 c:/program files (x86)/atmel/studio/7.0/toolchain/arm/arm-gnu-toolchain/bin/../lib/gcc/arm-none-eabi/4.9.3/../../../../arm-none-eabi/lib/cortex-m7\libc.a(lib_a-dtoa.o)
                                 0x12 (size before relaxing)
 .rodata.str1.4
                0x00408ba8        0xc c:/program files (x86)/atmel/studio/7.0/toolchain/arm/arm-gnu-toolchain/bin/../lib/gcc/arm-none-eabi/4.9.3/../../../../arm-none-eabi/lib/cortex-m7\libc.a(lib_a-locale.o)
                                 0x12 (size before relaxing)
 *fill*         0x00408bb4        0x4 
 .rodata.__mprec_tens
                0x00408bb8       0xc8 c:/program files (x86)/atmel/studio/7.0/toolchain/arm/arm-gnu-toolchain/bin/../lib/gcc/arm-none-eabi/4.9.3/../../../../arm-none-eabi/lib/cortex-m7\libc.a(lib_a-mprec.o)
                0x00408bb8                __mprec_tens
 .rodata.p05.5302
                0x00408c80        0xc c:/program files (x86)/atmel/studio/7.0/toolchain/arm/arm-gnu-toolchain/bin/../lib/gcc/arm-none-eabi/4.9.3/../../../../arm-none-eabi/lib/cortex-m7\libc.a(lib_a-mprec.o)
 *fill*         0x00408c8c        0x4 
 .rodata.__mprec_bigtens
                0x00408c90       0x28 c:/program files (x86)/atmel/studio/7.0/toolchain/arm/arm-gnu-toolchain/bin/../lib/gcc/arm-none-eabi/4.9.3/../../../../arm-none-eabi/lib/cortex-m7\libc.a(lib_a-mprec.o)
                0x00408c90                __mprec_bigtens
 *(.ARM.extab* .gnu.linkonce.armextab.*)
                0x00408cb8                . = ALIGN (0x4)
 *(.init)
 .init          0x00408cb8        0x4 c:/program files (x86)/atmel/studio/7.0/toolchain/arm/arm-gnu-toolchain/bin/../lib/gcc/arm-none-eabi/4.9.3/cortex-m7/crti.o
                0x00408cb8                _init
 .init          0x00408cbc        0x8 c:/program files (x86)/atmel/studio/7.0/toolchain/arm/arm-gnu-toolchain/bin/../lib/gcc/arm-none-eabi/4.9.3/cortex-m7/crtn.o
                0x00408cc4                . = ALIGN (0x4)
                0x00408cc4                __preinit_array_start = .
 *(.preinit_array)
                0x00408cc4                __preinit_array_end = .
                0x00408cc4                . = ALIGN (0x4)
                0x00408cc4                __init_array_start = .
 *(SORT(.init_array.*))
 .init_array.00000
                0x00408cc4        0x4 c:/program files (x86)/atmel/studio/7.0/toolchain/arm/arm-gnu-toolchain/bin/../lib/gcc/arm-none-eabi/4.9.3/../../../../arm-none-eabi/lib/cortex-m7\libc.a(lib_a-__call_atexit.o)
 *(.init_array)
 .init_array    0x00408cc8        0x4 c:/program files (x86)/atmel/studio/7.0/toolchain/arm/arm-gnu-toolchain/bin/../lib/gcc/arm-none-eabi/4.9.3/cortex-m7/crtbegin.o
                0x00408ccc                __init_array_end = .
                0x00408ccc                . = ALIGN (0x4)
 *crtbegin.o(.ctors)
 *(EXCLUDE_FILE(*crtend.o) .ctors)
 *(SORT(.ctors.*))
 *crtend.o(.ctors)
                0x00408ccc                . = ALIGN (0x4)
 *(.fini)
 .fini          0x00408ccc        0x4 c:/program files (x86)/atmel/studio/7.0/toolchain/arm/arm-gnu-toolchain/bin/../lib/gcc/arm-none-eabi/4.9.3/cortex-m7/crti.o
                0x00408ccc                _fini
 .fini          0x00408cd0        0x8 c:/program files (x86)/atmel/studio/7.0/toolchain/arm/arm-gnu-toolchain/bin/../lib/gcc/arm-none-eabi/4.9.3/cortex-m7/crtn.o
                0x00408cd8                . = ALIGN (0x4)
                0x00408cd8                __fini_array_start = .
 *(.fini_array)
 .fini_array    0x00408cd8        0x4 c:/program files (x86)/atmel/studio/7.0/toolchain/arm/arm-gnu-toolchain/bin/../lib/gcc/arm-none-eabi/4.9.3/cortex-m7/crtbegin.o
 *(SORT(.fini_array.*))
                0x00408cdc                __fini_array_end = .
 *crtbegin.o(.dtors)
 *(EXCLUDE_FILE(*crtend.o) .dtors)
 *(SORT(.dtors.*))
 *crtend.o(.dtors)
                0x00408cdc                . = ALIGN (0x4)
                0x00408cdc                _efixed = .
                0x00408cdc                PROVIDE (__exidx_start, .)

.vfp11_veneer   0x00408cdc        0x0
 .vfp11_veneer  0x00000000        0x0 linker stubs

.v4_bx          0x00408cdc        0x0
 .v4_bx         0x00000000        0x0 linker stubs

.iplt           0x00408cdc        0x0
 .iplt          0x00000000        0x0 c:/program files (x86)/atmel/studio/7.0/toolchain/arm/arm-gnu-toolchain/bin/../lib/gcc/arm-none-eabi/4.9.3/cortex-m7/crtbegin.o

.ARM.exidx      0x00408cdc        0x8
 *(.ARM.exidx* .gnu.linkonce.armexidx.*)
 .ARM.exidx     0x00408cdc        0x8 c:/program files (x86)/atmel/studio/7.0/toolchain/arm/arm-gnu-toolchain/bin/../lib/gcc/arm-none-eabi/4.9.3/cortex-m7\libgcc.a(_divdi3.o)
 .ARM.exidx     0x00408ce4        0x0 c:/program files (x86)/atmel/studio/7.0/toolchain/arm/arm-gnu-toolchain/bin/../lib/gcc/arm-none-eabi/4.9.3/cortex-m7\libgcc.a(_udivdi3.o)
                                  0x8 (size before relaxing)
                0x00408ce4                PROVIDE (__exidx_end, .)

.eh_frame       0x00408ce4        0x0
 .eh_frame      0x00408ce4        0x0 c:/program files (x86)/atmel/studio/7.0/toolchain/arm/arm-gnu-toolchain/bin/../lib/gcc/arm-none-eabi/4.9.3/cortex-m7/crtbegin.o

.rel.dyn        0x00408ce4        0x0
 .rel.iplt      0x00000000        0x0 c:/program files (x86)/atmel/studio/7.0/toolchain/arm/arm-gnu-toolchain/bin/../lib/gcc/arm-none-eabi/4.9.3/cortex-m7/crtbegin.o

.jcr            0x00408ce4        0x0
 .jcr           0x00408ce4        0x0 c:/program files (x86)/atmel/studio/7.0/toolchain/arm/arm-gnu-toolchain/bin/../lib/gcc/arm-none-eabi/4.9.3/cortex-m7/crtbegin.o

.igot.plt       0x00408ce4        0x0
 .igot.plt      0x00000000        0x0 c:/program files (x86)/atmel/studio/7.0/toolchain/arm/arm-gnu-toolchain/bin/../lib/gcc/arm-none-eabi/4.9.3/cortex-m7/crtbegin.o
                0x00408ce4                . = ALIGN (0x4)
                0x00408ce4                _etext = .

.relocate       0x20400000      0x8f4 load address 0x00408ce4
                0x20400000                . = ALIGN (0x4)
                0x20400000                _srelocate = .
 *(.ramfunc .ramfunc.*)
 *(.data .data.*)
 .data.SystemCoreClock
                0x20400000        0x4 src/ASF/sam/utils/cmsis/same70/source/templates/system_same70.o
                0x20400000                SystemCoreClock
 .data.p_revdata
                0x20400004        0x4 src/usart_rs485_example_canopus.o
                0x20400004                p_revdata
 .data.CMD_READY
                0x20400008        0x7 src/usart_rs485_example_canopus.o
                0x20400008                CMD_READY
 *fill*         0x2040000f        0x1 
 .data.CMD_CLEAN
                0x20400010        0x7 src/usart_rs485_example_canopus.o
                0x20400010                CMD_CLEAN
 *fill*         0x20400017        0x1 
 .data.CMD_CLEANING
                0x20400018        0x7 src/usart_rs485_example_canopus.o
                0x20400018                CMD_CLEANING
 *fill*         0x2040001f        0x1 
 .data.CMD_DIRTY
                0x20400020        0x7 src/usart_rs485_example_canopus.o
                0x20400020                CMD_DIRTY
 *fill*         0x20400027        0x1 
 .data.CMD_ERROR
                0x20400028        0x7 src/usart_rs485_example_canopus.o
                0x20400028                CMD_ERROR
 *fill*         0x2040002f        0x1 
 .data.CMD_SHELF1
                0x20400030        0x7 src/usart_rs485_example_canopus.o
                0x20400030                CMD_SHELF1
 *fill*         0x20400037        0x1 
 .data.CMD_SHELF2
                0x20400038        0x7 src/usart_rs485_example_canopus.o
                0x20400038                CMD_SHELF2
 *fill*         0x2040003f        0x1 
 .data.CMD_SHELF3
                0x20400040        0x7 src/usart_rs485_example_canopus.o
                0x20400040                CMD_SHELF3
 *fill*         0x20400047        0x1 
 .data.CMD_SHELF4
                0x20400048        0x7 src/usart_rs485_example_canopus.o
                0x20400048                CMD_SHELF4
 *fill*         0x2040004f        0x1 
 .data.CMD_CLEAR
                0x20400050        0x7 src/usart_rs485_example_canopus.o
                0x20400050                CMD_CLEAR
 *fill*         0x20400057        0x1 
 .data.cmdPtrArray
                0x20400058       0x28 src/usart_rs485_example_canopus.o
                0x20400058                cmdPtrArray
 .data.impure_data
                0x20400080      0x428 c:/program files (x86)/atmel/studio/7.0/toolchain/arm/arm-gnu-toolchain/bin/../lib/gcc/arm-none-eabi/4.9.3/../../../../arm-none-eabi/lib/cortex-m7\libc.a(lib_a-impure.o)
 .data._impure_ptr
                0x204004a8        0x4 c:/program files (x86)/atmel/studio/7.0/toolchain/arm/arm-gnu-toolchain/bin/../lib/gcc/arm-none-eabi/4.9.3/../../../../arm-none-eabi/lib/cortex-m7\libc.a(lib_a-impure.o)
                0x204004a8                _impure_ptr
 .data.lconv    0x204004ac       0x38 c:/program files (x86)/atmel/studio/7.0/toolchain/arm/arm-gnu-toolchain/bin/../lib/gcc/arm-none-eabi/4.9.3/../../../../arm-none-eabi/lib/cortex-m7\libc.a(lib_a-locale.o)
 .data.__malloc_av_
                0x204004e4      0x408 c:/program files (x86)/atmel/studio/7.0/toolchain/arm/arm-gnu-toolchain/bin/../lib/gcc/arm-none-eabi/4.9.3/../../../../arm-none-eabi/lib/cortex-m7\libc.a(lib_a-mallocr.o)
                0x204004e4                __malloc_av_
 .data.__malloc_trim_threshold
                0x204008ec        0x4 c:/program files (x86)/atmel/studio/7.0/toolchain/arm/arm-gnu-toolchain/bin/../lib/gcc/arm-none-eabi/4.9.3/../../../../arm-none-eabi/lib/cortex-m7\libc.a(lib_a-mallocr.o)
                0x204008ec                __malloc_trim_threshold
 .data.__malloc_sbrk_base
                0x204008f0        0x4 c:/program files (x86)/atmel/studio/7.0/toolchain/arm/arm-gnu-toolchain/bin/../lib/gcc/arm-none-eabi/4.9.3/../../../../arm-none-eabi/lib/cortex-m7\libc.a(lib_a-mallocr.o)
                0x204008f0                __malloc_sbrk_base
                0x204008f4                . = ALIGN (0x4)
                0x204008f4                _erelocate = .

.bss            0x204008f4      0x8e4 load address 0x004095d8
                0x204008f4                . = ALIGN (0x4)
                0x204008f4                _sbss = .
                0x204008f4                _szero = .
 *(.bss .bss.*)
 .bss           0x204008f4       0x1c c:/program files (x86)/atmel/studio/7.0/toolchain/arm/arm-gnu-toolchain/bin/../lib/gcc/arm-none-eabi/4.9.3/cortex-m7/crtbegin.o
 .bss.gs_interrupt_sources
                0x20400910       0x70 src/ASF/sam/drivers/pio/pio_handler.o
 .bss.ul_reg_val.8138
                0x20400980        0x4 src/ASF/sam/drivers/usart/usart.o
 .bss.heap.5212
                0x20400984        0x4 src/ASF/sam/utils/syscalls/gcc/syscalls.o
 .bss.g_state   0x20400988        0x1 src/usart_rs485_example_canopus.o
                0x20400988                g_state
 *fill*         0x20400989        0x3 
 .bss.g_ulcount
                0x2040098c        0x4 src/usart_rs485_example_canopus.o
                0x2040098c                g_ulcount
 .bss.ul_ms_ticks
                0x20400990        0x4 src/usart_rs485_example_canopus.o
                0x20400990                ul_ms_ticks
 .bss.__malloc_max_total_mem
                0x20400994        0x4 c:/program files (x86)/atmel/studio/7.0/toolchain/arm/arm-gnu-toolchain/bin/../lib/gcc/arm-none-eabi/4.9.3/../../../../arm-none-eabi/lib/cortex-m7\libc.a(lib_a-mallocr.o)
                0x20400994                __malloc_max_total_mem
 .bss.__malloc_max_sbrked_mem
                0x20400998        0x4 c:/program files (x86)/atmel/studio/7.0/toolchain/arm/arm-gnu-toolchain/bin/../lib/gcc/arm-none-eabi/4.9.3/../../../../arm-none-eabi/lib/cortex-m7\libc.a(lib_a-mallocr.o)
                0x20400998                __malloc_max_sbrked_mem
 .bss.__malloc_top_pad
                0x2040099c        0x4 c:/program files (x86)/atmel/studio/7.0/toolchain/arm/arm-gnu-toolchain/bin/../lib/gcc/arm-none-eabi/4.9.3/../../../../arm-none-eabi/lib/cortex-m7\libc.a(lib_a-mallocr.o)
                0x2040099c                __malloc_top_pad
 .bss.__malloc_current_mallinfo
                0x204009a0       0x28 c:/program files (x86)/atmel/studio/7.0/toolchain/arm/arm-gnu-toolchain/bin/../lib/gcc/arm-none-eabi/4.9.3/../../../../arm-none-eabi/lib/cortex-m7\libc.a(lib_a-mallocr.o)
                0x204009a0                __malloc_current_mallinfo
 *(COMMON)
 COMMON         0x204009c8        0x4 src/ASF/common/utils/stdio/read.o
                0x204009c8                ptr_get
 COMMON         0x204009cc        0x8 src/ASF/common/utils/stdio/write.o
                0x204009cc                ptr_put
                0x204009d0                stdio_base
 COMMON         0x204009d4       0x28 src/serial_id_ds2411.o
                0x204009d4                D
                0x204009d8                A
                0x204009dc                B
                0x204009e0                J
                0x204009e4                C
                0x204009e8                G
                0x204009ec                H
                0x204009f0                E
                0x204009f4                I
                0x204009f8                F
 COMMON         0x204009fc      0x7d8 src/usart_rs485_example_canopus.o
                0x204009fc                g_ul_tick_count
                0x20400a00                adc_current_conversion
                0x20400a04                g_uc_receive_buffer
 COMMON         0x204011d4        0x4 c:/program files (x86)/atmel/studio/7.0/toolchain/arm/arm-gnu-toolchain/bin/../lib/gcc/arm-none-eabi/4.9.3/../../../../arm-none-eabi/lib/cortex-m7\libc.a(lib_a-reent.o)
                0x204011d4                errno
                0x204011d8                . = ALIGN (0x4)
                0x204011d8                _ebss = .
                0x204011d8                _ezero = .

.stack          0x204011d8     0x2000 load address 0x00409ebc
                0x204011d8                . = ALIGN (0x8)
                0x204011d8                _sstack = .
                0x204031d8                . = (. + STACK_SIZE)
 *fill*         0x204011d8     0x2000 
                0x204031d8                . = ALIGN (0x8)
                0x204031d8                _estack = .

.heap           0x204031d8      0x200 load address 0x0040bebc
                0x204031d8                . = ALIGN (0x8)
                0x204031d8                _sheap = .
                0x204033d8                . = (. + HEAP_SIZE)
 *fill*         0x204031d8      0x200 
                0x204033d8                . = ALIGN (0x8)
                0x204033d8                _eheap = .
                0x204033d8                . = ALIGN (0x4)
                0x204033d8                _end = .
                0x2045ffff                _ram_end_ = ((ORIGIN (ram) + 0x60000) - 0x1)
OUTPUT(ecgen2.elf elf32-littlearm)

.ARM.attributes
                0x00000000       0x33
 .ARM.attributes
                0x00000000       0x23 c:/program files (x86)/atmel/studio/7.0/toolchain/arm/arm-gnu-toolchain/bin/../lib/gcc/arm-none-eabi/4.9.3/cortex-m7/crti.o
 .ARM.attributes
                0x00000023       0x33 c:/program files (x86)/atmel/studio/7.0/toolchain/arm/arm-gnu-toolchain/bin/../lib/gcc/arm-none-eabi/4.9.3/cortex-m7/crtbegin.o
 .ARM.attributes
                0x00000056       0x37 src/ASF/common/services/clock/same70/sysclk.o
 .ARM.attributes
                0x0000008d       0x37 src/ASF/common/utils/stdio/read.o
 .ARM.attributes
                0x000000c4       0x37 src/ASF/common/utils/stdio/write.o
 .ARM.attributes
                0x000000fb       0x37 src/ASF/sam/boards/same70_xplained/init.o
 .ARM.attributes
                0x00000132       0x37 src/ASF/sam/drivers/pio/pio.o
 .ARM.attributes
                0x00000169       0x37 src/ASF/sam/drivers/pio/pio_handler.o
 .ARM.attributes
                0x000001a0       0x37 src/ASF/sam/drivers/pmc/pmc.o
 .ARM.attributes
                0x000001d7       0x37 src/ASF/sam/drivers/twihs/twihs.o
 .ARM.attributes
                0x0000020e       0x37 src/ASF/sam/drivers/uart/uart.o
 .ARM.attributes
                0x00000245       0x37 src/ASF/sam/drivers/usart/usart.o
 .ARM.attributes
                0x0000027c       0x37 src/ASF/sam/utils/cmsis/same70/source/templates/gcc/startup_same70.o
 .ARM.attributes
                0x000002b3       0x37 src/ASF/sam/utils/cmsis/same70/source/templates/system_same70.o
 .ARM.attributes
                0x000002ea       0x37 src/ASF/sam/utils/syscalls/gcc/syscalls.o
 .ARM.attributes
                0x00000321       0x37 src/pca9952.o
 .ARM.attributes
                0x00000358       0x37 src/serial_id_ds2411.o
 .ARM.attributes
                0x0000038f       0x37 src/usart_rs485_example_canopus.o
 .ARM.attributes
                0x000003c6       0x33 c:/program files (x86)/atmel/studio/7.0/toolchain/arm/arm-gnu-toolchain/bin/../lib/gcc/arm-none-eabi/4.9.3/../../../../arm-none-eabi/lib/cortex-m7\libc.a(lib_a-impure.o)
 .ARM.attributes
                0x000003f9       0x33 c:/program files (x86)/atmel/studio/7.0/toolchain/arm/arm-gnu-toolchain/bin/../lib/gcc/arm-none-eabi/4.9.3/../../../../arm-none-eabi/lib/cortex-m7\libc.a(lib_a-init.o)
 .ARM.attributes
                0x0000042c       0x33 c:/program files (x86)/atmel/studio/7.0/toolchain/arm/arm-gnu-toolchain/bin/../lib/gcc/arm-none-eabi/4.9.3/../../../../arm-none-eabi/lib/cortex-m7\libc.a(lib_a-memset.o)
 .ARM.attributes
                0x0000045f       0x33 c:/program files (x86)/atmel/studio/7.0/toolchain/arm/arm-gnu-toolchain/bin/../lib/gcc/arm-none-eabi/4.9.3/../../../../arm-none-eabi/lib/cortex-m7\libc.a(lib_a-puts.o)
 .ARM.attributes
                0x00000492       0x33 c:/program files (x86)/atmel/studio/7.0/toolchain/arm/arm-gnu-toolchain/bin/../lib/gcc/arm-none-eabi/4.9.3/../../../../arm-none-eabi/lib/cortex-m7\libc.a(lib_a-setbuf.o)
 .ARM.attributes
                0x000004c5       0x33 c:/program files (x86)/atmel/studio/7.0/toolchain/arm/arm-gnu-toolchain/bin/../lib/gcc/arm-none-eabi/4.9.3/../../../../arm-none-eabi/lib/cortex-m7\libc.a(lib_a-setvbuf.o)
 .ARM.attributes
                0x000004f8       0x33 c:/program files (x86)/atmel/studio/7.0/toolchain/arm/arm-gnu-toolchain/bin/../lib/gcc/arm-none-eabi/4.9.3/../../../../arm-none-eabi/lib/cortex-m7\libc.a(lib_a-sprintf.o)
 .ARM.attributes
                0x0000052b       0x33 c:/program files (x86)/atmel/studio/7.0/toolchain/arm/arm-gnu-toolchain/bin/../lib/gcc/arm-none-eabi/4.9.3/../../../../arm-none-eabi/lib/cortex-m7\libc.a(lib_a-strlen.o)
 .ARM.attributes
                0x0000055e       0x33 c:/program files (x86)/atmel/studio/7.0/toolchain/arm/arm-gnu-toolchain/bin/../lib/gcc/arm-none-eabi/4.9.3/../../../../arm-none-eabi/lib/cortex-m7\libc.a(lib_a-svfprintf.o)
 .ARM.attributes
                0x00000591       0x33 c:/program files (x86)/atmel/studio/7.0/toolchain/arm/arm-gnu-toolchain/bin/../lib/gcc/arm-none-eabi/4.9.3/../../../../arm-none-eabi/lib/cortex-m7\libc.a(lib_a-wbuf.o)
 .ARM.attributes
                0x000005c4       0x33 c:/program files (x86)/atmel/studio/7.0/toolchain/arm/arm-gnu-toolchain/bin/../lib/gcc/arm-none-eabi/4.9.3/../../../../arm-none-eabi/lib/cortex-m7\libc.a(lib_a-wsetup.o)
 .ARM.attributes
                0x000005f7       0x33 c:/program files (x86)/atmel/studio/7.0/toolchain/arm/arm-gnu-toolchain/bin/../lib/gcc/arm-none-eabi/4.9.3/../../../../arm-none-eabi/lib/cortex-m7\libc.a(lib_a-__call_atexit.o)
 .ARM.attributes
                0x0000062a       0x33 c:/program files (x86)/atmel/studio/7.0/toolchain/arm/arm-gnu-toolchain/bin/../lib/gcc/arm-none-eabi/4.9.3/../../../../arm-none-eabi/lib/cortex-m7\libc.a(lib_a-atexit.o)
 .ARM.attributes
                0x0000065d       0x33 c:/program files (x86)/atmel/studio/7.0/toolchain/arm/arm-gnu-toolchain/bin/../lib/gcc/arm-none-eabi/4.9.3/../../../../arm-none-eabi/lib/cortex-m7\libc.a(lib_a-dtoa.o)
 .ARM.attributes
                0x00000690       0x33 c:/program files (x86)/atmel/studio/7.0/toolchain/arm/arm-gnu-toolchain/bin/../lib/gcc/arm-none-eabi/4.9.3/../../../../arm-none-eabi/lib/cortex-m7\libc.a(lib_a-fflush.o)
 .ARM.attributes
                0x000006c3       0x33 c:/program files (x86)/atmel/studio/7.0/toolchain/arm/arm-gnu-toolchain/bin/../lib/gcc/arm-none-eabi/4.9.3/../../../../arm-none-eabi/lib/cortex-m7\libc.a(lib_a-findfp.o)
 .ARM.attributes
                0x000006f6       0x33 c:/program files (x86)/atmel/studio/7.0/toolchain/arm/arm-gnu-toolchain/bin/../lib/gcc/arm-none-eabi/4.9.3/../../../../arm-none-eabi/lib/cortex-m7\libc.a(lib_a-fini.o)
 .ARM.attributes
                0x00000729       0x33 c:/program files (x86)/atmel/studio/7.0/toolchain/arm/arm-gnu-toolchain/bin/../lib/gcc/arm-none-eabi/4.9.3/../../../../arm-none-eabi/lib/cortex-m7\libc.a(lib_a-freer.o)
 .ARM.attributes
                0x0000075c       0x33 c:/program files (x86)/atmel/studio/7.0/toolchain/arm/arm-gnu-toolchain/bin/../lib/gcc/arm-none-eabi/4.9.3/../../../../arm-none-eabi/lib/cortex-m7\libc.a(lib_a-fvwrite.o)
 .ARM.attributes
                0x0000078f       0x33 c:/program files (x86)/atmel/studio/7.0/toolchain/arm/arm-gnu-toolchain/bin/../lib/gcc/arm-none-eabi/4.9.3/../../../../arm-none-eabi/lib/cortex-m7\libc.a(lib_a-fwalk.o)
 .ARM.attributes
                0x000007c2       0x33 c:/program files (x86)/atmel/studio/7.0/toolchain/arm/arm-gnu-toolchain/bin/../lib/gcc/arm-none-eabi/4.9.3/../../../../arm-none-eabi/lib/cortex-m7\libc.a(lib_a-locale.o)
 .ARM.attributes
                0x000007f5       0x33 c:/program files (x86)/atmel/studio/7.0/toolchain/arm/arm-gnu-toolchain/bin/../lib/gcc/arm-none-eabi/4.9.3/../../../../arm-none-eabi/lib/cortex-m7\libc.a(lib_a-makebuf.o)
 .ARM.attributes
                0x00000828       0x33 c:/program files (x86)/atmel/studio/7.0/toolchain/arm/arm-gnu-toolchain/bin/../lib/gcc/arm-none-eabi/4.9.3/../../../../arm-none-eabi/lib/cortex-m7\libc.a(lib_a-malloc.o)
 .ARM.attributes
                0x0000085b       0x33 c:/program files (x86)/atmel/studio/7.0/toolchain/arm/arm-gnu-toolchain/bin/../lib/gcc/arm-none-eabi/4.9.3/../../../../arm-none-eabi/lib/cortex-m7\libc.a(lib_a-mallocr.o)
 .ARM.attributes
                0x0000088e       0x33 c:/program files (x86)/atmel/studio/7.0/toolchain/arm/arm-gnu-toolchain/bin/../lib/gcc/arm-none-eabi/4.9.3/../../../../arm-none-eabi/lib/cortex-m7\libc.a(lib_a-memchr.o)
 .ARM.attributes
                0x000008c1       0x21 c:/program files (x86)/atmel/studio/7.0/toolchain/arm/arm-gnu-toolchain/bin/../lib/gcc/arm-none-eabi/4.9.3/../../../../arm-none-eabi/lib/cortex-m7\libc.a(lib_a-memcpy.o)
 .ARM.attributes
                0x000008e2       0x33 c:/program files (x86)/atmel/studio/7.0/toolchain/arm/arm-gnu-toolchain/bin/../lib/gcc/arm-none-eabi/4.9.3/../../../../arm-none-eabi/lib/cortex-m7\libc.a(lib_a-memmove.o)
 .ARM.attributes
                0x00000915       0x33 c:/program files (x86)/atmel/studio/7.0/toolchain/arm/arm-gnu-toolchain/bin/../lib/gcc/arm-none-eabi/4.9.3/../../../../arm-none-eabi/lib/cortex-m7\libc.a(lib_a-mlock.o)
 .ARM.attributes
                0x00000948       0x33 c:/program files (x86)/atmel/studio/7.0/toolchain/arm/arm-gnu-toolchain/bin/../lib/gcc/arm-none-eabi/4.9.3/../../../../arm-none-eabi/lib/cortex-m7\libc.a(lib_a-mprec.o)
 .ARM.attributes
                0x0000097b       0x33 c:/program files (x86)/atmel/studio/7.0/toolchain/arm/arm-gnu-toolchain/bin/../lib/gcc/arm-none-eabi/4.9.3/../../../../arm-none-eabi/lib/cortex-m7\libc.a(lib_a-reallocr.o)
 .ARM.attributes
                0x000009ae       0x33 c:/program files (x86)/atmel/studio/7.0/toolchain/arm/arm-gnu-toolchain/bin/../lib/gcc/arm-none-eabi/4.9.3/../../../../arm-none-eabi/lib/cortex-m7\libc.a(lib_a-s_fpclassify.o)
 .ARM.attributes
                0x000009e1       0x33 c:/program files (x86)/atmel/studio/7.0/toolchain/arm/arm-gnu-toolchain/bin/../lib/gcc/arm-none-eabi/4.9.3/../../../../arm-none-eabi/lib/cortex-m7\libc.a(lib_a-sbrkr.o)
 .ARM.attributes
                0x00000a14       0x33 c:/program files (x86)/atmel/studio/7.0/toolchain/arm/arm-gnu-toolchain/bin/../lib/gcc/arm-none-eabi/4.9.3/../../../../arm-none-eabi/lib/cortex-m7\libc.a(lib_a-stdio.o)
 .ARM.attributes
                0x00000a47       0x33 c:/program files (x86)/atmel/studio/7.0/toolchain/arm/arm-gnu-toolchain/bin/../lib/gcc/arm-none-eabi/4.9.3/../../../../arm-none-eabi/lib/cortex-m7\libc.a(lib_a-svfiprintf.o)
 .ARM.attributes
                0x00000a7a       0x33 c:/program files (x86)/atmel/studio/7.0/toolchain/arm/arm-gnu-toolchain/bin/../lib/gcc/arm-none-eabi/4.9.3/../../../../arm-none-eabi/lib/cortex-m7\libc.a(lib_a-writer.o)
 .ARM.attributes
                0x00000aad       0x33 c:/program files (x86)/atmel/studio/7.0/toolchain/arm/arm-gnu-toolchain/bin/../lib/gcc/arm-none-eabi/4.9.3/../../../../arm-none-eabi/lib/cortex-m7\libc.a(lib_a-__atexit.o)
 .ARM.attributes
                0x00000ae0       0x33 c:/program files (x86)/atmel/studio/7.0/toolchain/arm/arm-gnu-toolchain/bin/../lib/gcc/arm-none-eabi/4.9.3/../../../../arm-none-eabi/lib/cortex-m7\libc.a(lib_a-callocr.o)
 .ARM.attributes
                0x00000b13       0x33 c:/program files (x86)/atmel/studio/7.0/toolchain/arm/arm-gnu-toolchain/bin/../lib/gcc/arm-none-eabi/4.9.3/../../../../arm-none-eabi/lib/cortex-m7\libc.a(lib_a-closer.o)
 .ARM.attributes
                0x00000b46       0x33 c:/program files (x86)/atmel/studio/7.0/toolchain/arm/arm-gnu-toolchain/bin/../lib/gcc/arm-none-eabi/4.9.3/../../../../arm-none-eabi/lib/cortex-m7\libc.a(lib_a-fclose.o)
 .ARM.attributes
                0x00000b79       0x33 c:/program files (x86)/atmel/studio/7.0/toolchain/arm/arm-gnu-toolchain/bin/../lib/gcc/arm-none-eabi/4.9.3/../../../../arm-none-eabi/lib/cortex-m7\libc.a(lib_a-fstatr.o)
 .ARM.attributes
                0x00000bac       0x33 c:/program files (x86)/atmel/studio/7.0/toolchain/arm/arm-gnu-toolchain/bin/../lib/gcc/arm-none-eabi/4.9.3/../../../../arm-none-eabi/lib/cortex-m7\libc.a(lib_a-isattyr.o)
 .ARM.attributes
                0x00000bdf       0x33 c:/program files (x86)/atmel/studio/7.0/toolchain/arm/arm-gnu-toolchain/bin/../lib/gcc/arm-none-eabi/4.9.3/../../../../arm-none-eabi/lib/cortex-m7\libc.a(lib_a-lseekr.o)
 .ARM.attributes
                0x00000c12       0x33 c:/program files (x86)/atmel/studio/7.0/toolchain/arm/arm-gnu-toolchain/bin/../lib/gcc/arm-none-eabi/4.9.3/../../../../arm-none-eabi/lib/cortex-m7\libc.a(lib_a-readr.o)
 .ARM.attributes
                0x00000c45       0x33 c:/program files (x86)/atmel/studio/7.0/toolchain/arm/arm-gnu-toolchain/bin/../lib/gcc/arm-none-eabi/4.9.3/../../../../arm-none-eabi/lib/cortex-m7\libc.a(lib_a-reent.o)
 .ARM.attributes
                0x00000c78       0x23 c:/program files (x86)/atmel/studio/7.0/toolchain/arm/arm-gnu-toolchain/bin/../lib/gcc/arm-none-eabi/4.9.3/cortex-m7\libgcc.a(_arm_addsubdf3.o)
 .ARM.attributes
                0x00000c9b       0x23 c:/program files (x86)/atmel/studio/7.0/toolchain/arm/arm-gnu-toolchain/bin/../lib/gcc/arm-none-eabi/4.9.3/cortex-m7\libgcc.a(_arm_muldivdf3.o)
 .ARM.attributes
                0x00000cbe       0x23 c:/program files (x86)/atmel/studio/7.0/toolchain/arm/arm-gnu-toolchain/bin/../lib/gcc/arm-none-eabi/4.9.3/cortex-m7\libgcc.a(_arm_cmpdf2.o)
 .ARM.attributes
                0x00000ce1       0x23 c:/program files (x86)/atmel/studio/7.0/toolchain/arm/arm-gnu-toolchain/bin/../lib/gcc/arm-none-eabi/4.9.3/cortex-m7\libgcc.a(_arm_fixdfsi.o)
 .ARM.attributes
                0x00000d04       0x23 c:/program files (x86)/atmel/studio/7.0/toolchain/arm/arm-gnu-toolchain/bin/../lib/gcc/arm-none-eabi/4.9.3/cortex-m7\libgcc.a(_aeabi_uldivmod.o)
 .ARM.attributes
                0x00000d27       0x33 c:/program files (x86)/atmel/studio/7.0/toolchain/arm/arm-gnu-toolchain/bin/../lib/gcc/arm-none-eabi/4.9.3/cortex-m7\libgcc.a(bpabi.o)
 .ARM.attributes
                0x00000d5a       0x23 c:/program files (x86)/atmel/studio/7.0/toolchain/arm/arm-gnu-toolchain/bin/../lib/gcc/arm-none-eabi/4.9.3/cortex-m7\libgcc.a(_dvmd_tls.o)
 .ARM.attributes
                0x00000d7d       0x33 c:/program files (x86)/atmel/studio/7.0/toolchain/arm/arm-gnu-toolchain/bin/../lib/gcc/arm-none-eabi/4.9.3/cortex-m7\libgcc.a(_divdi3.o)
 .ARM.attributes
                0x00000db0       0x33 c:/program files (x86)/atmel/studio/7.0/toolchain/arm/arm-gnu-toolchain/bin/../lib/gcc/arm-none-eabi/4.9.3/cortex-m7\libgcc.a(_udivdi3.o)
 .ARM.attributes
                0x00000de3       0x23 c:/program files (x86)/atmel/studio/7.0/toolchain/arm/arm-gnu-toolchain/bin/../lib/gcc/arm-none-eabi/4.9.3/cortex-m7/crtn.o

.comment        0x00000000       0x5b
 .comment       0x00000000       0x5b src/ASF/common/services/clock/same70/sysclk.o
                                 0x5c (size before relaxing)
 .comment       0x00000000       0x5c src/ASF/common/utils/stdio/read.o
 .comment       0x00000000       0x5c src/ASF/common/utils/stdio/write.o
 .comment       0x00000000       0x5c src/ASF/sam/boards/same70_xplained/init.o
 .comment       0x00000000       0x5c src/ASF/sam/drivers/pio/pio.o
 .comment       0x00000000       0x5c src/ASF/sam/drivers/pio/pio_handler.o
 .comment       0x00000000       0x5c src/ASF/sam/drivers/pmc/pmc.o
 .comment       0x00000000       0x5c src/ASF/sam/drivers/twihs/twihs.o
 .comment       0x00000000       0x5c src/ASF/sam/drivers/uart/uart.o
 .comment       0x00000000       0x5c src/ASF/sam/drivers/usart/usart.o
 .comment       0x00000000       0x5c src/ASF/sam/utils/cmsis/same70/source/templates/gcc/startup_same70.o
 .comment       0x00000000       0x5c src/ASF/sam/utils/cmsis/same70/source/templates/system_same70.o
 .comment       0x00000000       0x5c src/ASF/sam/utils/syscalls/gcc/syscalls.o
 .comment       0x00000000       0x5c src/pca9952.o
 .comment       0x00000000       0x5c src/serial_id_ds2411.o
 .comment       0x00000000       0x5c src/usart_rs485_example_canopus.o

.debug_info     0x00000000     0xd6bd
 .debug_info    0x00000000      0x755 src/ASF/common/services/clock/same70/sysclk.o
 .debug_info    0x00000755      0x1ae src/ASF/common/utils/stdio/read.o
 .debug_info    0x00000903      0x1bc src/ASF/common/utils/stdio/write.o
 .debug_info    0x00000abf      0xf1c src/ASF/sam/boards/same70_xplained/init.o
 .debug_info    0x000019db     0x16d7 src/ASF/sam/drivers/pio/pio.o
 .debug_info    0x000030b2     0x107a src/ASF/sam/drivers/pio/pio_handler.o
 .debug_info    0x0000412c     0x1475 src/ASF/sam/drivers/pmc/pmc.o
 .debug_info    0x000055a1      0xae7 src/ASF/sam/drivers/twihs/twihs.o
 .debug_info    0x00006088      0x745 src/ASF/sam/drivers/uart/uart.o
 .debug_info    0x000067cd     0x16d8 src/ASF/sam/drivers/usart/usart.o
 .debug_info    0x00007ea5      0xa12 src/ASF/sam/utils/cmsis/same70/source/templates/gcc/startup_same70.o
 .debug_info    0x000088b7      0x570 src/ASF/sam/utils/cmsis/same70/source/templates/system_same70.o
 .debug_info    0x00008e27      0x434 src/ASF/sam/utils/syscalls/gcc/syscalls.o
 .debug_info    0x0000925b      0x56c src/pca9952.o
 .debug_info    0x000097c7     0x1594 src/serial_id_ds2411.o
 .debug_info    0x0000ad5b     0x2962 src/usart_rs485_example_canopus.o

.debug_abbrev   0x00000000     0x1d6f
 .debug_abbrev  0x00000000      0x1c3 src/ASF/common/services/clock/same70/sysclk.o
 .debug_abbrev  0x000001c3       0xdd src/ASF/common/utils/stdio/read.o
 .debug_abbrev  0x000002a0       0xe6 src/ASF/common/utils/stdio/write.o
 .debug_abbrev  0x00000386      0x294 src/ASF/sam/boards/same70_xplained/init.o
 .debug_abbrev  0x0000061a      0x1c6 src/ASF/sam/drivers/pio/pio.o
 .debug_abbrev  0x000007e0      0x202 src/ASF/sam/drivers/pio/pio_handler.o
 .debug_abbrev  0x000009e2      0x229 src/ASF/sam/drivers/pmc/pmc.o
 .debug_abbrev  0x00000c0b      0x1fa src/ASF/sam/drivers/twihs/twihs.o
 .debug_abbrev  0x00000e05      0x169 src/ASF/sam/drivers/uart/uart.o
 .debug_abbrev  0x00000f6e      0x1da src/ASF/sam/drivers/usart/usart.o
 .debug_abbrev  0x00001148      0x136 src/ASF/sam/utils/cmsis/same70/source/templates/gcc/startup_same70.o
 .debug_abbrev  0x0000127e       0xf5 src/ASF/sam/utils/cmsis/same70/source/templates/system_same70.o
 .debug_abbrev  0x00001373      0x11d src/ASF/sam/utils/syscalls/gcc/syscalls.o
 .debug_abbrev  0x00001490      0x11a src/pca9952.o
 .debug_abbrev  0x000015aa      0x33f src/serial_id_ds2411.o
 .debug_abbrev  0x000018e9      0x486 src/usart_rs485_example_canopus.o

.debug_loc      0x00000000     0x8094
 .debug_loc     0x00000000      0x4a0 src/ASF/common/services/clock/same70/sysclk.o
 .debug_loc     0x000004a0       0x50 src/ASF/common/utils/stdio/read.o
 .debug_loc     0x000004f0       0x50 src/ASF/common/utils/stdio/write.o
 .debug_loc     0x00000540      0x32c src/ASF/sam/boards/same70_xplained/init.o
 .debug_loc     0x0000086c     0x17ec src/ASF/sam/drivers/pio/pio.o
 .debug_loc     0x00002058      0x38c src/ASF/sam/drivers/pio/pio_handler.o
 .debug_loc     0x000023e4     0x1714 src/ASF/sam/drivers/pmc/pmc.o
 .debug_loc     0x00003af8      0x978 src/ASF/sam/drivers/twihs/twihs.o
 .debug_loc     0x00004470      0x8a0 src/ASF/sam/drivers/uart/uart.o
 .debug_loc     0x00004d10     0x1e4c src/ASF/sam/drivers/usart/usart.o
 .debug_loc     0x00006b5c       0x64 src/ASF/sam/utils/cmsis/same70/source/templates/gcc/startup_same70.o
 .debug_loc     0x00006bc0       0xe4 src/ASF/sam/utils/cmsis/same70/source/templates/system_same70.o
 .debug_loc     0x00006ca4      0x300 src/ASF/sam/utils/syscalls/gcc/syscalls.o
 .debug_loc     0x00006fa4      0x192 src/pca9952.o
 .debug_loc     0x00007136      0x694 src/serial_id_ds2411.o
 .debug_loc     0x000077ca      0x8ca src/usart_rs485_example_canopus.o

.debug_aranges  0x00000000      0xd88
 .debug_aranges
                0x00000000       0x98 src/ASF/common/services/clock/same70/sysclk.o
 .debug_aranges
                0x00000098       0x20 src/ASF/common/utils/stdio/read.o
 .debug_aranges
                0x000000b8       0x20 src/ASF/common/utils/stdio/write.o
 .debug_aranges
                0x000000d8       0x68 src/ASF/sam/boards/same70_xplained/init.o
 .debug_aranges
                0x00000140      0x238 src/ASF/sam/drivers/pio/pio.o
 .debug_aranges
                0x00000378       0x80 src/ASF/sam/drivers/pio/pio_handler.o
 .debug_aranges
                0x000003f8      0x250 src/ASF/sam/drivers/pmc/pmc.o
 .debug_aranges
                0x00000648       0xf0 src/ASF/sam/drivers/twihs/twihs.o
 .debug_aranges
                0x00000738       0xd8 src/ASF/sam/drivers/uart/uart.o
 .debug_aranges
                0x00000810      0x2c8 src/ASF/sam/drivers/usart/usart.o
 .debug_aranges
                0x00000ad8       0x28 src/ASF/sam/utils/cmsis/same70/source/templates/gcc/startup_same70.o
 .debug_aranges
                0x00000b00       0x30 src/ASF/sam/utils/cmsis/same70/source/templates/system_same70.o
 .debug_aranges
                0x00000b30       0x60 src/ASF/sam/utils/syscalls/gcc/syscalls.o
 .debug_aranges
                0x00000b90       0x40 src/pca9952.o
 .debug_aranges
                0x00000bd0       0xb8 src/serial_id_ds2411.o
 .debug_aranges
                0x00000c88      0x100 src/usart_rs485_example_canopus.o

.debug_ranges   0x00000000      0xc88
 .debug_ranges  0x00000000       0x88 src/ASF/common/services/clock/same70/sysclk.o
 .debug_ranges  0x00000088       0x10 src/ASF/common/utils/stdio/read.o
 .debug_ranges  0x00000098       0x10 src/ASF/common/utils/stdio/write.o
 .debug_ranges  0x000000a8       0x58 src/ASF/sam/boards/same70_xplained/init.o
 .debug_ranges  0x00000100      0x228 src/ASF/sam/drivers/pio/pio.o
 .debug_ranges  0x00000328       0x70 src/ASF/sam/drivers/pio/pio_handler.o
 .debug_ranges  0x00000398      0x240 src/ASF/sam/drivers/pmc/pmc.o
 .debug_ranges  0x000005d8       0xe0 src/ASF/sam/drivers/twihs/twihs.o
 .debug_ranges  0x000006b8       0xc8 src/ASF/sam/drivers/uart/uart.o
 .debug_ranges  0x00000780      0x2b8 src/ASF/sam/drivers/usart/usart.o
 .debug_ranges  0x00000a38       0x18 src/ASF/sam/utils/cmsis/same70/source/templates/gcc/startup_same70.o
 .debug_ranges  0x00000a50       0x20 src/ASF/sam/utils/cmsis/same70/source/templates/system_same70.o
 .debug_ranges  0x00000a70       0x50 src/ASF/sam/utils/syscalls/gcc/syscalls.o
 .debug_ranges  0x00000ac0       0x30 src/pca9952.o
 .debug_ranges  0x00000af0       0xa8 src/serial_id_ds2411.o
 .debug_ranges  0x00000b98       0xf0 src/usart_rs485_example_canopus.o

.debug_macro    0x00000000    0x1e3d6
 .debug_macro   0x00000000      0x64a src/ASF/common/services/clock/same70/sysclk.o
 .debug_macro   0x0000064a      0x8a4 src/ASF/common/services/clock/same70/sysclk.o
 .debug_macro   0x00000eee      0x636 src/ASF/common/services/clock/same70/sysclk.o
 .debug_macro   0x00001524       0x3a src/ASF/common/services/clock/same70/sysclk.o
 .debug_macro   0x0000155e      0x166 src/ASF/common/services/clock/same70/sysclk.o
 .debug_macro   0x000016c4       0x76 src/ASF/common/services/clock/same70/sysclk.o
 .debug_macro   0x0000173a       0x16 src/ASF/common/services/clock/same70/sysclk.o
 .debug_macro   0x00001750      0x6e4 src/ASF/common/services/clock/same70/sysclk.o
 .debug_macro   0x00001e34       0x22 src/ASF/common/services/clock/same70/sysclk.o
 .debug_macro   0x00001e56       0x44 src/ASF/common/services/clock/same70/sysclk.o
 .debug_macro   0x00001e9a       0x58 src/ASF/common/services/clock/same70/sysclk.o
 .debug_macro   0x00001ef2       0x22 src/ASF/common/services/clock/same70/sysclk.o
 .debug_macro   0x00001f14      0x1df src/ASF/common/services/clock/same70/sysclk.o
 .debug_macro   0x000020f3       0x4a src/ASF/common/services/clock/same70/sysclk.o
 .debug_macro   0x0000213d       0x3b src/ASF/common/services/clock/same70/sysclk.o
 .debug_macro   0x00002178       0x2d src/ASF/common/services/clock/same70/sysclk.o
 .debug_macro   0x000021a5       0x26 src/ASF/common/services/clock/same70/sysclk.o
 .debug_macro   0x000021cb      0xf9a src/ASF/common/services/clock/same70/sysclk.o
 .debug_macro   0x00003165      0x175 src/ASF/common/services/clock/same70/sysclk.o
 .debug_macro   0x000032da      0x257 src/ASF/common/services/clock/same70/sysclk.o
 .debug_macro   0x00003531      0xa0f src/ASF/common/services/clock/same70/sysclk.o
 .debug_macro   0x00003f40      0x1b9 src/ASF/common/services/clock/same70/sysclk.o
 .debug_macro   0x000040f9      0x336 src/ASF/common/services/clock/same70/sysclk.o
 .debug_macro   0x0000442f      0x15b src/ASF/common/services/clock/same70/sysclk.o
 .debug_macro   0x0000458a     0x1851 src/ASF/common/services/clock/same70/sysclk.o
 .debug_macro   0x00005ddb       0x1c src/ASF/common/services/clock/same70/sysclk.o
 .debug_macro   0x00005df7      0x68d src/ASF/common/services/clock/same70/sysclk.o
 .debug_macro   0x00006484      0x31e src/ASF/common/services/clock/same70/sysclk.o
 .debug_macro   0x000067a2      0x4d4 src/ASF/common/services/clock/same70/sysclk.o
 .debug_macro   0x00006c76      0x56e src/ASF/common/services/clock/same70/sysclk.o
 .debug_macro   0x000071e4     0x1332 src/ASF/common/services/clock/same70/sysclk.o
 .debug_macro   0x00008516     0x2907 src/ASF/common/services/clock/same70/sysclk.o
 .debug_macro   0x0000ae1d     0x102b src/ASF/common/services/clock/same70/sysclk.o
 .debug_macro   0x0000be48      0xe01 src/ASF/common/services/clock/same70/sysclk.o
 .debug_macro   0x0000cc49      0x3b1 src/ASF/common/services/clock/same70/sysclk.o
 .debug_macro   0x0000cffa       0xa0 src/ASF/common/services/clock/same70/sysclk.o
 .debug_macro   0x0000d09a       0x76 src/ASF/common/services/clock/same70/sysclk.o
 .debug_macro   0x0000d110      0x409 src/ASF/common/services/clock/same70/sysclk.o
 .debug_macro   0x0000d519       0x64 src/ASF/common/services/clock/same70/sysclk.o
 .debug_macro   0x0000d57d      0x284 src/ASF/common/services/clock/same70/sysclk.o
 .debug_macro   0x0000d801      0x1d0 src/ASF/common/services/clock/same70/sysclk.o
 .debug_macro   0x0000d9d1      0x248 src/ASF/common/services/clock/same70/sysclk.o
 .debug_macro   0x0000dc19      0x524 src/ASF/common/services/clock/same70/sysclk.o
 .debug_macro   0x0000e13d      0x63b src/ASF/common/services/clock/same70/sysclk.o
 .debug_macro   0x0000e778      0x6b8 src/ASF/common/services/clock/same70/sysclk.o
 .debug_macro   0x0000ee30       0x4c src/ASF/common/services/clock/same70/sysclk.o
 .debug_macro   0x0000ee7c      0x468 src/ASF/common/services/clock/same70/sysclk.o
 .debug_macro   0x0000f2e4      0x207 src/ASF/common/services/clock/same70/sysclk.o
 .debug_macro   0x0000f4eb      0x866 src/ASF/common/services/clock/same70/sysclk.o
 .debug_macro   0x0000fd51     0x1547 src/ASF/common/services/clock/same70/sysclk.o
 .debug_macro   0x00011298       0x40 src/ASF/common/services/clock/same70/sysclk.o
 .debug_macro   0x000112d8       0x76 src/ASF/common/services/clock/same70/sysclk.o
 .debug_macro   0x0001134e      0xdaf src/ASF/common/services/clock/same70/sysclk.o
 .debug_macro   0x000120fd       0x82 src/ASF/common/services/clock/same70/sysclk.o
 .debug_macro   0x0001217f       0x76 src/ASF/common/services/clock/same70/sysclk.o
 .debug_macro   0x000121f5       0x4c src/ASF/common/services/clock/same70/sysclk.o
 .debug_macro   0x00012241      0x135 src/ASF/common/services/clock/same70/sysclk.o
 .debug_macro   0x00012376      0x135 src/ASF/common/services/clock/same70/sysclk.o
 .debug_macro   0x000124ab      0x135 src/ASF/common/services/clock/same70/sysclk.o
 .debug_macro   0x000125e0       0x6a src/ASF/common/services/clock/same70/sysclk.o
 .debug_macro   0x0001264a       0x6a src/ASF/common/services/clock/same70/sysclk.o
 .debug_macro   0x000126b4      0x313 src/ASF/common/services/clock/same70/sysclk.o
 .debug_macro   0x000129c7       0xb2 src/ASF/common/services/clock/same70/sysclk.o
 .debug_macro   0x00012a79       0xb2 src/ASF/common/services/clock/same70/sysclk.o
 .debug_macro   0x00012b2b       0xb2 src/ASF/common/services/clock/same70/sysclk.o
 .debug_macro   0x00012bdd      0x11d src/ASF/common/services/clock/same70/sysclk.o
 .debug_macro   0x00012cfa      0x11d src/ASF/common/services/clock/same70/sysclk.o
 .debug_macro   0x00012e17      0x2cd src/ASF/common/services/clock/same70/sysclk.o
 .debug_macro   0x000130e4       0xb8 src/ASF/common/services/clock/same70/sysclk.o
 .debug_macro   0x0001319c       0x5e src/ASF/common/services/clock/same70/sysclk.o
 .debug_macro   0x000131fa       0x40 src/ASF/common/services/clock/same70/sysclk.o
 .debug_macro   0x0001323a       0x4c src/ASF/common/services/clock/same70/sysclk.o
 .debug_macro   0x00013286       0xa0 src/ASF/common/services/clock/same70/sysclk.o
 .debug_macro   0x00013326      0x494 src/ASF/common/services/clock/same70/sysclk.o
 .debug_macro   0x000137ba      0x135 src/ASF/common/services/clock/same70/sysclk.o
 .debug_macro   0x000138ef       0x4c src/ASF/common/services/clock/same70/sysclk.o
 .debug_macro   0x0001393b      0x313 src/ASF/common/services/clock/same70/sysclk.o
 .debug_macro   0x00013c4e       0x6a src/ASF/common/services/clock/same70/sysclk.o
 .debug_macro   0x00013cb8       0xb8 src/ASF/common/services/clock/same70/sysclk.o
 .debug_macro   0x00013d70       0x6a src/ASF/common/services/clock/same70/sysclk.o
 .debug_macro   0x00013dda       0x2e src/ASF/common/services/clock/same70/sysclk.o
 .debug_macro   0x00013e08      0x9b1 src/ASF/common/services/clock/same70/sysclk.o
 .debug_macro   0x000147b9       0x6a src/ASF/common/services/clock/same70/sysclk.o
 .debug_macro   0x00014823       0x88 src/ASF/common/services/clock/same70/sysclk.o
 .debug_macro   0x000148ab       0x58 src/ASF/common/services/clock/same70/sysclk.o
 .debug_macro   0x00014903       0xe2 src/ASF/common/services/clock/same70/sysclk.o
 .debug_macro   0x000149e5       0x16 src/ASF/common/services/clock/same70/sysclk.o
 .debug_macro   0x000149fb       0xe2 src/ASF/common/services/clock/same70/sysclk.o
 .debug_macro   0x00014add       0x4c src/ASF/common/services/clock/same70/sysclk.o
 .debug_macro   0x00014b29       0x16 src/ASF/common/services/clock/same70/sysclk.o
 .debug_macro   0x00014b3f       0x4c src/ASF/common/services/clock/same70/sysclk.o
 .debug_macro   0x00014b8b       0x2e src/ASF/common/services/clock/same70/sysclk.o
 .debug_macro   0x00014bb9      0x1ad src/ASF/common/services/clock/same70/sysclk.o
 .debug_macro   0x00014d66      0x1ad src/ASF/common/services/clock/same70/sysclk.o
 .debug_macro   0x00014f13      0x1ad src/ASF/common/services/clock/same70/sysclk.o
 .debug_macro   0x000150c0      0x1ad src/ASF/common/services/clock/same70/sysclk.o
 .debug_macro   0x0001526d      0x1ad src/ASF/common/services/clock/same70/sysclk.o
 .debug_macro   0x0001541a       0x1c src/ASF/common/services/clock/same70/sysclk.o
 .debug_macro   0x00015436       0x2e src/ASF/common/services/clock/same70/sysclk.o
 .debug_macro   0x00015464       0x22 src/ASF/common/services/clock/same70/sysclk.o
 .debug_macro   0x00015486       0x1c src/ASF/common/services/clock/same70/sysclk.o
 .debug_macro   0x000154a2       0x52 src/ASF/common/services/clock/same70/sysclk.o
 .debug_macro   0x000154f4       0x10 src/ASF/common/services/clock/same70/sysclk.o
 .debug_macro   0x00015504       0x1c src/ASF/common/services/clock/same70/sysclk.o
 .debug_macro   0x00015520       0x4c src/ASF/common/services/clock/same70/sysclk.o
 .debug_macro   0x0001556c       0x4c src/ASF/common/services/clock/same70/sysclk.o
 .debug_macro   0x000155b8       0x4c src/ASF/common/services/clock/same70/sysclk.o
 .debug_macro   0x00015604      0x31b src/ASF/common/services/clock/same70/sysclk.o
 .debug_macro   0x0001591f     0x1022 src/ASF/common/services/clock/same70/sysclk.o
 .debug_macro   0x00016941      0x100 src/ASF/common/services/clock/same70/sysclk.o
 .debug_macro   0x00016a41       0x58 src/ASF/common/services/clock/same70/sysclk.o
 .debug_macro   0x00016a99       0x35 src/ASF/common/services/clock/same70/sysclk.o
 .debug_macro   0x00016ace       0x9c src/ASF/common/services/clock/same70/sysclk.o
 .debug_macro   0x00016b6a       0x16 src/ASF/common/services/clock/same70/sysclk.o
 .debug_macro   0x00016b80       0x35 src/ASF/common/services/clock/same70/sysclk.o
 .debug_macro   0x00016bb5      0x29d src/ASF/common/services/clock/same70/sysclk.o
 .debug_macro   0x00016e52       0x10 src/ASF/common/services/clock/same70/sysclk.o
 .debug_macro   0x00016e62       0x52 src/ASF/common/services/clock/same70/sysclk.o
 .debug_macro   0x00016eb4       0x16 src/ASF/common/services/clock/same70/sysclk.o
 .debug_macro   0x00016eca       0x43 src/ASF/common/services/clock/same70/sysclk.o
 .debug_macro   0x00016f0d      0x180 src/ASF/common/services/clock/same70/sysclk.o
 .debug_macro   0x0001708d       0x10 src/ASF/common/services/clock/same70/sysclk.o
 .debug_macro   0x0001709d       0x22 src/ASF/common/services/clock/same70/sysclk.o
 .debug_macro   0x000170bf       0xbe src/ASF/common/services/clock/same70/sysclk.o
 .debug_macro   0x0001717d       0x16 src/ASF/common/services/clock/same70/sysclk.o
 .debug_macro   0x00017193      0x197 src/ASF/common/services/clock/same70/sysclk.o
 .debug_macro   0x0001732a       0x22 src/ASF/common/services/clock/same70/sysclk.o
 .debug_macro   0x0001734c       0x16 src/ASF/common/services/clock/same70/sysclk.o
 .debug_macro   0x00017362       0x16 src/ASF/common/services/clock/same70/sysclk.o
 .debug_macro   0x00017378       0x29 src/ASF/common/services/clock/same70/sysclk.o
 .debug_macro   0x000173a1       0x6e src/ASF/common/services/clock/same70/sysclk.o
 .debug_macro   0x0001740f       0x3f src/ASF/common/services/clock/same70/sysclk.o
 .debug_macro   0x0001744e      0x3ca src/ASF/common/services/clock/same70/sysclk.o
 .debug_macro   0x00017818      0x288 src/ASF/common/services/clock/same70/sysclk.o
 .debug_macro   0x00017aa0      0x86d src/ASF/common/services/clock/same70/sysclk.o
 .debug_macro   0x0001830d       0x58 src/ASF/common/services/clock/same70/sysclk.o
 .debug_macro   0x00018365       0x64 src/ASF/common/services/clock/same70/sysclk.o
 .debug_macro   0x000183c9       0x5f src/ASF/common/services/clock/same70/sysclk.o
 .debug_macro   0x00018428       0xac src/ASF/common/services/clock/same70/sysclk.o
 .debug_macro   0x000184d4      0x5d0 src/ASF/common/utils/stdio/read.o
 .debug_macro   0x00018aa4      0x5d0 src/ASF/common/utils/stdio/write.o
 .debug_macro   0x00019074      0x6a2 src/ASF/sam/boards/same70_xplained/init.o
 .debug_macro   0x00019716       0x34 src/ASF/sam/boards/same70_xplained/init.o