Archive member included because of file (symbol)

c:/program files (x86)/atmel/studio/7.0/toolchain/arm/arm-gnu-toolchain/bin/../lib/gcc/arm-none-eabi/4.9.3/../../../../arm-none-eabi/lib/cortex-m7\libc.a(lib_a-exit.o)
                              c:/program files (x86)/atmel/studio/7.0/toolchain/arm/arm-gnu-toolchain/bin/../lib/gcc/arm-none-eabi/4.9.3/../../../../arm-none-eabi/lib/cortex-m7/crt0.o (exit)
c:/program files (x86)/atmel/studio/7.0/toolchain/arm/arm-gnu-toolchain/bin/../lib/gcc/arm-none-eabi/4.9.3/../../../../arm-none-eabi/lib/cortex-m7\libc.a(lib_a-impure.o)
                              c:/program files (x86)/atmel/studio/7.0/toolchain/arm/arm-gnu-toolchain/bin/../lib/gcc/arm-none-eabi/4.9.3/../../../../arm-none-eabi/lib/cortex-m7\libc.a(lib_a-exit.o) (_global_impure_ptr)
c:/program files (x86)/atmel/studio/7.0/toolchain/arm/arm-gnu-toolchain/bin/../lib/gcc/arm-none-eabi/4.9.3/../../../../arm-none-eabi/lib/cortex-m7\libc.a(lib_a-init.o)
                              c:/program files (x86)/atmel/studio/7.0/toolchain/arm/arm-gnu-toolchain/bin/../lib/gcc/arm-none-eabi/4.9.3/../../../../arm-none-eabi/lib/cortex-m7/crt0.o (__libc_init_array)
c:/program files (x86)/atmel/studio/7.0/toolchain/arm/arm-gnu-toolchain/bin/../lib/gcc/arm-none-eabi/4.9.3/../../../../arm-none-eabi/lib/cortex-m7\libc.a(lib_a-iprintf.o)
                              src/ASF/sam/utils/syscalls/gcc/syscalls.o (iprintf)
c:/program files (x86)/atmel/studio/7.0/toolchain/arm/arm-gnu-toolchain/bin/../lib/gcc/arm-none-eabi/4.9.3/../../../../arm-none-eabi/lib/cortex-m7\libc.a(lib_a-memset.o)
                              c:/program files (x86)/atmel/studio/7.0/toolchain/arm/arm-gnu-toolchain/bin/../lib/gcc/arm-none-eabi/4.9.3/../../../../arm-none-eabi/lib/cortex-m7/crt0.o (memset)
c:/program files (x86)/atmel/studio/7.0/toolchain/arm/arm-gnu-toolchain/bin/../lib/gcc/arm-none-eabi/4.9.3/../../../../arm-none-eabi/lib/cortex-m7\libc.a(lib_a-puts.o)
                              src/usart_rs485_example_canopus.o (puts)
c:/program files (x86)/atmel/studio/7.0/toolchain/arm/arm-gnu-toolchain/bin/../lib/gcc/arm-none-eabi/4.9.3/../../../../arm-none-eabi/lib/cortex-m7\libc.a(lib_a-setbuf.o)
                              src/usart_rs485_example_canopus.o (setbuf)
c:/program files (x86)/atmel/studio/7.0/toolchain/arm/arm-gnu-toolchain/bin/../lib/gcc/arm-none-eabi/4.9.3/../../../../arm-none-eabi/lib/cortex-m7\libc.a(lib_a-setvbuf.o)
                              c:/program files (x86)/atmel/studio/7.0/toolchain/arm/arm-gnu-toolchain/bin/../lib/gcc/arm-none-eabi/4.9.3/../../../../arm-none-eabi/lib/cortex-m7\libc.a(lib_a-setbuf.o) (setvbuf)
c:/program files (x86)/atmel/studio/7.0/toolchain/arm/arm-gnu-toolchain/bin/../lib/gcc/arm-none-eabi/4.9.3/../../../../arm-none-eabi/lib/cortex-m7\libc.a(lib_a-strlen.o)
                              c:/program files (x86)/atmel/studio/7.0/toolchain/arm/arm-gnu-toolchain/bin/../lib/gcc/arm-none-eabi/4.9.3/../../../../arm-none-eabi/lib/cortex-m7\libc.a(lib_a-puts.o) (strlen)
c:/program files (x86)/atmel/studio/7.0/toolchain/arm/arm-gnu-toolchain/bin/../lib/gcc/arm-none-eabi/4.9.3/../../../../arm-none-eabi/lib/cortex-m7\libc.a(lib_a-vfiprintf.o)
                              c:/program files (x86)/atmel/studio/7.0/toolchain/arm/arm-gnu-toolchain/bin/../lib/gcc/arm-none-eabi/4.9.3/../../../../arm-none-eabi/lib/cortex-m7\libc.a(lib_a-iprintf.o) (_vfiprintf_r)
c:/program files (x86)/atmel/studio/7.0/toolchain/arm/arm-gnu-toolchain/bin/../lib/gcc/arm-none-eabi/4.9.3/../../../../arm-none-eabi/lib/cortex-m7\libc.a(lib_a-wbuf.o)
                              src/usart_rs485_example_canopus.o (__swbuf_r)
c:/program files (x86)/atmel/studio/7.0/toolchain/arm/arm-gnu-toolchain/bin/../lib/gcc/arm-none-eabi/4.9.3/../../../../arm-none-eabi/lib/cortex-m7\libc.a(lib_a-wsetup.o)
                              c:/program files (x86)/atmel/studio/7.0/toolchain/arm/arm-gnu-toolchain/bin/../lib/gcc/arm-none-eabi/4.9.3/../../../../arm-none-eabi/lib/cortex-m7\libc.a(lib_a-vfiprintf.o) (__swsetup_r)
c:/program files (x86)/atmel/studio/7.0/toolchain/arm/arm-gnu-toolchain/bin/../lib/gcc/arm-none-eabi/4.9.3/../../../../arm-none-eabi/lib/cortex-m7\libc.a(lib_a-__call_atexit.o)
                              c:/program files (x86)/atmel/studio/7.0/toolchain/arm/arm-gnu-toolchain/bin/../lib/gcc/arm-none-eabi/4.9.3/../../../../arm-none-eabi/lib/cortex-m7\libc.a(lib_a-exit.o) (__call_exitprocs)
c:/program files (x86)/atmel/studio/7.0/toolchain/arm/arm-gnu-toolchain/bin/../lib/gcc/arm-none-eabi/4.9.3/../../../../arm-none-eabi/lib/cortex-m7\libc.a(lib_a-atexit.o)
                              c:/program files (x86)/atmel/studio/7.0/toolchain/arm/arm-gnu-toolchain/bin/../lib/gcc/arm-none-eabi/4.9.3/../../../../arm-none-eabi/lib/cortex-m7\libc.a(lib_a-__call_atexit.o) (atexit)
c:/program files (x86)/atmel/studio/7.0/toolchain/arm/arm-gnu-toolchain/bin/../lib/gcc/arm-none-eabi/4.9.3/../../../../arm-none-eabi/lib/cortex-m7\libc.a(lib_a-fflush.o)
[...]
Memory Configuration

Name             Origin             Length             Attributes
rom              0x00400000         0x00200000         xr
ram              0x20400000         0x00060000         xrw
*default*        0x00000000         0xffffffff

Linker script and memory map

LOAD c:/program files (x86)/atmel/studio/7.0/toolchain/arm/arm-gnu-toolchain/bin/../lib/gcc/arm-none-eabi/4.9.3/cortex-m7/crti.o
LOAD c:/program files (x86)/atmel/studio/7.0/toolchain/arm/arm-gnu-toolchain/bin/../lib/gcc/arm-none-eabi/4.9.3/cortex-m7/crtbegin.o
LOAD c:/program files (x86)/atmel/studio/7.0/toolchain/arm/arm-gnu-toolchain/bin/../lib/gcc/arm-none-eabi/4.9.3/../../../../arm-none-eabi/lib/cortex-m7/crt0.o
LOAD src/ASF/common/services/clock/same70/sysclk.o
LOAD src/ASF/common/services/serial/usart_serial.o
LOAD src/ASF/common/utils/interrupt/interrupt_sam_nvic.o
LOAD src/ASF/common/utils/stdio/read.o
LOAD src/ASF/common/utils/stdio/write.o
LOAD src/ASF/sam/boards/same70_xplained/init.o
LOAD src/ASF/sam/drivers/mpu/mpu.o
LOAD src/ASF/sam/drivers/pio/pio.o
LOAD src/ASF/sam/drivers/pio/pio_handler.o
LOAD src/ASF/sam/drivers/pmc/pmc.o
LOAD src/ASF/sam/drivers/pmc/sleep.o
LOAD src/ASF/sam/drivers/tc/tc.o
LOAD src/ASF/sam/drivers/uart/uart.o
LOAD src/ASF/sam/drivers/usart/usart.o
LOAD src/ASF/sam/utils/cmsis/same70/source/templates/gcc/startup_same70.o
LOAD src/ASF/sam/utils/cmsis/same70/source/templates/system_same70.o
LOAD src/ASF/sam/utils/syscalls/gcc/syscalls.o
LOAD src/serial_id_ds2411.o
LOAD src/usart_rs485_example_canopus.o
LOAD src/main.o
START GROUP
LOAD ../src/ASF/thirdparty/CMSIS/Lib/GCC\libarm_cortexM7lfsp_math_softfp.a
LOAD c:/program files (x86)/atmel/studio/7.0/toolchain/arm/arm-gnu-toolchain/bin/../lib/gcc/arm-none-eabi/4.9.3/../../../../arm-none-eabi/lib/cortex-m7\libm.a
END GROUP
START GROUP
LOAD c:/program files (x86)/atmel/studio/7.0/toolchain/arm/arm-gnu-toolchain/bin/../lib/gcc/arm-none-eabi/4.9.3/cortex-m7\libgcc.a
LOAD c:/program files (x86)/atmel/studio/7.0/toolchain/arm/arm-gnu-toolchain/bin/../lib/gcc/arm-none-eabi/4.9.3/../../../../arm-none-eabi/lib/cortex-m7\libc.a
END GROUP
LOAD c:/program files (x86)/atmel/studio/7.0/toolchain/arm/arm-gnu-toolchain/bin/../lib/gcc/arm-none-eabi/4.9.3/cortex-m7/crtend.o
LOAD c:/program files (x86)/atmel/studio/7.0/toolchain/arm/arm-gnu-toolchain/bin/../lib/gcc/arm-none-eabi/4.9.3/cortex-m7/crtn.o
                0x00002000                STACK_SIZE = DEFINED (STACK_SIZE)?STACK_SIZE:0x2000
                0x2045fffc                __ram_end__ = ((ORIGIN (ram) + 0x60000) - 0x4)
                0x00000200                HEAP_SIZE = DEFINED (HEAP_SIZE)?HEAP_SIZE:0x200

.text           0x00400000     0x3938
                0x00400000                . = ALIGN (0x4)
                0x00400000                _sfixed = .
 *(.vectors .vectors.*)
 .vectors       0x00400000      0x140 src/ASF/sam/utils/cmsis/same70/source/templates/gcc/startup_same70.o
                0x00400000                exception_table
 *(.text .text.* .gnu.linkonce.t.*)
 .text          0x00400140       0x5c c:/program files (x86)/atmel/studio/7.0/toolchain/arm/arm-gnu-toolchain/bin/../lib/gcc/arm-none-eabi/4.9.3/cortex-m7/crtbegin.o
 .text.osc_enable
                0x0040019c       0x84 src/ASF/common/services/clock/same70/sysclk.o
 .text.osc_is_ready
                0x00400220       0x70 src/ASF/common/services/clock/same70/sysclk.o
 .text.osc_wait_ready
                0x00400290       0x2c src/ASF/common/services/clock/same70/sysclk.o
 .text.sysclk_get_main_hz
                0x004002bc       0x14 src/ASF/common/services/clock/same70/sysclk.o
 .text.sysclk_get_cpu_hz
                0x004002d0       0x14 src/ASF/common/services/clock/same70/sysclk.o
 .text.sysclk_init
                0x004002e4       0x50 src/ASF/common/services/clock/same70/sysclk.o
                0x004002e4                sysclk_init
 .text._read    0x00400334       0x58 src/ASF/common/utils/stdio/read.o
                0x00400334                _read
 .text._write   0x0040038c       0x70 src/ASF/common/utils/stdio/write.o
                0x0040038c                _write
 .text.sysclk_enable_peripheral_clock
                0x004003fc       0x18 src/ASF/sam/boards/same70_xplained/init.o
 .text.ioport_init
                0x00400414       0x28 src/ASF/sam/boards/same70_xplained/init.o
 .text.ioport_disable_pin
                0x0040043c       0x48 src/ASF/sam/boards/same70_xplained/init.o
 .text.ioport_disable_port
                0x00400484       0x34 src/ASF/sam/boards/same70_xplained/init.o
 .text.ioport_set_port_mode
                0x004004b8      0x100 src/ASF/sam/boards/same70_xplained/init.o
 .text.ioport_set_pin_mode
                0x004005b8      0x11c src/ASF/sam/boards/same70_xplained/init.o
 .text.ioport_set_pin_dir
                0x004006d4       0x88 src/ASF/sam/boards/same70_xplained/init.o
 .text.ioport_set_pin_level
                0x0040075c       0x6c src/ASF/sam/boards/same70_xplained/init.o
 .text.ioport_set_pin_sense_mode
                0x004007c8       0xcc src/ASF/sam/boards/same70_xplained/init.o
 .text.board_init
                0x00400894       0xa0 src/ASF/sam/boards/same70_xplained/init.o
                0x00400894                board_init
 .text.pio_get_interrupt_status
                0x00400934       0x18 src/ASF/sam/drivers/pio/pio.o
                0x00400934                pio_get_interrupt_status
 .text.pio_get_interrupt_mask
                0x0040094c       0x18 src/ASF/sam/drivers/pio/pio.o
                0x0040094c                pio_get_interrupt_mask
 .text.pio_handler_process
                0x00400964       0xac src/ASF/sam/drivers/pio/pio_handler.o
                0x00400964                pio_handler_process
 .text.PIOA_Handler
                0x00400a10       0x18 src/ASF/sam/drivers/pio/pio_handler.o
                0x00400a10                PIOA_Handler
 .text.PIOB_Handler
                0x00400a28       0x18 src/ASF/sam/drivers/pio/pio_handler.o
                0x00400a28                PIOB_Handler
 .text.PIOC_Handler
                0x00400a40       0x18 src/ASF/sam/drivers/pio/pio_handler.o
                0x00400a40                PIOC_Handler
 .text.PIOD_Handler
                0x00400a58       0x18 src/ASF/sam/drivers/pio/pio_handler.o
                0x00400a58                PIOD_Handler
 .text.PIOE_Handler
                0x00400a70       0x18 src/ASF/sam/drivers/pio/pio_handler.o
                0x00400a70                PIOE_Handler
 .text.pmc_switch_mck_to_mainck
                0x00400a88       0x84 src/ASF/sam/drivers/pmc/pmc.o
                0x00400a88                pmc_switch_mck_to_mainck
 .text.pmc_switch_sclk_to_32kxtal
                0x00400b0c       0x38 src/ASF/sam/drivers/pmc/pmc.o
                0x00400b0c                pmc_switch_sclk_to_32kxtal
 .text.pmc_osc_is_ready_32kxtal
                0x00400b44       0x34 src/ASF/sam/drivers/pmc/pmc.o
                0x00400b44                pmc_osc_is_ready_32kxtal
 .text.pmc_switch_mainck_to_fastrc
                0x00400b78       0x70 src/ASF/sam/drivers/pmc/pmc.o
                0x00400b78                pmc_switch_mainck_to_fastrc
 .text.pmc_switch_mainck_to_xtal
                0x00400be8       0x78 src/ASF/sam/drivers/pmc/pmc.o
                0x00400be8                pmc_switch_mainck_to_xtal
 .text.pmc_osc_is_ready_mainck
                0x00400c60       0x1c src/ASF/sam/drivers/pmc/pmc.o
                0x00400c60                pmc_osc_is_ready_mainck
 .text.pmc_enable_periph_clk
                0x00400c7c       0x84 src/ASF/sam/drivers/pmc/pmc.o
                0x00400c7c                pmc_enable_periph_clk
 .text.uart_init
                0x00400d00       0x58 src/ASF/sam/drivers/uart/uart.o
                0x00400d00                uart_init
 .text.uart_write
                0x00400d58       0x30 src/ASF/sam/drivers/uart/uart.o
                0x00400d58                uart_write
 .text.uart_read
                0x00400d88       0x34 src/ASF/sam/drivers/uart/uart.o
                0x00400d88                uart_read
 .text.usart_set_async_baudrate
                0x00400dbc       0x8c src/ASF/sam/drivers/usart/usart.o
                0x00400dbc                usart_set_async_baudrate
 .text.usart_reset
                0x00400e48       0x54 src/ASF/sam/drivers/usart/usart.o
                0x00400e48                usart_reset
 .text.usart_init_rs232
                0x00400e9c       0x84 src/ASF/sam/drivers/usart/usart.o
                0x00400e9c                usart_init_rs232
 .text.usart_enable_tx
                0x00400f20       0x18 src/ASF/sam/drivers/usart/usart.o
                0x00400f20                usart_enable_tx
 .text.usart_reset_tx
                0x00400f38       0x18 src/ASF/sam/drivers/usart/usart.o
                0x00400f38                usart_reset_tx
 .text.usart_enable_rx
                0x00400f50       0x18 src/ASF/sam/drivers/usart/usart.o
                0x00400f50                usart_enable_rx
 .text.usart_reset_rx
                0x00400f68       0x18 src/ASF/sam/drivers/usart/usart.o
                0x00400f68                usart_reset_rx
 .text.usart_disable_interrupt
                0x00400f80       0x1c src/ASF/sam/drivers/usart/usart.o
                0x00400f80                usart_disable_interrupt
 .text.usart_get_status
                0x00400f9c       0x18 src/ASF/sam/drivers/usart/usart.o
                0x00400f9c                usart_get_status
 .text.usart_reset_status
                0x00400fb4       0x1c src/ASF/sam/drivers/usart/usart.o
                0x00400fb4                usart_reset_status
 .text.usart_drive_RTS_pin_high
                0x00400fd0       0x1c src/ASF/sam/drivers/usart/usart.o
                0x00400fd0                usart_drive_RTS_pin_high
 .text.usart_write
                0x00400fec       0x34 src/ASF/sam/drivers/usart/usart.o
                0x00400fec                usart_write
 .text.usart_read
                0x00401020       0x34 src/ASF/sam/drivers/usart/usart.o
                0x00401020                usart_read
 .text.usart_disable_writeprotect
                0x00401054       0x20 src/ASF/sam/drivers/usart/usart.o
                0x00401054                usart_disable_writeprotect
 .text.Reset_Handler
                0x00401074       0x84 src/ASF/sam/utils/cmsis/same70/source/templates/gcc/startup_same70.o
                0x00401074                Reset_Handler
 .text.Dummy_Handler
                0x004010f8        0x8 src/ASF/sam/utils/cmsis/same70/source/templates/gcc/startup_same70.o
                0x004010f8                DACC_Handler
                0x004010f8                DebugMon_Handler
                0x004010f8                UART3_Handler
                0x004010f8                UART2_Handler
                0x004010f8                TRNG_Handler
                0x004010f8                HardFault_Handler
                0x004010f8                TC2_Handler
                0x004010f8                AFEC1_Handler
                0x004010f8                PendSV_Handler
                0x004010f8                NMI_Handler
                0x004010f8                TC7_Handler
                0x004010f8                QSPI_Handler
                0x004010f8                ISI_Handler
                0x004010f8                TC9_Handler
                0x004010f8                RSWDT_Handler
                0x004010f8                MCAN1_Handler
                0x004010f8                RTT_Handler
                0x004010f8                USBHS_Handler
                0x004010f8                RTC_Handler
                0x004010f8                UsageFault_Handler
                0x004010f8                TC6_Handler
                0x004010f8                WDT_Handler
                0x004010f8                TC4_Handler
                0x004010f8                TC1_Handler
                0x004010f8                HSMCI_Handler
                0x004010f8                UART1_Handler
                0x004010f8                TC3_Handler
                0x004010f8                Dummy_Handler
                0x004010f8                TWIHS1_Handler
                0x004010f8                XDMAC_Handler
                0x004010f8                UART4_Handler
                0x004010f8                PWM1_Handler
                0x004010f8                USART1_Handler
                0x004010f8                PWM0_Handler
                0x004010f8                AFEC0_Handler
                0x004010f8                TC11_Handler
                0x004010f8                SSC_Handler
                0x004010f8                ACC_Handler
                0x004010f8                PMC_Handler
                0x004010f8                GMAC_Handler
                0x004010f8                MemManage_Handler
                0x004010f8                SUPC_Handler
                0x004010f8                SVC_Handler
                0x004010f8                TC8_Handler
                0x004010f8                EFC_Handler
                0x004010f8                USART2_Handler
                0x004010f8                SDRAMC_Handler
                0x004010f8                SPI1_Handler
                0x004010f8                MCAN0_Handler
                0x004010f8                TC10_Handler
                0x004010f8                TWIHS2_Handler
                0x004010f8                UART0_Handler
                0x004010f8                BusFault_Handler
                0x004010f8                RSTC_Handler
                0x004010f8                TC0_Handler
                0x004010f8                TC5_Handler
                0x004010f8                AES_Handler
                0x004010f8                ICM_Handler
                0x004010f8                TWIHS0_Handler
                0x004010f8                SPI0_Handler
 .text.SystemCoreClockUpdate
                0x00401100      0x168 src/ASF/sam/utils/cmsis/same70/source/templates/system_same70.o
                0x00401100                SystemCoreClockUpdate
 .text.system_init_flash
                0x00401268       0x94 src/ASF/sam/utils/cmsis/same70/source/templates/system_same70.o
                0x00401268                system_init_flash
 .text._sbrk    0x004012fc       0x58 src/ASF/sam/utils/syscalls/gcc/syscalls.o
                0x004012fc                _sbrk
 .text._close   0x00401354       0x18 src/ASF/sam/utils/syscalls/gcc/syscalls.o
                0x00401354                _close
 .text._fstat   0x0040136c       0x20 src/ASF/sam/utils/syscalls/gcc/syscalls.o
                0x0040136c                _fstat
 .text._isatty  0x0040138c       0x18 src/ASF/sam/utils/syscalls/gcc/syscalls.o
                0x0040138c                _isatty
 .text._lseek   0x004013a4       0x1c src/ASF/sam/utils/syscalls/gcc/syscalls.o
                0x004013a4                _lseek
 .text.NVIC_SetPriority
                0x004013c0       0x54 src/usart_rs485_example_canopus.o
 .text.SysTick_Config
                0x00401414       0x48 src/usart_rs485_example_canopus.o
 .text.sysclk_get_main_hz
                0x0040145c       0x14 src/usart_rs485_example_canopus.o
 .text.sysclk_get_cpu_hz
                0x00401470       0x14 src/usart_rs485_example_canopus.o
 .text.sysclk_get_peripheral_hz
                0x00401484       0x14 src/usart_rs485_example_canopus.o
 .text.sysclk_enable_peripheral_clock
                0x00401498       0x18 src/usart_rs485_example_canopus.o
 .text.ioport_toggle_pin_level
                0x004014b0       0x6c src/usart_rs485_example_canopus.o
 .text.usart_serial_init
                0x0040151c      0x160 src/usart_rs485_example_canopus.o
 .text.usart_serial_putchar
                0x0040167c      0x10c src/usart_rs485_example_canopus.o
 .text.usart_serial_getchar
                0x00401788      0x104 src/usart_rs485_example_canopus.o
 .text.stdio_serial_init
                0x0040188c       0x68 src/usart_rs485_example_canopus.o
 .text.mdelay   0x004018f4       0x2c src/usart_rs485_example_canopus.o
 .text.SysTick_Handler
                0x00401920       0x28 src/usart_rs485_example_canopus.o
                0x00401920                SysTick_Handler
 .text.USART0_Handler
                0x00401948       0x90 src/usart_rs485_example_canopus.o
                0x00401948                USART0_Handler
 .text.configure_systick
                0x004019d8       0x44 src/usart_rs485_example_canopus.o
 .text.configure_console
                0x00401a1c       0x38 src/usart_rs485_example_canopus.o
 .text.main     0x00401a54      0x11c src/usart_rs485_example_canopus.o
                0x00401a54                main
 .text.__libc_init_array
                0x00401b70       0x50 c:/program files (x86)/atmel/studio/7.0/toolchain/arm/arm-gnu-toolchain/bin/../lib/gcc/arm-none-eabi/4.9.3/../../../../arm-none-eabi/lib/cortex-m7\libc.a(lib_a-init.o)
                0x00401b70                __libc_init_array
 .text.memset   0x00401bc0       0xa0 c:/program files (x86)/atmel/studio/7.0/toolchain/arm/arm-gnu-toolchain/bin/../lib/gcc/arm-none-eabi/4.9.3/../../../../arm-none-eabi/lib/cortex-m7\libc.a(lib_a-memset.o)
                0x00401bc0                memset
 .text._puts_r  0x00401c60       0x60 c:/program files (x86)/atmel/studio/7.0/toolchain/arm/arm-gnu-toolchain/bin/../lib/gcc/arm-none-eabi/4.9.3/../../../../arm-none-eabi/lib/cortex-m7\libc.a(lib_a-puts.o)
                0x00401c60                _puts_r
 .text.puts     0x00401cc0       0x10 c:/program files (x86)/atmel/studio/7.0/toolchain/arm/arm-gnu-toolchain/bin/../lib/gcc/arm-none-eabi/4.9.3/../../../../arm-none-eabi/lib/cortex-m7\libc.a(lib_a-puts.o)
                0x00401cc0                puts
 .text.setbuf   0x00401cd0       0x10 c:/program files (x86)/atmel/studio/7.0/toolchain/arm/arm-gnu-toolchain/bin/../lib/gcc/arm-none-eabi/4.9.3/../../../../arm-none-eabi/lib/cortex-m7\libc.a(lib_a-setbuf.o)
                0x00401cd0                setbuf
 .text.setvbuf  0x00401ce0       0xfc c:/program files (x86)/atmel/studio/7.0/toolchain/arm/arm-gnu-toolchain/bin/../lib/gcc/arm-none-eabi/4.9.3/../../../../arm-none-eabi/lib/cortex-m7\libc.a(lib_a-setvbuf.o)
                0x00401ce0                setvbuf
 .text.strlen   0x00401ddc       0x5c c:/program files (x86)/atmel/studio/7.0/toolchain/arm/arm-gnu-toolchain/bin/../lib/gcc/arm-none-eabi/4.9.3/../../../../arm-none-eabi/lib/cortex-m7\libc.a(lib_a-strlen.o)
                0x00401ddc                strlen
 .text.__swbuf_r
                0x00401e38       0xa8 c:/program files (x86)/atmel/studio/7.0/toolchain/arm/arm-gnu-toolchain/bin/../lib/gcc/arm-none-eabi/4.9.3/../../../../arm-none-eabi/lib/cortex-m7\libc.a(lib_a-wbuf.o)
                0x00401e38                __swbuf_r
 .text.__swsetup_r
                0x00401ee0       0xc4 c:/program files (x86)/atmel/studio/7.0/toolchain/arm/arm-gnu-toolchain/bin/../lib/gcc/arm-none-eabi/4.9.3/../../../../arm-none-eabi/lib/cortex-m7\libc.a(lib_a-wsetup.o)
                0x00401ee0                __swsetup_r
 .text.startup.register_fini
                0x00401fa4       0x14 c:/program files (x86)/atmel/studio/7.0/toolchain/arm/arm-gnu-toolchain/bin/../lib/gcc/arm-none-eabi/4.9.3/../../../../arm-none-eabi/lib/cortex-m7\libc.a(lib_a-__call_atexit.o)
 .text.atexit   0x00401fb8        0xc c:/program files (x86)/atmel/studio/7.0/toolchain/arm/arm-gnu-toolchain/bin/../lib/gcc/arm-none-eabi/4.9.3/../../../../arm-none-eabi/lib/cortex-m7\libc.a(lib_a-atexit.o)
                0x00401fb8                atexit
 .text.__sflush_r
                0x00401fc4      0x148 c:/program files (x86)/atmel/studio/7.0/toolchain/arm/arm-gnu-toolchain/bin/../lib/gcc/arm-none-eabi/4.9.3/../../../../arm-none-eabi/lib/cortex-m7\libc.a(lib_a-fflush.o)
                0x00401fc4                __sflush_r
 .text._fflush_r
                0x0040210c       0x2c c:/program files (x86)/atmel/studio/7.0/toolchain/arm/arm-gnu-toolchain/bin/../lib/gcc/arm-none-eabi/4.9.3/../../../../arm-none-eabi/lib/cortex-m7\libc.a(lib_a-fflush.o)
                0x0040210c                _fflush_r
 .text._cleanup_r
                0x00402138        0xc c:/program files (x86)/atmel/studio/7.0/toolchain/arm/arm-gnu-toolchain/bin/../lib/gcc/arm-none-eabi/4.9.3/../../../../arm-none-eabi/lib/cortex-m7\libc.a(lib_a-findfp.o)
                0x00402138                _cleanup_r
 .text.__sinit.part.1
                0x00402144       0xfc c:/program files (x86)/atmel/studio/7.0/toolchain/arm/arm-gnu-toolchain/bin/../lib/gcc/arm-none-eabi/4.9.3/../../../../arm-none-eabi/lib/cortex-m7\libc.a(lib_a-findfp.o)
 .text.__sinit  0x00402240        0xc c:/program files (x86)/atmel/studio/7.0/toolchain/arm/arm-gnu-toolchain/bin/../lib/gcc/arm-none-eabi/4.9.3/../../../../arm-none-eabi/lib/cortex-m7\libc.a(lib_a-findfp.o)
                0x00402240                __sinit
 .text.__sfp_lock_acquire
                0x0040224c        0x4 c:/program files (x86)/atmel/studio/7.0/toolchain/arm/arm-gnu-toolchain/bin/../lib/gcc/arm-none-eabi/4.9.3/../../../../arm-none-eabi/lib/cortex-m7\libc.a(lib_a-findfp.o)
                0x0040224c                __sfp_lock_acquire
 .text.__sfp_lock_release
                0x00402250        0x4 c:/program files (x86)/atmel/studio/7.0/toolchain/arm/arm-gnu-toolchain/bin/../lib/gcc/arm-none-eabi/4.9.3/../../../../arm-none-eabi/lib/cortex-m7\libc.a(lib_a-findfp.o)
                0x00402250                __sfp_lock_release
 .text.__libc_fini_array
                0x00402254       0x2c c:/program files (x86)/atmel/studio/7.0/toolchain/arm/arm-gnu-toolchain/bin/../lib/gcc/arm-none-eabi/4.9.3/../../../../arm-none-eabi/lib/cortex-m7\libc.a(lib_a-fini.o)
                0x00402254                __libc_fini_array
 .text._malloc_trim_r
                0x00402280       0x9c c:/program files (x86)/atmel/studio/7.0/toolchain/arm/arm-gnu-toolchain/bin/../lib/gcc/arm-none-eabi/4.9.3/../../../../arm-none-eabi/lib/cortex-m7\libc.a(lib_a-freer.o)
                0x00402280                _malloc_trim_r
 .text._free_r  0x0040231c      0x1b0 c:/program files (x86)/atmel/studio/7.0/toolchain/arm/arm-gnu-toolchain/bin/../lib/gcc/arm-none-eabi/4.9.3/../../../../arm-none-eabi/lib/cortex-m7\libc.a(lib_a-freer.o)
                0x0040231c                _free_r
 .text.__sfvwrite_r
                0x004024cc      0x324 c:/program files (x86)/atmel/studio/7.0/toolchain/arm/arm-gnu-toolchain/bin/../lib/gcc/arm-none-eabi/4.9.3/../../../../arm-none-eabi/lib/cortex-m7\libc.a(lib_a-fvwrite.o)
                0x004024cc                __sfvwrite_r
 .text._fwalk_reent
                0x004027f0       0x50 c:/program files (x86)/atmel/studio/7.0/toolchain/arm/arm-gnu-toolchain/bin/../lib/gcc/arm-none-eabi/4.9.3/../../../../arm-none-eabi/lib/cortex-m7\libc.a(lib_a-fwalk.o)
                0x004027f0                _fwalk_reent
 .text.__smakebuf_r
                0x00402840       0xe4 c:/program files (x86)/atmel/studio/7.0/toolchain/arm/arm-gnu-toolchain/bin/../lib/gcc/arm-none-eabi/4.9.3/../../../../arm-none-eabi/lib/cortex-m7\libc.a(lib_a-makebuf.o)
                0x00402840                __smakebuf_r
 .text.malloc   0x00402924       0x10 c:/program files (x86)/atmel/studio/7.0/toolchain/arm/arm-gnu-toolchain/bin/../lib/gcc/arm-none-eabi/4.9.3/../../../../arm-none-eabi/lib/cortex-m7\libc.a(lib_a-malloc.o)
                0x00402924                malloc
 .text._malloc_r
                0x00402934      0x558 c:/program files (x86)/atmel/studio/7.0/toolchain/arm/arm-gnu-toolchain/bin/../lib/gcc/arm-none-eabi/4.9.3/../../../../arm-none-eabi/lib/cortex-m7\libc.a(lib_a-mallocr.o)
                0x00402934                _malloc_r
 .text.memchr   0x00402e8c       0x90 c:/program files (x86)/atmel/studio/7.0/toolchain/arm/arm-gnu-toolchain/bin/../lib/gcc/arm-none-eabi/4.9.3/../../../../arm-none-eabi/lib/cortex-m7\libc.a(lib_a-memchr.o)
                0x00402e8c                memchr
 .text          0x00402f1c      0x134 c:/program files (x86)/atmel/studio/7.0/toolchain/arm/arm-gnu-toolchain/bin/../lib/gcc/arm-none-eabi/4.9.3/../../../../arm-none-eabi/lib/cortex-m7\libc.a(lib_a-memcpy.o)
                0x00402f1c                memcpy
 .text.memmove  0x00403050       0xc4 c:/program files (x86)/atmel/studio/7.0/toolchain/arm/arm-gnu-toolchain/bin/../lib/gcc/arm-none-eabi/4.9.3/../../../../arm-none-eabi/lib/cortex-m7\libc.a(lib_a-memmove.o)
                0x00403050                memmove
 .text.__malloc_lock
                0x00403114        0x4 c:/program files (x86)/atmel/studio/7.0/toolchain/arm/arm-gnu-toolchain/bin/../lib/gcc/arm-none-eabi/4.9.3/../../../../arm-none-eabi/lib/cortex-m7\libc.a(lib_a-mlock.o)
                0x00403114                __malloc_lock
 .text.__malloc_unlock
                0x00403118        0x4 c:/program files (x86)/atmel/studio/7.0/toolchain/arm/arm-gnu-toolchain/bin/../lib/gcc/arm-none-eabi/4.9.3/../../../../arm-none-eabi/lib/cortex-m7\libc.a(lib_a-mlock.o)
                0x00403118                __malloc_unlock
 .text._realloc_r
                0x0040311c      0x3f0 c:/program files (x86)/atmel/studio/7.0/toolchain/arm/arm-gnu-toolchain/bin/../lib/gcc/arm-none-eabi/4.9.3/../../../../arm-none-eabi/lib/cortex-m7\libc.a(lib_a-reallocr.o)
                0x0040311c                _realloc_r
 .text._sbrk_r  0x0040350c       0x24 c:/program files (x86)/atmel/studio/7.0/toolchain/arm/arm-gnu-toolchain/bin/../lib/gcc/arm-none-eabi/4.9.3/../../../../arm-none-eabi/lib/cortex-m7\libc.a(lib_a-sbrkr.o)
                0x0040350c                _sbrk_r
 .text.__sread  0x00403530       0x24 c:/program files (x86)/atmel/studio/7.0/toolchain/arm/arm-gnu-toolchain/bin/../lib/gcc/arm-none-eabi/4.9.3/../../../../arm-none-eabi/lib/cortex-m7\libc.a(lib_a-stdio.o)
                0x00403530                __sread
 .text.__swrite
                0x00403554       0x38 c:/program files (x86)/atmel/studio/7.0/toolchain/arm/arm-gnu-toolchain/bin/../lib/gcc/arm-none-eabi/4.9.3/../../../../arm-none-eabi/lib/cortex-m7\libc.a(lib_a-stdio.o)
                0x00403554                __swrite
 .text.__sseek  0x0040358c       0x24 c:/program files (x86)/atmel/studio/7.0/toolchain/arm/arm-gnu-toolchain/bin/../lib/gcc/arm-none-eabi/4.9.3/../../../../arm-none-eabi/lib/cortex-m7\libc.a(lib_a-stdio.o)
                0x0040358c                __sseek
 .text.__sclose
                0x004035b0        0x8 c:/program files (x86)/atmel/studio/7.0/toolchain/arm/arm-gnu-toolchain/bin/../lib/gcc/arm-none-eabi/4.9.3/../../../../arm-none-eabi/lib/cortex-m7\libc.a(lib_a-stdio.o)
                0x004035b0                __sclose
 .text._write_r
                0x004035b8       0x28 c:/program files (x86)/atmel/studio/7.0/toolchain/arm/arm-gnu-toolchain/bin/../lib/gcc/arm-none-eabi/4.9.3/../../../../arm-none-eabi/lib/cortex-m7\libc.a(lib_a-writer.o)
                0x004035b8                _write_r
 .text.__register_exitproc
                0x004035e0       0xa8 c:/program files (x86)/atmel/studio/7.0/toolchain/arm/arm-gnu-toolchain/bin/../lib/gcc/arm-none-eabi/4.9.3/../../../../arm-none-eabi/lib/cortex-m7\libc.a(lib_a-__atexit.o)
                0x004035e0                __register_exitproc
 .text._close_r
                0x00403688       0x24 c:/program files (x86)/atmel/studio/7.0/toolchain/arm/arm-gnu-toolchain/bin/../lib/gcc/arm-none-eabi/4.9.3/../../../../arm-none-eabi/lib/cortex-m7\libc.a(lib_a-closer.o)
                0x00403688                _close_r
 .text._fclose_r
                0x004036ac       0x84 c:/program files (x86)/atmel/studio/7.0/toolchain/arm/arm-gnu-toolchain/bin/../lib/gcc/arm-none-eabi/4.9.3/../../../../arm-none-eabi/lib/cortex-m7\libc.a(lib_a-fclose.o)
                0x004036ac                _fclose_r
 .text._fstat_r
                0x00403730       0x28 c:/program files (x86)/atmel/studio/7.0/toolchain/arm/arm-gnu-toolchain/bin/../lib/gcc/arm-none-eabi/4.9.3/../../../../arm-none-eabi/lib/cortex-m7\libc.a(lib_a-fstatr.o)
                0x00403730                _fstat_r
 .text._isatty_r
                0x00403758       0x24 c:/program files (x86)/atmel/studio/7.0/toolchain/arm/arm-gnu-toolchain/bin/../lib/gcc/arm-none-eabi/4.9.3/../../../../arm-none-eabi/lib/cortex-m7\libc.a(lib_a-isattyr.o)
                0x00403758                _isatty_r
 .text._lseek_r
                0x0040377c       0x28 c:/program files (x86)/atmel/studio/7.0/toolchain/arm/arm-gnu-toolchain/bin/../lib/gcc/arm-none-eabi/4.9.3/../../../../arm-none-eabi/lib/cortex-m7\libc.a(lib_a-lseekr.o)
                0x0040377c                _lseek_r
 .text._read_r  0x004037a4       0x28 c:/program files (x86)/atmel/studio/7.0/toolchain/arm/arm-gnu-toolchain/bin/../lib/gcc/arm-none-eabi/4.9.3/../../../../arm-none-eabi/lib/cortex-m7\libc.a(lib_a-readr.o)
                0x004037a4                _read_r
 *(.glue_7t)
 .glue_7t       0x00000000        0x0 linker stubs
 *(.glue_7)
 .glue_7        0x00000000        0x0 linker stubs
 *(.rodata .rodata* .gnu.linkonce.r.*)
 .rodata        0x004037cc      0x13c src/usart_rs485_example_canopus.o
 .rodata.str1.4
                0x00403908        0x2 c:/program files (x86)/atmel/studio/7.0/toolchain/arm/arm-gnu-toolchain/bin/../lib/gcc/arm-none-eabi/4.9.3/../../../../arm-none-eabi/lib/cortex-m7\libc.a(lib_a-impure.o)
 *fill*         0x0040390a        0x2 
 .rodata._global_impure_ptr
                0x0040390c        0x4 c:/program files (x86)/atmel/studio/7.0/toolchain/arm/arm-gnu-toolchain/bin/../lib/gcc/arm-none-eabi/4.9.3/../../../../arm-none-eabi/lib/cortex-m7\libc.a(lib_a-impure.o)
                0x0040390c                _global_impure_ptr
 .rodata.str1.4
                0x00403910        0x4 c:/program files (x86)/atmel/studio/7.0/toolchain/arm/arm-gnu-toolchain/bin/../lib/gcc/arm-none-eabi/4.9.3/../../../../arm-none-eabi/lib/cortex-m7\libc.a(lib_a-puts.o)
                                  0x2 (size before relaxing)
 *(.ARM.extab* .gnu.linkonce.armextab.*)
                0x00403914                . = ALIGN (0x4)
 *(.init)
 .init          0x00403914        0x4 c:/program files (x86)/atmel/studio/7.0/toolchain/arm/arm-gnu-toolchain/bin/../lib/gcc/arm-none-eabi/4.9.3/cortex-m7/crti.o
                0x00403914                _init
 .init          0x00403918        0x8 c:/program files (x86)/atmel/studio/7.0/toolchain/arm/arm-gnu-toolchain/bin/../lib/gcc/arm-none-eabi/4.9.3/cortex-m7/crtn.o
                0x00403920                . = ALIGN (0x4)
                0x00403920                __preinit_array_start = .
 *(.preinit_array)
                0x00403920                __preinit_array_end = .
                0x00403920                . = ALIGN (0x4)
                0x00403920                __init_array_start = .
 *(SORT(.init_array.*))
 .init_array.00000
                0x00403920        0x4 c:/program files (x86)/atmel/studio/7.0/toolchain/arm/arm-gnu-toolchain/bin/../lib/gcc/arm-none-eabi/4.9.3/../../../../arm-none-eabi/lib/cortex-m7\libc.a(lib_a-__call_atexit.o)
 *(.init_array)
 .init_array    0x00403924        0x4 c:/program files (x86)/atmel/studio/7.0/toolchain/arm/arm-gnu-toolchain/bin/../lib/gcc/arm-none-eabi/4.9.3/cortex-m7/crtbegin.o
                0x00403928                __init_array_end = .
                0x00403928                . = ALIGN (0x4)
 *crtbegin.o(.ctors)
 *(EXCLUDE_FILE(*crtend.o) .ctors)
 *(SORT(.ctors.*))
 *crtend.o(.ctors)
                0x00403928                . = ALIGN (0x4)
 *(.fini)
 .fini          0x00403928        0x4 c:/program files (x86)/atmel/studio/7.0/toolchain/arm/arm-gnu-toolchain/bin/../lib/gcc/arm-none-eabi/4.9.3/cortex-m7/crti.o
                0x00403928                _fini
 .fini          0x0040392c        0x8 c:/program files (x86)/atmel/studio/7.0/toolchain/arm/arm-gnu-toolchain/bin/../lib/gcc/arm-none-eabi/4.9.3/cortex-m7/crtn.o
                0x00403934                . = ALIGN (0x4)
                0x00403934                __fini_array_start = .
 *(.fini_array)
 .fini_array    0x00403934        0x4 c:/program files (x86)/atmel/studio/7.0/toolchain/arm/arm-gnu-toolchain/bin/../lib/gcc/arm-none-eabi/4.9.3/cortex-m7/crtbegin.o
 *(SORT(.fini_array.*))
                0x00403938                __fini_array_end = .
 *crtbegin.o(.dtors)
 *(EXCLUDE_FILE(*crtend.o) .dtors)
 *(SORT(.dtors.*))
 *crtend.o(.dtors)
                0x00403938                . = ALIGN (0x4)
                0x00403938                _efixed = .
                0x00403938                PROVIDE (__exidx_start, .)

.vfp11_veneer   0x00403938        0x0
 .vfp11_veneer  0x00000000        0x0 linker stubs

.v4_bx          0x00403938        0x0
 .v4_bx         0x00000000        0x0 linker stubs

.iplt           0x00403938        0x0
 .iplt          0x00000000        0x0 c:/program files (x86)/atmel/studio/7.0/toolchain/arm/arm-gnu-toolchain/bin/../lib/gcc/arm-none-eabi/4.9.3/cortex-m7/crtbegin.o

.eh_frame       0x00403938        0x0
 .eh_frame      0x00403938        0x0 c:/program files (x86)/atmel/studio/7.0/toolchain/arm/arm-gnu-toolchain/bin/../lib/gcc/arm-none-eabi/4.9.3/cortex-m7/crtbegin.o

.rel.dyn        0x00403938        0x0
 .rel.iplt      0x00000000        0x0 c:/program files (x86)/atmel/studio/7.0/toolchain/arm/arm-gnu-toolchain/bin/../lib/gcc/arm-none-eabi/4.9.3/cortex-m7/crtbegin.o

.jcr            0x00403938        0x0
 .jcr           0x00403938        0x0 c:/program files (x86)/atmel/studio/7.0/toolchain/arm/arm-gnu-toolchain/bin/../lib/gcc/arm-none-eabi/4.9.3/cortex-m7/crtbegin.o

.igot.plt       0x00403938        0x0
 .igot.plt      0x00000000        0x0 c:/program files (x86)/atmel/studio/7.0/toolchain/arm/arm-gnu-toolchain/bin/../lib/gcc/arm-none-eabi/4.9.3/cortex-m7/crtbegin.o

.ARM.exidx
 *(.ARM.exidx* .gnu.linkonce.armexidx.*)
                0x00403938                PROVIDE (__exidx_end, .)
                0x00403938                . = ALIGN (0x4)
                0x00403938                _etext = .

.relocate       0x20400000      0x8bc load address 0x00403938
                0x20400000                . = ALIGN (0x4)
                0x20400000                _srelocate = .
 *(.ramfunc .ramfunc.*)
 *(.data .data.*)
 .data.SystemCoreClock
                0x20400000        0x4 src/ASF/sam/utils/cmsis/same70/source/templates/system_same70.o
                0x20400000                SystemCoreClock
 .data.p_revdata
                0x20400004        0x4 src/usart_rs485_example_canopus.o
                0x20400004                p_revdata
 .data.CMD_READY
                0x20400008        0x7 src/usart_rs485_example_canopus.o
                0x20400008                CMD_READY
 *fill*         0x2040000f        0x1 
 .data.CMD_CLEAN
                0x20400010        0x7 src/usart_rs485_example_canopus.o
                0x20400010                CMD_CLEAN
 *fill*         0x20400017        0x1 
 .data.CMD_CLEANING
                0x20400018        0x7 src/usart_rs485_example_canopus.o
                0x20400018                CMD_CLEANING
 *fill*         0x2040001f        0x1 
 .data.CMD_DIRTY
                0x20400020        0x7 src/usart_rs485_example_canopus.o
                0x20400020                CMD_DIRTY
 *fill*         0x20400027        0x1 
 .data.CMD_ERROR
                0x20400028        0x7 src/usart_rs485_example_canopus.o
                0x20400028                CMD_ERROR
 *fill*         0x2040002f        0x1 
 .data.CMD_SHELF1
                0x20400030        0x7 src/usart_rs485_example_canopus.o
                0x20400030                CMD_SHELF1
 *fill*         0x20400037        0x1 
 .data.CMD_SHELF2
                0x20400038        0x7 src/usart_rs485_example_canopus.o
                0x20400038                CMD_SHELF2
 *fill*         0x2040003f        0x1 
 .data.CMD_SHELF3
                0x20400040        0x7 src/usart_rs485_example_canopus.o
                0x20400040                CMD_SHELF3
 *fill*         0x20400047        0x1 
 .data.CMD_SHELF4
                0x20400048        0x7 src/usart_rs485_example_canopus.o
                0x20400048                CMD_SHELF4
 *fill*         0x2040004f        0x1 
 .data.CMD_CLEAR
                0x20400050        0x7 src/usart_rs485_example_canopus.o
                0x20400050                CMD_CLEAR
 *fill*         0x20400057        0x1 
 .data.cmdPtrArray
                0x20400058       0x28 src/usart_rs485_example_canopus.o
                0x20400058                cmdPtrArray
 .data.impure_data
                0x20400080      0x428 c:/program files (x86)/atmel/studio/7.0/toolchain/arm/arm-gnu-toolchain/bin/../lib/gcc/arm-none-eabi/4.9.3/../../../../arm-none-eabi/lib/cortex-m7\libc.a(lib_a-impure.o)
 .data._impure_ptr
                0x204004a8        0x4 c:/program files (x86)/atmel/studio/7.0/toolchain/arm/arm-gnu-toolchain/bin/../lib/gcc/arm-none-eabi/4.9.3/../../../../arm-none-eabi/lib/cortex-m7\libc.a(lib_a-impure.o)
                0x204004a8                _impure_ptr
 .data.__malloc_av_
                0x204004ac      0x408 c:/program files (x86)/atmel/studio/7.0/toolchain/arm/arm-gnu-toolchain/bin/../lib/gcc/arm-none-eabi/4.9.3/../../../../arm-none-eabi/lib/cortex-m7\libc.a(lib_a-mallocr.o)
                0x204004ac                __malloc_av_
 .data.__malloc_trim_threshold
                0x204008b4        0x4 c:/program files (x86)/atmel/studio/7.0/toolchain/arm/arm-gnu-toolchain/bin/../lib/gcc/arm-none-eabi/4.9.3/../../../../arm-none-eabi/lib/cortex-m7\libc.a(lib_a-mallocr.o)
                0x204008b4                __malloc_trim_threshold
 .data.__malloc_sbrk_base
                0x204008b8        0x4 c:/program files (x86)/atmel/studio/7.0/toolchain/arm/arm-gnu-toolchain/bin/../lib/gcc/arm-none-eabi/4.9.3/../../../../arm-none-eabi/lib/cortex-m7\libc.a(lib_a-mallocr.o)
                0x204008b8                __malloc_sbrk_base
                0x204008bc                . = ALIGN (0x4)
                0x204008bc                _erelocate = .

.bss            0x204008bc      0x8bc load address 0x004041f4
                0x204008bc                . = ALIGN (0x4)
                0x204008bc                _sbss = .
                0x204008bc                _szero = .
 *(.bss .bss.*)
 .bss           0x204008bc       0x1c c:/program files (x86)/atmel/studio/7.0/toolchain/arm/arm-gnu-toolchain/bin/../lib/gcc/arm-none-eabi/4.9.3/cortex-m7/crtbegin.o
 .bss.gs_interrupt_sources
                0x204008d8       0x70 src/ASF/sam/drivers/pio/pio_handler.o
 .bss.ul_reg_val.8138
                0x20400948        0x4 src/ASF/sam/drivers/usart/usart.o
 .bss.heap.5212
                0x2040094c        0x4 src/ASF/sam/utils/syscalls/gcc/syscalls.o
 .bss.g_state   0x20400950        0x1 src/usart_rs485_example_canopus.o
                0x20400950                g_state
 *fill*         0x20400951        0x3 
 .bss.g_ulcount
                0x20400954        0x4 src/usart_rs485_example_canopus.o
                0x20400954                g_ulcount
 .bss.ul_ms_ticks
                0x20400958        0x4 src/usart_rs485_example_canopus.o
                0x20400958                ul_ms_ticks
 .bss.__malloc_max_total_mem
                0x2040095c        0x4 c:/program files (x86)/atmel/studio/7.0/toolchain/arm/arm-gnu-toolchain/bin/../lib/gcc/arm-none-eabi/4.9.3/../../../../arm-none-eabi/lib/cortex-m7\libc.a(lib_a-mallocr.o)
                0x2040095c                __malloc_max_total_mem
 .bss.__malloc_max_sbrked_mem
                0x20400960        0x4 c:/program files (x86)/atmel/studio/7.0/toolchain/arm/arm-gnu-toolchain/bin/../lib/gcc/arm-none-eabi/4.9.3/../../../../arm-none-eabi/lib/cortex-m7\libc.a(lib_a-mallocr.o)
                0x20400960                __malloc_max_sbrked_mem
 .bss.__malloc_top_pad
                0x20400964        0x4 c:/program files (x86)/atmel/studio/7.0/toolchain/arm/arm-gnu-toolchain/bin/../lib/gcc/arm-none-eabi/4.9.3/../../../../arm-none-eabi/lib/cortex-m7\libc.a(lib_a-mallocr.o)
                0x20400964                __malloc_top_pad
 .bss.__malloc_current_mallinfo
                0x20400968       0x28 c:/program files (x86)/atmel/studio/7.0/toolchain/arm/arm-gnu-toolchain/bin/../lib/gcc/arm-none-eabi/4.9.3/../../../../arm-none-eabi/lib/cortex-m7\libc.a(lib_a-mallocr.o)
                0x20400968                __malloc_current_mallinfo
 *(COMMON)
 COMMON         0x20400990        0x4 src/ASF/common/utils/stdio/read.o
                0x20400990                ptr_get
 COMMON         0x20400994        0x8 src/ASF/common/utils/stdio/write.o
                0x20400994                ptr_put
                0x20400998                stdio_base
 COMMON         0x2040099c      0x7d8 src/usart_rs485_example_canopus.o
                0x2040099c                g_ul_tick_count
                0x204009a0                adc_current_conversion
                0x204009a4                g_uc_receive_buffer
 COMMON         0x20401174        0x4 c:/program files (x86)/atmel/studio/7.0/toolchain/arm/arm-gnu-toolchain/bin/../lib/gcc/arm-none-eabi/4.9.3/../../../../arm-none-eabi/lib/cortex-m7\libc.a(lib_a-reent.o)
                0x20401174                errno
                0x20401178                . = ALIGN (0x4)
                0x20401178                _ebss = .
                0x20401178                _ezero = .

.stack          0x20401178     0x2000 load address 0x00404ab0
                0x20401178                . = ALIGN (0x8)
                0x20401178                _sstack = .
                0x20403178                . = (. + STACK_SIZE)
 *fill*         0x20401178     0x2000 
                0x20403178                . = ALIGN (0x8)
                0x20403178                _estack = .

.heap           0x20403178      0x200 load address 0x00406ab0
                0x20403178                . = ALIGN (0x8)
                0x20403178                _sheap = .
                0x20403378                . = (. + HEAP_SIZE)
 *fill*         0x20403178      0x200 
                0x20403378                . = ALIGN (0x8)
                0x20403378                _eheap = .
                0x20403378                . = ALIGN (0x4)
                0x20403378                _end = .
                0x2045ffff                _ram_end_ = ((ORIGIN (ram) + 0x60000) - 0x1)
OUTPUT(ecgen2.elf elf32-littlearm)

.ARM.attributes
                0x00000000       0x33
 .ARM.attributes
                0x00000000       0x23 c:/program files (x86)/atmel/studio/7.0/toolchain/arm/arm-gnu-toolchain/bin/../lib/gcc/arm-none-eabi/4.9.3/cortex-m7/crti.o
 .ARM.attributes
                0x00000023       0x33 c:/program files (x86)/atmel/studio/7.0/toolchain/arm/arm-gnu-toolchain/bin/../lib/gcc/arm-none-eabi/4.9.3/cortex-m7/crtbegin.o
 .ARM.attributes
                0x00000056       0x37 src/ASF/common/services/clock/same70/sysclk.o
 .ARM.attributes
                0x0000008d       0x37 src/ASF/common/utils/stdio/read.o
 .ARM.attributes
                0x000000c4       0x37 src/ASF/common/utils/stdio/write.o
 .ARM.attributes
                0x000000fb       0x37 src/ASF/sam/boards/same70_xplained/init.o
 .ARM.attributes
                0x00000132       0x37 src/ASF/sam/drivers/pio/pio.o
 .ARM.attributes
                0x00000169       0x37 src/ASF/sam/drivers/pio/pio_handler.o
 .ARM.attributes
                0x000001a0       0x37 src/ASF/sam/drivers/pmc/pmc.o
 .ARM.attributes
                0x000001d7       0x37 src/ASF/sam/drivers/uart/uart.o
 .ARM.attributes
                0x0000020e       0x37 src/ASF/sam/drivers/usart/usart.o
 .ARM.attributes
                0x00000245       0x37 src/ASF/sam/utils/cmsis/same70/source/templates/gcc/startup_same70.o
 .ARM.attributes
                0x0000027c       0x37 src/ASF/sam/utils/cmsis/same70/source/templates/system_same70.o
 .ARM.attributes
                0x000002b3       0x37 src/ASF/sam/utils/syscalls/gcc/syscalls.o
 .ARM.attributes
                0x000002ea       0x37 src/usart_rs485_example_canopus.o
 .ARM.attributes
                0x00000321       0x33 c:/program files (x86)/atmel/studio/7.0/toolchain/arm/arm-gnu-toolchain/bin/../lib/gcc/arm-none-eabi/4.9.3/../../../../arm-none-eabi/lib/cortex-m7\libc.a(lib_a-impure.o)
 .ARM.attributes
                0x00000354       0x33 c:/program files (x86)/atmel/studio/7.0/toolchain/arm/arm-gnu-toolchain/bin/../lib/gcc/arm-none-eabi/4.9.3/../../../../arm-none-eabi/lib/cortex-m7\libc.a(lib_a-init.o)
 .ARM.attributes
                0x00000387       0x33 c:/program files (x86)/atmel/studio/7.0/toolchain/arm/arm-gnu-toolchain/bin/../lib/gcc/arm-none-eabi/4.9.3/../../../../arm-none-eabi/lib/cortex-m7\libc.a(lib_a-memset.o)
 .ARM.attributes
                0x000003ba       0x33 c:/program files (x86)/atmel/studio/7.0/toolchain/arm/arm-gnu-toolchain/bin/../lib/gcc/arm-none-eabi/4.9.3/../../../../arm-none-eabi/lib/cortex-m7\libc.a(lib_a-puts.o)
 .ARM.attributes
                0x000003ed       0x33 c:/program files (x86)/atmel/studio/7.0/toolchain/arm/arm-gnu-toolchain/bin/../lib/gcc/arm-none-eabi/4.9.3/../../../../arm-none-eabi/lib/cortex-m7\libc.a(lib_a-setbuf.o)
 .ARM.attributes
                0x00000420       0x33 c:/program files (x86)/atmel/studio/7.0/toolchain/arm/arm-gnu-toolchain/bin/../lib/gcc/arm-none-eabi/4.9.3/../../../../arm-none-eabi/lib/cortex-m7\libc.a(lib_a-setvbuf.o)
 .ARM.attributes
                0x00000453       0x33 c:/program files (x86)/atmel/studio/7.0/toolchain/arm/arm-gnu-toolchain/bin/../lib/gcc/arm-none-eabi/4.9.3/../../../../arm-none-eabi/lib/cortex-m7\libc.a(lib_a-strlen.o)
 .ARM.attributes
                0x00000486       0x33 c:/program files (x86)/atmel/studio/7.0/toolchain/arm/arm-gnu-toolchain/bin/../lib/gcc/arm-none-eabi/4.9.3/../../../../arm-none-eabi/lib/cortex-m7\libc.a(lib_a-wbuf.o)
 .ARM.attributes
                0x000004b9       0x33 c:/program files (x86)/atmel/studio/7.0/toolchain/arm/arm-gnu-toolchain/bin/../lib/gcc/arm-none-eabi/4.9.3/../../../../arm-none-eabi/lib/cortex-m7\libc.a(lib_a-wsetup.o)
 .ARM.attributes
                0x000004ec       0x33 c:/program files (x86)/atmel/studio/7.0/toolchain/arm/arm-gnu-toolchain/bin/../lib/gcc/arm-none-eabi/4.9.3/../../../../arm-none-eabi/lib/cortex-m7\libc.a(lib_a-__call_atexit.o)
 .ARM.attributes
                0x0000051f       0x33 c:/program files (x86)/atmel/studio/7.0/toolchain/arm/arm-gnu-toolchain/bin/../lib/gcc/arm-none-eabi/4.9.3/../../../../arm-none-eabi/lib/cortex-m7\libc.a(lib_a-atexit.o)
 .ARM.attributes
                0x00000552       0x33 c:/program files (x86)/atmel/studio/7.0/toolchain/arm/arm-gnu-toolchain/bin/../lib/gcc/arm-none-eabi/4.9.3/../../../../arm-none-eabi/lib/cortex-m7\libc.a(lib_a-fflush.o)
 .ARM.attributes
                0x00000585       0x33 c:/program files (x86)/atmel/studio/7.0/toolchain/arm/arm-gnu-toolchain/bin/../lib/gcc/arm-none-eabi/4.9.3/../../../../arm-none-eabi/lib/cortex-m7\libc.a(lib_a-findfp.o)
 .ARM.attributes
                0x000005b8       0x33 c:/program files (x86)/atmel/studio/7.0/toolchain/arm/arm-gnu-toolchain/bin/../lib/gcc/arm-none-eabi/4.9.3/../../../../arm-none-eabi/lib/cortex-m7\libc.a(lib_a-fini.o)
 .ARM.attributes
                0x000005eb       0x33 c:/program files (x86)/atmel/studio/7.0/toolchain/arm/arm-gnu-toolchain/bin/../lib/gcc/arm-none-eabi/4.9.3/../../../../arm-none-eabi/lib/cortex-m7\libc.a(lib_a-freer.o)
 .ARM.attributes
                0x0000061e       0x33 c:/program files (x86)/atmel/studio/7.0/toolchain/arm/arm-gnu-toolchain/bin/../lib/gcc/arm-none-eabi/4.9.3/../../../../arm-none-eabi/lib/cortex-m7\libc.a(lib_a-fvwrite.o)
 .ARM.attributes
                0x00000651       0x33 c:/program files (x86)/atmel/studio/7.0/toolchain/arm/arm-gnu-toolchain/bin/../lib/gcc/arm-none-eabi/4.9.3/../../../../arm-none-eabi/lib/cortex-m7\libc.a(lib_a-fwalk.o)
 .ARM.attributes
                0x00000684       0x33 c:/program files (x86)/atmel/studio/7.0/toolchain/arm/arm-gnu-toolchain/bin/../lib/gcc/arm-none-eabi/4.9.3/../../../../arm-none-eabi/lib/cortex-m7\libc.a(lib_a-makebuf.o)
 .ARM.attributes
                0x000006b7       0x33 c:/program files (x86)/atmel/studio/7.0/toolchain/arm/arm-gnu-toolchain/bin/../lib/gcc/arm-none-eabi/4.9.3/../../../../arm-none-eabi/lib/cortex-m7\libc.a(lib_a-malloc.o)
 .ARM.attributes
                0x000006ea       0x33 c:/program files (x86)/atmel/studio/7.0/toolchain/arm/arm-gnu-toolchain/bin/../lib/gcc/arm-none-eabi/4.9.3/../../../../arm-none-eabi/lib/cortex-m7\libc.a(lib_a-mallocr.o)
 .ARM.attributes
                0x0000071d       0x33 c:/program files (x86)/atmel/studio/7.0/toolchain/arm/arm-gnu-toolchain/bin/../lib/gcc/arm-none-eabi/4.9.3/../../../../arm-none-eabi/lib/cortex-m7\libc.a(lib_a-memchr.o)
 .ARM.attributes
                0x00000750       0x21 c:/program files (x86)/atmel/studio/7.0/toolchain/arm/arm-gnu-toolchain/bin/../lib/gcc/arm-none-eabi/4.9.3/../../../../arm-none-eabi/lib/cortex-m7\libc.a(lib_a-memcpy.o)
 .ARM.attributes
                0x00000771       0x33 c:/program files (x86)/atmel/studio/7.0/toolchain/arm/arm-gnu-toolchain/bin/../lib/gcc/arm-none-eabi/4.9.3/../../../../arm-none-eabi/lib/cortex-m7\libc.a(lib_a-memmove.o)
 .ARM.attributes
                0x000007a4       0x33 c:/program files (x86)/atmel/studio/7.0/toolchain/arm/arm-gnu-toolchain/bin/../lib/gcc/arm-none-eabi/4.9.3/../../../../arm-none-eabi/lib/cortex-m7\libc.a(lib_a-mlock.o)
 .ARM.attributes
                0x000007d7       0x33 c:/program files (x86)/atmel/studio/7.0/toolchain/arm/arm-gnu-toolchain/bin/../lib/gcc/arm-none-eabi/4.9.3/../../../../arm-none-eabi/lib/cortex-m7\libc.a(lib_a-reallocr.o)
 .ARM.attributes
                0x0000080a       0x33 c:/program files (x86)/atmel/studio/7.0/toolchain/arm/arm-gnu-toolchain/bin/../lib/gcc/arm-none-eabi/4.9.3/../../../../arm-none-eabi/lib/cortex-m7\libc.a(lib_a-sbrkr.o)
 .ARM.attributes
                0x0000083d       0x33 c:/program files (x86)/atmel/studio/7.0/toolchain/arm/arm-gnu-toolchain/bin/../lib/gcc/arm-none-eabi/4.9.3/../../../../arm-none-eabi/lib/cortex-m7\libc.a(lib_a-stdio.o)
 .ARM.attributes
                0x00000870       0x33 c:/program files (x86)/atmel/studio/7.0/toolchain/arm/arm-gnu-toolchain/bin/../lib/gcc/arm-none-eabi/4.9.3/../../../../arm-none-eabi/lib/cortex-m7\libc.a(lib_a-writer.o)
 .ARM.attributes
                0x000008a3       0x33 c:/program files (x86)/atmel/studio/7.0/toolchain/arm/arm-gnu-toolchain/bin/../lib/gcc/arm-none-eabi/4.9.3/../../../../arm-none-eabi/lib/cortex-m7\libc.a(lib_a-__atexit.o)
 .ARM.attributes
                0x000008d6       0x33 c:/program files (x86)/atmel/studio/7.0/toolchain/arm/arm-gnu-toolchain/bin/../lib/gcc/arm-none-eabi/4.9.3/../../../../arm-none-eabi/lib/cortex-m7\libc.a(lib_a-closer.o)
 .ARM.attributes
                0x00000909       0x33 c:/program files (x86)/atmel/studio/7.0/toolchain/arm/arm-gnu-toolchain/bin/../lib/gcc/arm-none-eabi/4.9.3/../../../../arm-none-eabi/lib/cortex-m7\libc.a(lib_a-fclose.o)
 .ARM.attributes
                0x0000093c       0x33 c:/program files (x86)/atmel/studio/7.0/toolchain/arm/arm-gnu-toolchain/bin/../lib/gcc/arm-none-eabi/4.9.3/../../../../arm-none-eabi/lib/cortex-m7\libc.a(lib_a-fstatr.o)
 .ARM.attributes
                0x0000096f       0x33 c:/program files (x86)/atmel/studio/7.0/toolchain/arm/arm-gnu-toolchain/bin/../lib/gcc/arm-none-eabi/4.9.3/../../../../arm-none-eabi/lib/cortex-m7\libc.a(lib_a-isattyr.o)
 .ARM.attributes
                0x000009a2       0x33 c:/program files (x86)/atmel/studio/7.0/toolchain/arm/arm-gnu-toolchain/bin/../lib/gcc/arm-none-eabi/4.9.3/../../../../arm-none-eabi/lib/cortex-m7\libc.a(lib_a-lseekr.o)
 .ARM.attributes
                0x000009d5       0x33 c:/program files (x86)/atmel/studio/7.0/toolchain/arm/arm-gnu-toolchain/bin/../lib/gcc/arm-none-eabi/4.9.3/../../../../arm-none-eabi/lib/cortex-m7\libc.a(lib_a-readr.o)
 .ARM.attributes
                0x00000a08       0x33 c:/program files (x86)/atmel/studio/7.0/toolchain/arm/arm-gnu-toolchain/bin/../lib/gcc/arm-none-eabi/4.9.3/../../../../arm-none-eabi/lib/cortex-m7\libc.a(lib_a-reent.o)
 .ARM.attributes
                0x00000a3b       0x23 c:/program files (x86)/atmel/studio/7.0/toolchain/arm/arm-gnu-toolchain/bin/../lib/gcc/arm-none-eabi/4.9.3/cortex-m7/crtn.o

.comment        0x00000000       0x5b
 .comment       0x00000000       0x5b src/ASF/common/services/clock/same70/sysclk.o
                                 0x5c (size before relaxing)
 .comment       0x00000000       0x5c src/ASF/common/utils/stdio/read.o
 .comment       0x00000000       0x5c src/ASF/common/utils/stdio/write.o
 .comment       0x00000000       0x5c src/ASF/sam/boards/same70_xplained/init.o
 .comment       0x00000000       0x5c src/ASF/sam/drivers/pio/pio.o
 .comment       0x00000000       0x5c src/ASF/sam/drivers/pio/pio_handler.o
 .comment       0x00000000       0x5c src/ASF/sam/drivers/pmc/pmc.o
 .comment       0x00000000       0x5c src/ASF/sam/drivers/uart/uart.o
 .comment       0x00000000       0x5c src/ASF/sam/drivers/usart/usart.o
 .comment       0x00000000       0x5c src/ASF/sam/utils/cmsis/same70/source/templates/gcc/startup_same70.o
 .comment       0x00000000       0x5c src/ASF/sam/utils/cmsis/same70/source/templates/system_same70.o
 .comment       0x00000000       0x5c src/ASF/sam/utils/syscalls/gcc/syscalls.o
 .comment       0x00000000       0x5c src/usart_rs485_example_canopus.o

.debug_info     0x00000000     0xa682
 .debug_info    0x00000000      0x2c7 src/ASF/common/services/clock/same70/sysclk.o
 .debug_info    0x000002c7      0x1ae src/ASF/common/utils/stdio/read.o
 .debug_info    0x00000475      0x1bc src/ASF/common/utils/stdio/write.o
 .debug_info    0x00000631      0xf1c src/ASF/sam/boards/same70_xplained/init.o
 .debug_info    0x0000154d     0x16d7 src/ASF/sam/drivers/pio/pio.o
 .debug_info    0x00002c24     0x107a src/ASF/sam/drivers/pio/pio_handler.o
 .debug_info    0x00003c9e     0x1475 src/ASF/sam/drivers/pmc/pmc.o
 .debug_info    0x00005113      0x745 src/ASF/sam/drivers/uart/uart.o
 .debug_info    0x00005858     0x16d8 src/ASF/sam/drivers/usart/usart.o
 .debug_info    0x00006f30      0xa12 src/ASF/sam/utils/cmsis/same70/source/templates/gcc/startup_same70.o
 .debug_info    0x00007942      0x570 src/ASF/sam/utils/cmsis/same70/source/templates/system_same70.o
 .debug_info    0x00007eb2      0x434 src/ASF/sam/utils/syscalls/gcc/syscalls.o
 .debug_info    0x000082e6     0x239c src/usart_rs485_example_canopus.o

.debug_abbrev   0x00000000     0x1674
 .debug_abbrev  0x00000000      0x15c src/ASF/common/services/clock/same70/sysclk.o
 .debug_abbrev  0x0000015c       0xdd src/ASF/common/utils/stdio/read.o
 .debug_abbrev  0x00000239       0xe6 src/ASF/common/utils/stdio/write.o
 .debug_abbrev  0x0000031f      0x294 src/ASF/sam/boards/same70_xplained/init.o
 .debug_abbrev  0x000005b3      0x1c6 src/ASF/sam/drivers/pio/pio.o
 .debug_abbrev  0x00000779      0x202 src/ASF/sam/drivers/pio/pio_handler.o
 .debug_abbrev  0x0000097b      0x229 src/ASF/sam/drivers/pmc/pmc.o
 .debug_abbrev  0x00000ba4      0x169 src/ASF/sam/drivers/uart/uart.o
 .debug_abbrev  0x00000d0d      0x1da src/ASF/sam/drivers/usart/usart.o
 .debug_abbrev  0x00000ee7      0x136 src/ASF/sam/utils/cmsis/same70/source/templates/gcc/startup_same70.o
 .debug_abbrev  0x0000101d       0xf5 src/ASF/sam/utils/cmsis/same70/source/templates/system_same70.o
 .debug_abbrev  0x00001112      0x11d src/ASF/sam/utils/syscalls/gcc/syscalls.o
 .debug_abbrev  0x0000122f      0x445 src/usart_rs485_example_canopus.o

.debug_loc      0x00000000     0x6bd4
 .debug_loc     0x00000000      0x2cc src/ASF/common/services/clock/same70/sysclk.o
 .debug_loc     0x000002cc       0x50 src/ASF/common/utils/stdio/read.o
 .debug_loc     0x0000031c       0x50 src/ASF/common/utils/stdio/write.o
 .debug_loc     0x0000036c      0x32c src/ASF/sam/boards/same70_xplained/init.o
 .debug_loc     0x00000698     0x17ec src/ASF/sam/drivers/pio/pio.o
 .debug_loc     0x00001e84      0x38c src/ASF/sam/drivers/pio/pio_handler.o
 .debug_loc     0x00002210     0x1714 src/ASF/sam/drivers/pmc/pmc.o
 .debug_loc     0x00003924      0x8a0 src/ASF/sam/drivers/uart/uart.o
 .debug_loc     0x000041c4     0x1e4c src/ASF/sam/drivers/usart/usart.o
 .debug_loc     0x00006010       0x64 src/ASF/sam/utils/cmsis/same70/source/templates/gcc/startup_same70.o
 .debug_loc     0x00006074       0xe4 src/ASF/sam/utils/cmsis/same70/source/templates/system_same70.o
 .debug_loc     0x00006158      0x300 src/ASF/sam/utils/syscalls/gcc/syscalls.o
 .debug_loc     0x00006458      0x77c src/usart_rs485_example_canopus.o

.debug_aranges  0x00000000      0xb50
 .debug_aranges
                0x00000000       0x68 src/ASF/common/services/clock/same70/sysclk.o
 .debug_aranges
                0x00000068       0x20 src/ASF/common/utils/stdio/read.o
 .debug_aranges
                0x00000088       0x20 src/ASF/common/utils/stdio/write.o
 .debug_aranges
                0x000000a8       0x68 src/ASF/sam/boards/same70_xplained/init.o
 .debug_aranges
                0x00000110      0x238 src/ASF/sam/drivers/pio/pio.o
 .debug_aranges
                0x00000348       0x80 src/ASF/sam/drivers/pio/pio_handler.o
 .debug_aranges
                0x000003c8      0x250 src/ASF/sam/drivers/pmc/pmc.o
 .debug_aranges
                0x00000618       0xd8 src/ASF/sam/drivers/uart/uart.o
 .debug_aranges
                0x000006f0      0x2c8 src/ASF/sam/drivers/usart/usart.o
 .debug_aranges
                0x000009b8       0x28 src/ASF/sam/utils/cmsis/same70/source/templates/gcc/startup_same70.o
 .debug_aranges
                0x000009e0       0x30 src/ASF/sam/utils/cmsis/same70/source/templates/system_same70.o
 .debug_aranges
                0x00000a10       0x60 src/ASF/sam/utils/syscalls/gcc/syscalls.o
 .debug_aranges
                0x00000a70       0xe0 src/usart_rs485_example_canopus.o

.debug_ranges   0x00000000      0xa80
 .debug_ranges  0x00000000       0x58 src/ASF/common/services/clock/same70/sysclk.o
 .debug_ranges  0x00000058       0x10 src/ASF/common/utils/stdio/read.o
 .debug_ranges  0x00000068       0x10 src/ASF/common/utils/stdio/write.o
 .debug_ranges  0x00000078       0x58 src/ASF/sam/boards/same70_xplained/init.o
 .debug_ranges  0x000000d0      0x228 src/ASF/sam/drivers/pio/pio.o
 .debug_ranges  0x000002f8       0x70 src/ASF/sam/drivers/pio/pio_handler.o
 .debug_ranges  0x00000368      0x240 src/ASF/sam/drivers/pmc/pmc.o
 .debug_ranges  0x000005a8       0xc8 src/ASF/sam/drivers/uart/uart.o
 .debug_ranges  0x00000670      0x2b8 src/ASF/sam/drivers/usart/usart.o
 .debug_ranges  0x00000928       0x18 src/ASF/sam/utils/cmsis/same70/source/templates/gcc/startup_same70.o
 .debug_ranges  0x00000940       0x20 src/ASF/sam/utils/cmsis/same70/source/templates/system_same70.o
 .debug_ranges  0x00000960       0x50 src/ASF/sam/utils/syscalls/gcc/syscalls.o
 .debug_ranges  0x000009b0       0xd0 src/usart_rs485_example_canopus.o

.debug_macro    0x00000000    0x1cea0
 .debug_macro   0x00000000      0x64a src/ASF/common/services/clock/same70/sysclk.o
 .debug_macro   0x0000064a      0x8a4 src/ASF/common/services/clock/same70/sysclk.o
 .debug_macro   0x00000eee      0x636 src/ASF/common/services/clock/same70/sysclk.o
 .debug_macro   0x00001524       0x3a src/ASF/common/services/clock/same70/sysclk.o
 .debug_macro   0x0000155e      0x166 src/ASF/common/services/clock/same70/sysclk.o
 .debug_macro   0x000016c4       0x76 src/ASF/common/services/clock/same70/sysclk.o
 .debug_macro   0x0000173a       0x16 src/ASF/common/services/clock/same70/sysclk.o
 .debug_macro   0x00001750      0x6e4 src/ASF/common/services/clock/same70/sysclk.o
 .debug_macro   0x00001e34       0x22 src/ASF/common/services/clock/same70/sysclk.o
 .debug_macro   0x00001e56       0x44 src/ASF/common/services/clock/same70/sysclk.o
 .debug_macro   0x00001e9a       0x58 src/ASF/common/services/clock/same70/sysclk.o
 .debug_macro   0x00001ef2       0x22 src/ASF/common/services/clock/same70/sysclk.o
 .debug_macro   0x00001f14      0x1df src/ASF/common/services/clock/same70/sysclk.o
 .debug_macro   0x000020f3       0x4a src/ASF/common/services/clock/same70/sysclk.o
 .debug_macro   0x0000213d       0x3b src/ASF/common/services/clock/same70/sysclk.o
 .debug_macro   0x00002178       0x2d src/ASF/common/services/clock/same70/sysclk.o
 .debug_macro   0x000021a5       0x26 src/ASF/common/services/clock/same70/sysclk.o
 .debug_macro   0x000021cb      0xf9a src/ASF/common/services/clock/same70/sysclk.o
 .debug_macro   0x00003165      0x175 src/ASF/common/services/clock/same70/sysclk.o
 .debug_macro   0x000032da      0x257 src/ASF/common/services/clock/same70/sysclk.o
 .debug_macro   0x00003531      0xa0f src/ASF/common/services/clock/same70/sysclk.o
 .debug_macro   0x00003f40      0x1b9 src/ASF/common/services/clock/same70/sysclk.o
 .debug_macro   0x000040f9      0x336 src/ASF/common/services/clock/same70/sysclk.o
 .debug_macro   0x0000442f      0x15b src/ASF/common/services/clock/same70/sysclk.o
 .debug_macro   0x0000458a     0x1851 src/ASF/common/services/clock/same70/sysclk.o
 .debug_macro   0x00005ddb       0x1c src/ASF/common/services/clock/same70/sysclk.o
 .debug_macro   0x00005df7      0x68d src/ASF/common/services/clock/same70/sysclk.o
 .debug_macro   0x00006484      0x31e src/ASF/common/services/clock/same70/sysclk.o
 .debug_macro   0x000067a2      0x4d4 src/ASF/common/services/clock/same70/sysclk.o
 .debug_macro   0x00006c76      0x56e src/ASF/common/services/clock/same70/sysclk.o
 .debug_macro   0x000071e4     0x1332 src/ASF/common/services/clock/same70/sysclk.o
 .debug_macro   0x00008516     0x2907 src/ASF/common/services/clock/same70/sysclk.o
 .debug_macro   0x0000ae1d     0x102b src/ASF/common/services/clock/same70/sysclk.o
 .debug_macro   0x0000be48      0xe01 src/ASF/common/services/clock/same70/sysclk.o
 .debug_macro   0x0000cc49      0x3b1 src/ASF/common/services/clock/same70/sysclk.o
 .debug_macro   0x0000cffa       0xa0 src/ASF/common/services/clock/same70/sysclk.o
 .debug_macro   0x0000d09a       0x76 src/ASF/common/services/clock/same70/sysclk.o
 .debug_macro   0x0000d110      0x409 src/ASF/common/services/clock/same70/sysclk.o
 .debug_macro   0x0000d519       0x64 src/ASF/common/services/clock/same70/sysclk.o
 .debug_macro   0x0000d57d      0x284 src/ASF/common/services/clock/same70/sysclk.o
 .debug_macro   0x0000d801      0x1d0 src/ASF/common/services/clock/same70/sysclk.o
 .debug_macro   0x0000d9d1      0x248 src/ASF/common/services/clock/same70/sysclk.o
 .debug_macro   0x0000dc19      0x524 src/ASF/common/services/clock/same70/sysclk.o
 .debug_macro   0x0000e13d      0x63b src/ASF/common/services/clock/same70/sysclk.o
 .debug_macro   0x0000e778      0x6b8 src/ASF/common/services/clock/same70/sysclk.o
 .debug_macro   0x0000ee30       0x4c src/ASF/common/services/clock/same70/sysclk.o
 .debug_macro   0x0000ee7c      0x468 src/ASF/common/services/clock/same70/sysclk.o
 .debug_macro   0x0000f2e4      0x207 src/ASF/common/services/clock/same70/sysclk.o
 .debug_macro   0x0000f4eb      0x866 src/ASF/common/services/clock/same70/sysclk.o
 .debug_macro   0x0000fd51     0x1547 src/ASF/common/services/clock/same70/sysclk.o
 .debug_macro   0x00011298       0x40 src/ASF/common/services/clock/same70/sysclk.o
 .debug_macro   0x000112d8       0x76 src/ASF/common/services/clock/same70/sysclk.o
 .debug_macro   0x0001134e      0xdaf src/ASF/common/services/clock/same70/sysclk.o
 .debug_macro   0x000120fd       0x82 src/ASF/common/services/clock/same70/sysclk.o
 .debug_macro   0x0001217f       0x76 src/ASF/common/services/clock/same70/sysclk.o
 .debug_macro   0x000121f5       0x4c src/ASF/common/services/clock/same70/sysclk.o
 .debug_macro   0x00012241      0x135 src/ASF/common/services/clock/same70/sysclk.o
 .debug_macro   0x00012376      0x135 src/ASF/common/services/clock/same70/sysclk.o
 .debug_macro   0x000124ab      0x135 src/ASF/common/services/clock/same70/sysclk.o
 .debug_macro   0x000125e0       0x6a src/ASF/common/services/clock/same70/sysclk.o
 .debug_macro   0x0001264a       0x6a src/ASF/common/services/clock/same70/sysclk.o
 .debug_macro   0x000126b4      0x313 src/ASF/common/services/clock/same70/sysclk.o
 .debug_macro   0x000129c7       0xb2 src/ASF/common/services/clock/same70/sysclk.o
 .debug_macro   0x00012a79       0xb2 src/ASF/common/services/clock/same70/sysclk.o
 .debug_macro   0x00012b2b       0xb2 src/ASF/common/services/clock/same70/sysclk.o
 .debug_macro   0x00012bdd      0x11d src/ASF/common/services/clock/same70/sysclk.o
 .debug_macro   0x00012cfa      0x11d src/ASF/common/services/clock/same70/sysclk.o
 .debug_macro   0x00012e17      0x2cd src/ASF/common/services/clock/same70/sysclk.o
 .debug_macro   0x000130e4       0xb8 src/ASF/common/services/clock/same70/sysclk.o
 .debug_macro   0x0001319c       0x5e src/ASF/common/services/clock/same70/sysclk.o
 .debug_macro   0x000131fa       0x40 src/ASF/common/services/clock/same70/sysclk.o
 .debug_macro   0x0001323a       0x4c src/ASF/common/services/clock/same70/sysclk.o
 .debug_macro   0x00013286       0xa0 src/ASF/common/services/clock/same70/sysclk.o
 .debug_macro   0x00013326      0x494 src/ASF/common/services/clock/same70/sysclk.o
 .debug_macro   0x000137ba      0x135 src/ASF/common/services/clock/same70/sysclk.o
 .debug_macro   0x000138ef       0x4c src/ASF/common/services/clock/same70/sysclk.o
 .debug_macro   0x0001393b      0x313 src/ASF/common/services/clock/same70/sysclk.o
 .debug_macro   0x00013c4e       0x6a src/ASF/common/services/clock/same70/sysclk.o
 .debug_macro   0x00013cb8       0xb8 src/ASF/common/services/clock/same70/sysclk.o
 .debug_macro   0x00013d70       0x6a src/ASF/common/services/clock/same70/sysclk.o
 .debug_macro   0x00013dda       0x2e src/ASF/common/services/clock/same70/sysclk.o
 .debug_macro   0x00013e08      0x9b1 src/ASF/common/services/clock/same70/sysclk.o
 .debug_macro   0x000147b9       0x6a src/ASF/common/services/clock/same70/sysclk.o
 .debug_macro   0x00014823       0x88 src/ASF/common/services/clock/same70/sysclk.o
 .debug_macro   0x000148ab       0x58 src/ASF/common/services/clock/same70/sysclk.o
 .debug_macro   0x00014903       0xe2 src/ASF/common/services/clock/same70/sysclk.o
 .debug_macro   0x000149e5       0x16 src/ASF/common/services/clock/same70/sysclk.o
 .debug_macro   0x000149fb       0xe2 src/ASF/common/services/clock/same70/sysclk.o
 .debug_macro   0x00014add       0x4c src/ASF/common/services/clock/same70/sysclk.o
 .debug_macro   0x00014b29       0x16 src/ASF/common/services/clock/same70/sysclk.o
 .debug_macro   0x00014b3f       0x4c src/ASF/common/services/clock/same70/sysclk.o
 .debug_macro   0x00014b8b       0x2e src/ASF/common/services/clock/same70/sysclk.o
 .debug_macro   0x00014bb9      0x1ad src/ASF/common/services/clock/same70/sysclk.o
 .debug_macro   0x00014d66      0x1ad src/ASF/common/services/clock/same70/sysclk.o
 .debug_macro   0x00014f13      0x1ad src/ASF/common/services/clock/same70/sysclk.o
 .debug_macro   0x000150c0      0x1ad src/ASF/common/services/clock/same70/sysclk.o
 .debug_macro   0x0001526d      0x1ad src/ASF/common/services/clock/same70/sysclk.o
 .debug_macro   0x0001541a       0x1c src/ASF/common/services/clock/same70/sysclk.o
 .debug_macro   0x00015436       0x2e src/ASF/common/services/clock/same70/sysclk.o
 .debug_macro   0x00015464       0x22 src/ASF/common/services/clock/same70/sysclk.o
 .debug_macro   0x00015486       0x1c src/ASF/common/services/clock/same70/sysclk.o
 .debug_macro   0x000154a2       0x52 src/ASF/common/services/clock/same70/sysclk.o
 .debug_macro   0x000154f4       0x10 src/ASF/common/services/clock/same70/sysclk.o
 .debug_macro   0x00015504       0x1c src/ASF/common/services/clock/same70/sysclk.o
 .debug_macro   0x00015520       0x4c src/ASF/common/services/clock/same70/sysclk.o
 .debug_macro   0x0001556c       0x4c src/ASF/common/services/clock/same70/sysclk.o
 .debug_macro   0x000155b8       0x4c src/ASF/common/services/clock/same70/sysclk.o
 .debug_macro   0x00015604      0x31b src/ASF/common/services/clock/same70/sysclk.o
 .debug_macro   0x0001591f     0x1022 src/ASF/common/services/clock/same70/sysclk.o
 .debug_macro   0x00016941      0x100 src/ASF/common/services/clock/same70/sysclk.o
 .debug_macro   0x00016a41       0x58 src/ASF/common/services/clock/same70/sysclk.o
 .debug_macro   0x00016a99       0x35 src/ASF/common/services/clock/same70/sysclk.o
 .debug_macro   0x00016ace       0x9c src/ASF/common/services/clock/same70/sysclk.o
 .debug_macro   0x00016b6a       0x16 src/ASF/common/services/clock/same70/sysclk.o
 .debug_macro   0x00016b80       0x35 src/ASF/common/services/clock/same70/sysclk.o
 .debug_macro   0x00016bb5      0x29d src/ASF/common/services/clock/same70/sysclk.o
 .debug_macro   0x00016e52       0x10 src/ASF/common/services/clock/same70/sysclk.o
 .debug_macro   0x00016e62       0x52 src/ASF/common/services/clock/same70/sysclk.o
 .debug_macro   0x00016eb4       0x16 src/ASF/common/services/clock/same70/sysclk.o
 .debug_macro   0x00016eca       0x43 src/ASF/common/services/clock/same70/sysclk.o
 .debug_macro   0x00016f0d      0x180 src/ASF/common/services/clock/same70/sysclk.o
 .debug_macro   0x0001708d       0x10 src/ASF/common/services/clock/same70/sysclk.o
 .debug_macro   0x0001709d       0x22 src/ASF/common/services/clock/same70/sysclk.o
 .debug_macro   0x000170bf       0xbe src/ASF/common/services/clock/same70/sysclk.o
 .debug_macro   0x0001717d       0x16 src/ASF/common/services/clock/same70/sysclk.o
 .debug_macro   0x00017193      0x197 src/ASF/common/services/clock/same70/sysclk.o
 .debug_macro   0x0001732a       0x22 src/ASF/common/services/clock/same70/sysclk.o
 .debug_macro   0x0001734c       0x16 src/ASF/common/services/clock/same70/sysclk.o
 .debug_macro   0x00017362       0x16 src/ASF/common/services/clock/same70/sysclk.o
 .debug_macro   0x00017378       0x29 src/ASF/common/services/clock/same70/sysclk.o
 .debug_macro   0x000173a1       0x6e src/ASF/common/services/clock/same70/sysclk.o
 .debug_macro   0x0001740f       0x3f src/ASF/common/services/clock/same70/sysclk.o
 .debug_macro   0x0001744e      0x3ca src/ASF/common/services/clock/same70/sysclk.o
 .debug_macro   0x00017818      0x288 src/ASF/common/services/clock/same70/sysclk.o
 .debug_macro   0x00017aa0      0x86d src/ASF/common/services/clock/same70/sysclk.o
 .debug_macro   0x0001830d       0x58 src/ASF/common/services/clock/same70/sysclk.o
 .debug_macro   0x00018365       0x64 src/ASF/common/services/clock/same70/sysclk.o
 .debug_macro   0x000183c9       0x5f src/ASF/common/services/clock/same70/sysclk.o
 .debug_macro   0x00018428       0xac src/ASF/common/services/clock/same70/sysclk.o
 .debug_macro   0x000184d4      0x5d0 src/ASF/common/utils/stdio/read.o
 .debug_macro   0x00018aa4      0x5d0 src/ASF/common/utils/stdio/write.o
 .debug_macro   0x00019074      0x69b src/ASF/sam/boards/same70_xplained/init.o
 .debug_macro   0x0001970f       0x22 src/ASF/sam/boards/same70_xplained/init.o
 .debug_macro   0x00019731       0x82 src/ASF/sam/boards/same70_xplained/init.o
 .debug_macro   0x000197b3       0x94 src/ASF/sam/boards/same70_xplained/init.o
 .debug_macro   0x00019847      0x5e6 src/ASF/sam/drivers/pio/pio.o
 .debug_macro   0x00019e2d       0x8e src/ASF/sam/drivers/pio/pio.o
 .debug_macro   0x00019ebb      0x5f1 src/ASF/sam/drivers/pio/pio_handler.o
 .debug_macro   0x0001a4ac      0x5e6 src/ASF/sam/drivers/pmc/pmc.o
 .debug_macro   0x0001aa92       0x52 src/ASF/sam/drivers/pmc/pmc.o
 .debug_macro   0x0001aae4      0x5e0 src/ASF/sam/drivers/uart/uart.o
 .debug_macro   0x0001b0c4       0x16 src/ASF/sam/drivers/uart/uart.o
 .debug_macro   0x0001b0da      0x616 src/ASF/sam/drivers/usart/usart.o
 .debug_macro   0x0001b6f0       0x34 src/ASF/sam/drivers/usart/usart.o
 .debug_macro   0x0001b724      0x434 src/ASF/sam/utils/cmsis/same70/source/templates/gcc/startup_same70.o
 .debug_macro   0x0001bb58      0x446 src/ASF/sam/utils/cmsis/same70/source/templates/system_same70.o
 .debug_macro   0x0001bf9e      0x169 src/ASF/sam/utils/syscalls/gcc/syscalls.o
 .debug_macro   0x0001c107       0x97 src/ASF/sam/utils/syscalls/gcc/syscalls.o
 .debug_macro   0x0001c19e       0xef src/ASF/sam/utils/syscalls/gcc/syscalls.o
 .debug_macro   0x0001c28d       0x52 src/ASF/sam/utils/syscalls/gcc/syscalls.o
 .debug_macro   0x0001c2df       0x16 src/ASF/sam/utils/syscalls/gcc/syscalls.o
 .debug_macro   0x0001c2f5       0x10 src/ASF/sam/utils/syscalls/gcc/syscalls.o
 .debug_macro   0x0001c305       0x10 src/ASF/sam/utils/syscalls/gcc/syscalls.o
 .debug_macro   0x0001c315       0x10 src/ASF/sam/utils/syscalls/gcc/syscalls.o
 .debug_macro   0x0001c325       0x35 src/ASF/sam/utils/syscalls/gcc/syscalls.o
 .debug_macro   0x0001c35a      0x122 src/ASF/sam/utils/syscalls/gcc/syscalls.o
 .debug_macro   0x0001c47c      0x7ac src/usart_rs485_example_canopus.o
 .debug_macro   0x0001cc28       0x10 src/usart_rs485_example_canopus.o
 .debug_macro   0x0001cc38       0x40 src/usart_rs485_example_canopus.o
 .debug_macro   0x0001cc78      0x1ce src/usart_rs485_example_canopus.o
 .debug_macro   0x0001ce46       0x16 src/usart_rs485_example_canopus.o
 .debug_macro   0x0001ce5c       0x1c src/usart_rs485_example_canopus.o
 .debug_macro   0x0001ce78       0x28 src/usart_rs485_example_canopus.o

.debug_line     0x00000000     0x93b0
 .debug_line    0x00000000      0xb3a src/ASF/common/services/clock/same70/sysclk.o
 .debug_line    0x00000b3a      0x966 src/ASF/common/utils/stdio/read.o
 .debug_line    0x000014a0      0x963 src/ASF/common/utils/stdio/write.o
 .debug_line    0x00001e03      0xc8a src/ASF/sam/boards/same70_xplained/init.o
 .debug_line    0x00002a8d      0xecf src/ASF/sam/drivers/pio/pio.o
 .debug_line    0x0000395c      0xa76 src/ASF/sam/drivers/pio/pio_handler.o
 .debug_line    0x000043d2     0x1045 src/ASF/sam/drivers/pmc/pmc.o
 .debug_line    0x00005417      0xb0b src/ASF/sam/drivers/uart/uart.o
 .debug_line    0x00005f22     0x1040 src/ASF/sam/drivers/usart/usart.o
 .debug_line    0x00006f62      0x7a4 src/ASF/sam/utils/cmsis/same70/source/templates/gcc/startup_same70.o
 .debug_line    0x00007706      0x7e5 src/ASF/sam/utils/cmsis/same70/source/templates/system_same70.o
 .debug_line    0x00007eeb      0x3a2 src/ASF/sam/utils/syscalls/gcc/syscalls.o
 .debug_line    0x0000828d     0x1123 src/usart_rs485_example_canopus.o

.debug_str      0x00000000    0x8a4d6
 .debug_str     0x00000000    0x846a7 src/ASF/common/services/clock/same70/sysclk.o
                              0x84ce0 (size before relaxing)
 .debug_str     0x000846a7       0x3f src/ASF/common/utils/stdio/read.o
                              0x81383 (size before relaxing)
 .debug_str     0x000846e6       0x2e src/ASF/common/utils/stdio/write.o
                              0x81385 (size before relaxing)
 .debug_str     0x00084714      0xdf2 src/ASF/sam/boards/same70_xplained/init.o
                              0x85a2e (size before relaxing)
 .debug_str     0x00085506      0x79b src/ASF/sam/drivers/pio/pio.o
                              0x82177 (size before relaxing)
 .debug_str     0x00085ca1      0x59c src/ASF/sam/drivers/pio/pio_handler.o
                              0x81fe9 (size before relaxing)
 .debug_str     0x0008623d      0x943 src/ASF/sam/drivers/pmc/pmc.o
                              0x8204f (size before relaxing)
 .debug_str     0x00086b80      0x2f6 src/ASF/sam/drivers/uart/uart.o
                              0x81684 (size before relaxing)
 .debug_str     0x00086e76      0xb6a src/ASF/sam/drivers/usart/usart.o
                              0x81f1c (size before relaxing)
 .debug_str     0x000879e0      0x5d9 src/ASF/sam/utils/cmsis/same70/source/templates/gcc/startup_same70.o
                              0x72ea9 (size before relaxing)
 .debug_str     0x00087fb9      0x1aa src/ASF/sam/utils/cmsis/same70/source/templates/system_same70.o
                              0x72afd (size before relaxing)
 .debug_str     0x00088163      0x84b src/ASF/sam/utils/syscalls/gcc/syscalls.o
                               0x6162 (size before relaxing)
 .debug_str     0x000889ae     0x1b28 src/usart_rs485_example_canopus.o
                              0x879de (size before relaxing)

.debug_frame    0x00000000     0x3a08
 .debug_frame   0x00000000      0x164 src/ASF/common/services/clock/same70/sysclk.o
 .debug_frame   0x00000164       0x34 src/ASF/common/utils/stdio/read.o
 .debug_frame   0x00000198       0x34 src/ASF/common/utils/stdio/write.o
 .debug_frame   0x000001cc      0x184 src/ASF/sam/boards/same70_xplained/init.o
 .debug_frame   0x00000350      0xa90 src/ASF/sam/drivers/pio/pio.o
 .debug_frame   0x00000de0      0x1d0 src/ASF/sam/drivers/pio/pio_handler.o
 .debug_frame   0x00000fb0      0xa58 src/ASF/sam/drivers/pmc/pmc.o
 .debug_frame   0x00001a08      0x3d0 src/ASF/sam/drivers/uart/uart.o
 .debug_frame   0x00001dd8      0xd4c src/ASF/sam/drivers/usart/usart.o
 .debug_frame   0x00002b24       0x48 src/ASF/sam/utils/cmsis/same70/source/templates/gcc/startup_same70.o
 .debug_frame   0x00002b6c       0x78 src/ASF/sam/utils/cmsis/same70/source/templates/system_same70.o
 .debug_frame   0x00002be4      0x168 src/ASF/sam/utils/syscalls/gcc/syscalls.o
 .debug_frame   0x00002d4c      0x390 src/usart_rs485_example_canopus.o
 .debug_frame   0x000030dc       0x2c c:/program files (x86)/atmel/studio/7.0/toolchain/arm/arm-gnu-toolchain/bin/../lib/gcc/arm-none-eabi/4.9.3/../../../../arm-none-eabi/lib/cortex-m7\libc.a(lib_a-init.o)
 .debug_frame   0x00003108       0x34 c:/program files (x86)/atmel/studio/7.0/toolchain/arm/arm-gnu-toolchain/bin/../lib/gcc/arm-none-eabi/4.9.3/../../../../arm-none-eabi/lib/cortex-m7\libc.a(lib_a-memset.o)
 .debug_frame   0x0000313c       0x44 c:/program files (x86)/atmel/studio/7.0/toolchain/arm/arm-gnu-toolchain/bin/../lib/gcc/arm-none-eabi/4.9.3/../../../../arm-none-eabi/lib/cortex-m7\libc.a(lib_a-puts.o)
 .debug_frame   0x00003180       0x20 c:/program files (x86)/atmel/studio/7.0/toolchain/arm/arm-gnu-toolchain/bin/../lib/gcc/arm-none-eabi/4.9.3/../../../../arm-none-eabi/lib/cortex-m7\libc.a(lib_a-setbuf.o)
 .debug_frame   0x000031a0       0x34 c:/program files (x86)/atmel/studio/7.0/toolchain/arm/arm-gnu-toolchain/bin/../lib/gcc/arm-none-eabi/4.9.3/../../../../arm-none-eabi/lib/cortex-m7\libc.a(lib_a-setvbuf.o)
 .debug_frame   0x000031d4       0x20 c:/program files (x86)/atmel/studio/7.0/toolchain/arm/arm-gnu-toolchain/bin/../lib/gcc/arm-none-eabi/4.9.3/../../../../arm-none-eabi/lib/cortex-m7\libc.a(lib_a-strlen.o)
 .debug_frame   0x000031f4       0x3c c:/program files (x86)/atmel/studio/7.0/toolchain/arm/arm-gnu-toolchain/bin/../lib/gcc/arm-none-eabi/4.9.3/../../../../arm-none-eabi/lib/cortex-m7\libc.a(lib_a-wbuf.o)
 .debug_frame   0x00003230       0x2c c:/program files (x86)/atmel/studio/7.0/toolchain/arm/arm-gnu-toolchain/bin/../lib/gcc/arm-none-eabi/4.9.3/../../../../arm-none-eabi/lib/cortex-m7\libc.a(lib_a-wsetup.o)
 .debug_frame   0x0000325c       0x50 c:/program files (x86)/atmel/studio/7.0/toolchain/arm/arm-gnu-toolchain/bin/../lib/gcc/arm-none-eabi/4.9.3/../../../../arm-none-eabi/lib/cortex-m7\libc.a(lib_a-__call_atexit.o)
 .debug_frame   0x000032ac       0x20 c:/program files (x86)/atmel/studio/7.0/toolchain/arm/arm-gnu-toolchain/bin/../lib/gcc/arm-none-eabi/4.9.3/../../../../arm-none-eabi/lib/cortex-m7\libc.a(lib_a-atexit.o)
 .debug_frame   0x000032cc       0x6c c:/program files (x86)/atmel/studio/7.0/toolchain/arm/arm-gnu-toolchain/bin/../lib/gcc/arm-none-eabi/4.9.3/../../../../arm-none-eabi/lib/cortex-m7\libc.a(lib_a-fflush.o)
 .debug_frame   0x00003338      0x120 c:/program files (x86)/atmel/studio/7.0/toolchain/arm/arm-gnu-toolchain/bin/../lib/gcc/arm-none-eabi/4.9.3/../../../../arm-none-eabi/lib/cortex-m7\libc.a(lib_a-findfp.o)
 .debug_frame   0x00003458       0x34 c:/program files (x86)/atmel/studio/7.0/toolchain/arm/arm-gnu-toolchain/bin/../lib/gcc/arm-none-eabi/4.9.3/../../../../arm-none-eabi/lib/cortex-m7\libc.a(lib_a-fini.o)
 .debug_frame   0x0000348c       0x74 c:/program files (x86)/atmel/studio/7.0/toolchain/arm/arm-gnu-toolchain/bin/../lib/gcc/arm-none-eabi/4.9.3/../../../../arm-none-eabi/lib/cortex-m7\libc.a(lib_a-freer.o)
 .debug_frame   0x00003500       0x68 c:/program files (x86)/atmel/studio/7.0/toolchain/arm/arm-gnu-toolchain/bin/../lib/gcc/arm-none-eabi/4.9.3/../../../../arm-none-eabi/lib/cortex-m7\libc.a(lib_a-fvwrite.o)
 .debug_frame   0x00003568       0x54 c:/program files (x86)/atmel/studio/7.0/toolchain/arm/arm-gnu-toolchain/bin/../lib/gcc/arm-none-eabi/4.9.3/../../../../arm-none-eabi/lib/cortex-m7\libc.a(lib_a-fwalk.o)
 .debug_frame   0x000035bc       0x48 c:/program files (x86)/atmel/studio/7.0/toolchain/arm/arm-gnu-toolchain/bin/../lib/gcc/arm-none-eabi/4.9.3/../../../../arm-none-eabi/lib/cortex-m7\libc.a(lib_a-makebuf.o)
 .debug_frame   0x00003604       0x30 c:/program files (x86)/atmel/studio/7.0/toolchain/arm/arm-gnu-toolchain/bin/../lib/gcc/arm-none-eabi/4.9.3/../../../../arm-none-eabi/lib/cortex-m7\libc.a(lib_a-malloc.o)
 .debug_frame   0x00003634       0x58 c:/program files (x86)/atmel/studio/7.0/toolchain/arm/arm-gnu-toolchain/bin/../lib/gcc/arm-none-eabi/4.9.3/../../../../arm-none-eabi/lib/cortex-m7\libc.a(lib_a-mallocr.o)
 .debug_frame   0x0000368c       0x3c c:/program files (x86)/atmel/studio/7.0/toolchain/arm/arm-gnu-toolchain/bin/../lib/gcc/arm-none-eabi/4.9.3/../../../../arm-none-eabi/lib/cortex-m7\libc.a(lib_a-memchr.o)
 .debug_frame   0x000036c8       0x30 c:/program files (x86)/atmel/studio/7.0/toolchain/arm/arm-gnu-toolchain/bin/../lib/gcc/arm-none-eabi/4.9.3/../../../../arm-none-eabi/lib/cortex-m7\libc.a(lib_a-memmove.o)
 .debug_frame   0x000036f8       0x30 c:/program files (x86)/atmel/studio/7.0/toolchain/arm/arm-gnu-toolchain/bin/../lib/gcc/arm-none-eabi/4.9.3/../../../../arm-none-eabi/lib/cortex-m7\libc.a(lib_a-mlock.o)
 .debug_frame   0x00003728       0x54 c:/program files (x86)/atmel/studio/7.0/toolchain/arm/arm-gnu-toolchain/bin/../lib/gcc/arm-none-eabi/4.9.3/../../../../arm-none-eabi/lib/cortex-m7\libc.a(lib_a-reallocr.o)
 .debug_frame   0x0000377c       0x2c c:/program files (x86)/atmel/studio/7.0/toolchain/arm/arm-gnu-toolchain/bin/../lib/gcc/arm-none-eabi/4.9.3/../../../../arm-none-eabi/lib/cortex-m7\libc.a(lib_a-sbrkr.o)
 .debug_frame   0x000037a8       0x88 c:/program files (x86)/atmel/studio/7.0/toolchain/arm/arm-gnu-toolchain/bin/../lib/gcc/arm-none-eabi/4.9.3/../../../../arm-none-eabi/lib/cortex-m7\libc.a(lib_a-stdio.o)
 .debug_frame   0x00003830       0x2c c:/program files (x86)/atmel/studio/7.0/toolchain/arm/arm-gnu-toolchain/bin/../lib/gcc/arm-none-eabi/4.9.3/../../../../arm-none-eabi/lib/cortex-m7\libc.a(lib_a-writer.o)
 .debug_frame   0x0000385c       0x34 c:/program files (x86)/atmel/studio/7.0/toolchain/arm/arm-gnu-toolchain/bin/../lib/gcc/arm-none-eabi/4.9.3/../../../../arm-none-eabi/lib/cortex-m7\libc.a(lib_a-__atexit.o)
 .debug_frame   0x00003890       0x2c c:/program files (x86)/atmel/studio/7.0/toolchain/arm/arm-gnu-toolchain/bin/../lib/gcc/arm-none-eabi/4.9.3/../../../../arm-none-eabi/lib/cortex-m7\libc.a(lib_a-closer.o)
 .debug_frame   0x000038bc       0x44 c:/program files (x86)/atmel/studio/7.0/toolchain/arm/arm-gnu-toolchain/bin/../lib/gcc/arm-none-eabi/4.9.3/../../../../arm-none-eabi/lib/cortex-m7\libc.a(lib_a-fclose.o)
 .debug_frame   0x00003900       0x2c c:/program files (x86)/atmel/studio/7.0/toolchain/arm/arm-gnu-toolchain/bin/../lib/gcc/arm-none-eabi/4.9.3/../../../../arm-none-eabi/lib/cortex-m7\libc.a(lib_a-fstatr.o)
 .debug_frame   0x0000392c       0x2c c:/program files (x86)/atmel/studio/7.0/toolchain/arm/arm-gnu-toolchain/bin/../lib/gcc/arm-none-eabi/4.9.3/../../../../arm-none-eabi/lib/cortex-m7\libc.a(lib_a-isattyr.o)
 .debug_frame   0x00003958       0x2c c:/program files (x86)/atmel/studio/7.0/toolchain/arm/arm-gnu-toolchain/bin/../lib/gcc/arm-none-eabi/4.9.3/../../../../arm-none-eabi/lib/cortex-m7\libc.a(lib_a-lseekr.o)
 .debug_frame   0x00003984       0x2c c:/program files (x86)/atmel/studio/7.0/toolchain/arm/arm-gnu-toolchain/bin/../lib/gcc/arm-none-eabi/4.9.3/../../../../arm-none-eabi/lib/cortex-m7\libc.a(lib_a-readr.o)
 .debug_frame   0x000039b0       0x58 c:/program files (x86)/atmel/studio/7.0/toolchain/arm/arm-gnu-toolchain/bin/../lib/gcc/arm-none-eabi/4.9.3/../../../../arm-none-eabi/lib/cortex-m7\libc.a(lib_a-reent.o)

Cross Reference Table

Symbol                                            File
ACC_Handler                                       src/ASF/sam/utils/cmsis/same70/source/templates/gcc/startup_same70.o
AES_Handler                                       src/ASF/sam/utils/cmsis/same70/source/templates/gcc/startup_same70.o
AFEC0_Handler                                     src/ASF/sam/utils/cmsis/same70/source/templates/gcc/startup_same70.o
AFEC1_Handler                                     src/ASF/sam/utils/cmsis/same70/source/templates/gcc/startup_same70.o
BusFault_Handler                                  src/ASF/sam/utils/cmsis/same70/source/templates/gcc/startup_same70.o
CMD_CLEAN                                         src/usart_rs485_example_canopus.o
CMD_CLEANING                                      src/usart_rs485_example_canopus.o
CMD_CLEAR                                         src/usart_rs485_example_canopus.o
CMD_DIRTY                                         src/usart_rs485_example_canopus.o
CMD_ERROR                                         src/usart_rs485_example_canopus.o
CMD_READY                                         src/usart_rs485_example_canopus.o
CMD_SHELF1                                        src/usart_rs485_example_canopus.o
CMD_SHELF2                                        src/usart_rs485_example_canopus.o
CMD_SHELF3                                        src/usart_rs485_example_canopus.o
CMD_SHELF4                                        src/usart_rs485_example_canopus.o
DACC_Handler                                      src/ASF/sam/utils/cmsis/same70/source/templates/gcc/startup_same70.o
DebugMon_Handler                                  src/ASF/sam/utils/cmsis/same70/source/templates/gcc/startup_same70.o
Dummy_Handler                                     src/ASF/sam/utils/cmsis/same70/source/templates/gcc/startup_same70.o
EFC_Handler                                       src/ASF/sam/utils/cmsis/same70/source/templates/gcc/startup_same70.o
GMAC_Handler                                      src/ASF/sam/utils/cmsis/same70/source/templates/gcc/startup_same70.o
HSMCI_Handler                                     src/ASF/sam/utils/cmsis/same70/source/templates/gcc/startup_same70.o
HardFault_Handler                                 src/ASF/sam/utils/cmsis/same70/source/templates/gcc/startup_same70.o
ICM_Handler                                       src/ASF/sam/utils/cmsis/same70/source/templates/gcc/startup_same70.o
ISI_Handler                                       src/ASF/sam/utils/cmsis/same70/source/templates/gcc/startup_same70.o
MCAN0_Handler                                     src/ASF/sam/utils/cmsis/same70/source/templates/gcc/startup_same70.o
MCAN1_Handler                                     src/ASF/sam/utils/cmsis/same70/source/templates/gcc/startup_same70.o
MemManage_Handler                                 src/ASF/sam/utils/cmsis/same70/source/templates/gcc/startup_same70.o
NMI_Handler                                       src/ASF/sam/utils/cmsis/same70/source/templates/gcc/startup_same70.o
PIOA_Handler                                      src/ASF/sam/drivers/pio/pio_handler.o
PIOB_Handler                                      src/ASF/sam/drivers/pio/pio_handler.o
PIOC_Handler                                      src/ASF/sam/drivers/pio/pio_handler.o
PIOD_Handler                                      src/ASF/sam/drivers/pio/pio_handler.o
PIOE_Handler                                      src/ASF/sam/drivers/pio/pio_handler.o
PMC_Handler                                       src/ASF/sam/utils/cmsis/same70/source/templates/gcc/startup_same70.o
PWM0_Handler                                      src/ASF/sam/utils/cmsis/same70/source/templates/gcc/startup_same70.o
PWM1_Handler                                      src/ASF/sam/utils/cmsis/same70/source/templates/gcc/startup_same70.o
PendSV_Handler                                    src/ASF/sam/utils/cmsis/same70/source/templates/gcc/startup_same70.o
QSPI_Handler                                      src/ASF/sam/utils/cmsis/same70/source/templates/gcc/startup_same70.o
RSTC_Handler                                      src/ASF/sam/utils/cmsis/same70/source/templates/gcc/startup_same70.o
RSWDT_Handler                                     src/ASF/sam/utils/cmsis/same70/source/templates/gcc/startup_same70.o
RTC_Handler                                       src/ASF/sam/utils/cmsis/same70/source/templates/gcc/startup_same70.o
RTT_Handler                                       src/ASF/sam/utils/cmsis/same70/source/templates/gcc/startup_same70.o
Reset_Handler                                     src/ASF/sam/utils/cmsis/same70/source/templates/gcc/startup_same70.o
SDRAMC_Handler                                    src/ASF/sam/utils/cmsis/same70/source/templates/gcc/startup_same70.o
SPI0_Handler                                      src/ASF/sam/utils/cmsis/same70/source/templates/gcc/startup_same70.o
SPI1_Handler                                      src/ASF/sam/utils/cmsis/same70/source/templates/gcc/startup_same70.o
SSC_Handler                                       src/ASF/sam/utils/cmsis/same70/source/templates/gcc/startup_same70.o
SUPC_Handler                                      src/ASF/sam/utils/cmsis/same70/source/templates/gcc/startup_same70.o
SVC_Handler                                       src/ASF/sam/utils/cmsis/same70/source/templates/gcc/startup_same70.o
SysTick_Handler                                   src/usart_rs485_example_canopus.o
                                                  src/ASF/sam/utils/cmsis/same70/source/templates/gcc/startup_same70.o
SystemCoreClock                                   src/ASF/sam/utils/cmsis/same70/source/templates/system_same70.o
SystemCoreClockUpdate                             src/ASF/sam/utils/cmsis/same70/source/templates/system_same70.o
                                                  src/ASF/common/services/clock/same70/sysclk.o
SystemInit                                        src/ASF/sam/utils/cmsis/same70/source/templates/system_same70.o
TC0_Handler                                       src/ASF/sam/utils/cmsis/same70/source/templates/gcc/startup_same70.o
TC10_Handler                                      src/ASF/sam/utils/cmsis/same70/source/templates/gcc/startup_same70.o
TC11_Handler                                      src/ASF/sam/utils/cmsis/same70/source/templates/gcc/startup_same70.o
TC1_Handler                                       src/ASF/sam/utils/cmsis/same70/source/templates/gcc/startup_same70.o
TC2_Handler                                       src/ASF/sam/utils/cmsis/same70/source/templates/gcc/startup_same70.o
TC3_Handler                                       src/ASF/sam/utils/cmsis/same70/source/templates/gcc/startup_same70.o
TC4_Handler                                       src/ASF/sam/utils/cmsis/same70/source/templates/gcc/startup_same70.o
TC5_Handler                                       src/ASF/sam/utils/cmsis/same70/source/templates/gcc/startup_same70.o
TC6_Handler                                       src/ASF/sam/utils/cmsis/same70/source/templates/gcc/startup_same70.o
TC7_Handler                                       src/ASF/sam/utils/cmsis/same70/source/templates/gcc/startup_same70.o
TC8_Handler                                       src/ASF/sam/utils/cmsis/same70/source/templates/gcc/startup_same70.o
TC9_Handler                                       src/ASF/sam/utils/cmsis/same70/source/templates/gcc/startup_same70.o
TRNG_Handler                                      src/ASF/sam/utils/cmsis/same70/source/templates/gcc/startup_same70.o
TWIHS0_Handler                                    src/ASF/sam/utils/cmsis/same70/source/templates/gcc/startup_same70.o
TWIHS1_Handler                                    src/ASF/sam/utils/cmsis/same70/source/templates/gcc/startup_same70.o
TWIHS2_Handler                                    src/ASF/sam/utils/cmsis/same70/source/templates/gcc/startup_same70.o
UART0_Handler                                     src/ASF/sam/utils/cmsis/same70/source/templates/gcc/startup_same70.o
UART1_Handler                                     src/ASF/sam/utils/cmsis/same70/source/templates/gcc/startup_same70.o
UART2_Handler                                     src/ASF/sam/utils/cmsis/same70/source/templates/gcc/startup_same70.o
UART3_Handler                                     src/ASF/sam/utils/cmsis/same70/source/templates/gcc/startup_same70.o
UART4_Handler                                     src/ASF/sam/utils/cmsis/same70/source/templates/gcc/startup_same70.o
USART0_Handler                                    src/usart_rs485_example_canopus.o
                                                  src/ASF/sam/utils/cmsis/same70/source/templates/gcc/startup_same70.o
USART1_Handler                                    src/ASF/sam/utils/cmsis/same70/source/templates/gcc/startup_same70.o
USART2_Handler                                    src/ASF/sam/utils/cmsis/same70/source/templates/gcc/startup_same70.o
USBHS_Handler                                     src/ASF/sam/utils/cmsis/same70/source/templates/gcc/startup_same70.o
UsageFault_Handler                                src/ASF/sam/utils/cmsis/same70/source/templates/gcc/startup_same70.o
WDT_Handler                                       src/ASF/sam/utils/cmsis/same70/source/templates/gcc/startup_same70.o
XDMAC_Handler                                     src/ASF/sam/utils/cmsis/same70/source/templates/gcc/startup_same70.o
_Jv_RegisterClasses                               c:/program files (x86)/atmel/studio/7.0/toolchain/arm/arm-gnu-toolchain/bin/../lib/gcc/arm-none-eabi/4.9.3/cortex-m7/crtbegin.o
_PathLocale                                       c:/program files (x86)/atmel/studio/7.0/toolchain/arm/arm-gnu-toolchain/bin/../lib/gcc/arm-none-eabi/4.9.3/../../../../arm-none-eabi/lib/cortex-m7\libc.a(lib_a-locale.o)
__aeabi_idiv0                                     c:/program files (x86)/atmel/studio/7.0/toolchain/arm/arm-gnu-toolchain/bin/../lib/gcc/arm-none-eabi/4.9.3/cortex-m7\libgcc.a(_dvmd_tls.o)
__aeabi_ldiv0                                     c:/program files (x86)/atmel/studio/7.0/toolchain/arm/arm-gnu-toolchain/bin/../lib/gcc/arm-none-eabi/4.9.3/cortex-m7\libgcc.a(_dvmd_tls.o)
                                                  c:/program files (x86)/atmel/studio/7.0/toolchain/arm/arm-gnu-toolchain/bin/../lib/gcc/arm-none-eabi/4.9.3/cortex-m7\libgcc.a(_aeabi_uldivmod.o)
__aeabi_uldivmod                                  c:/program files (x86)/atmel/studio/7.0/toolchain/arm/arm-gnu-toolchain/bin/../lib/gcc/arm-none-eabi/4.9.3/cortex-m7\libgcc.a(_aeabi_uldivmod.o)